theUrl,http://localhost:8080/test/api/estado