theUrl: http://localhost:8080/test/api/estado
Status code: 200
INITIAL NUMBER OF ROWS: 108



CREATE TEST
http://localhost:8080/test/api/estado
{"nombre":"Nombre 1","descripcion":"Descripcion 1"}
Response,True,201
True
http://localhost:8080/test/api/estado
{"nombre":"Nombre 2","descripcion":"Descripcion 2"}
Response,True,201
True
http://localhost:8080/test/api/estado
{"nombre":"Nombre 3","descripcion":"Descripcion 3"}
Response,True,201
True
http://localhost:8080/test/api/estado
{"nombre":"Nombre 4","descripcion":"Descripcion 4"}
Response,True,201
True
http://localhost:8080/test/api/estado
{"nombre":"Nombre 5","descripcion":"Descripcion 5"}
Response,True,201
True
http://localhost:8080/test/api/estado
{"nombre":"Nombre 6","descripcion":"Descripcion 6"}
Response,True,201
True
http://localhost:8080/test/api/estado
{"nombre":"Nombre 7","descripcion":"Descripcion 7"}
Response,True,201
True
http://localhost:8080/test/api/estado
{"nombre":"Nombre 8","descripcion":"Descripcion 8"}
Response,True,201
True
http://localhost:8080/test/api/estado
{"nombre":"Nombre 9","descripcion":"Descripcion 9"}
Response,True,201
True
http://localhost:8080/test/api/estado
{"nombre":"Nombre 10","descripcion":"Descripcion 10"}
Response,True,201
True
Status code: 200


INITIAL NUMBER OF ROWS: 108
CREATE NUMBER OF ROWS AFTER CREATE: 118
create_test: 1



READ TEST
Status code: 200


number_of_rows: 118
[
{'id': 1, 'nombre': 'Nombre 1', 'descripcion': 'Descripcion 1'},
 {'id': 2, 'nombre': 'Nombre 2', 'descripcion': 'Descripcion 2'},
 {'id': 3, 'nombre': 'Nombre 3', 'descripcion': 'Descripcion 3'},
 {'id': 4, 'nombre': 'Nombre 4', 'descripcion': 'Descripcion 4'},
 {'id': 5, 'nombre': 'Nombre 5', 'descripcion': 'Descripcion 5'},
 {'id': 6, 'nombre': 'Nombre 6', 'descripcion': 'Descripcion 6'},
 {'id': 7, 'nombre': 'Nombre 7', 'descripcion': 'Descripcion 7'},
 {'id': 8, 'nombre': 'Nombre 8', 'descripcion': 'Descripcion 8'},
 {'id': 9, 'nombre': 'Nombre 9', 'descripcion': 'Descripcion 9'},
 {'id': 11, 'nombre': 'Nombre 1', 'descripcion': 'Descripcion 1'},
 {'id': 12, 'nombre': 'Nombre 2', 'descripcion': 'Descripcion 2'},
 {'id': 13, 'nombre': 'Nombre 3', 'descripcion': 'Descripcion 3'},
 {'id': 14, 'nombre': 'Nombre 4', 'descripcion': 'Descripcion 4'},
 {'id': 15, 'nombre': 'Nombre 5', 'descripcion': 'Descripcion 5'},
 {'id': 16, 'nombre': 'Nombre 6', 'descripcion': 'Descripcion 6'},
 {'id': 17, 'nombre': 'Nombre 7', 'descripcion': 'Descripcion 7'},
 {'id': 18, 'nombre': 'Nombre 8', 'descripcion': 'Descripcion 8'},
 {'id': 19, 'nombre': 'Nombre 9', 'descripcion': 'Descripcion 9'},
 {'id': 121, 'nombre': 'Nombre 1', 'descripcion': 'Descripcion 1'},
 {'id': 21, 'nombre': 'Nombre 1', 'descripcion': 'Descripcion 1'},
 {'id': 22, 'nombre': 'Nombre 2', 'descripcion': 'Descripcion 2'},
 {'id': 23, 'nombre': 'Nombre 3', 'descripcion': 'Descripcion 3'},
 {'id': 24, 'nombre': 'Nombre 4', 'descripcion': 'Descripcion 4'},
 {'id': 25, 'nombre': 'Nombre 5', 'descripcion': 'Descripcion 5'},
 {'id': 26, 'nombre': 'Nombre 6', 'descripcion': 'Descripcion 6'},
 {'id': 27, 'nombre': 'Nombre 7', 'descripcion': 'Descripcion 7'},
 {'id': 28, 'nombre': 'Nombre 8', 'descripcion': 'Descripcion 8'},
 {'id': 29, 'nombre': 'Nombre 9', 'descripcion': 'Descripcion 9'},
 {'id': 122, 'nombre': 'Nombre 2', 'descripcion': 'Descripcion 2'},
 {'id': 31, 'nombre': 'Nombre 1', 'descripcion': 'Descripcion 1'},
 {'id': 32, 'nombre': 'Nombre 2', 'descripcion': 'Descripcion 2'},
 {'id': 33, 'nombre': 'Nombre 3', 'descripcion': 'Descripcion 3'},
 {'id': 34, 'nombre': 'Nombre 4', 'descripcion': 'Descripcion 4'},
 {'id': 35, 'nombre': 'Nombre 5', 'descripcion': 'Descripcion 5'},
 {'id': 36, 'nombre': 'Nombre 6', 'descripcion': 'Descripcion 6'},
 {'id': 37, 'nombre': 'Nombre 7', 'descripcion': 'Descripcion 7'},
 {'id': 38, 'nombre': 'Nombre 8', 'descripcion': 'Descripcion 8'},
 {'id': 39, 'nombre': 'Nombre 9', 'descripcion': 'Descripcion 9'},
 {'id': 123, 'nombre': 'Nombre 3', 'descripcion': 'Descripcion 3'},
 {'id': 41, 'nombre': 'Nombre 1', 'descripcion': 'Descripcion 1'},
 {'id': 42, 'nombre': 'Nombre 2', 'descripcion': 'Descripcion 2'},
 {'id': 43, 'nombre': 'Nombre 3', 'descripcion': 'Descripcion 3'},
 {'id': 44, 'nombre': 'Nombre 4', 'descripcion': 'Descripcion 4'},
 {'id': 45, 'nombre': 'Nombre 5', 'descripcion': 'Descripcion 5'},
 {'id': 46, 'nombre': 'Nombre 6', 'descripcion': 'Descripcion 6'},
 {'id': 47, 'nombre': 'Nombre 7', 'descripcion': 'Descripcion 7'},
 {'id': 48, 'nombre': 'Nombre 8', 'descripcion': 'Descripcion 8'},
 {'id': 49, 'nombre': 'Nombre 9', 'descripcion': 'Descripcion 9'},
 {'id': 124, 'nombre': 'Nombre 4', 'descripcion': 'Descripcion 4'},
 {'id': 51, 'nombre': 'Nombre 1', 'descripcion': 'Descripcion 1'},
 {'id': 52, 'nombre': 'Nombre 2', 'descripcion': 'Descripcion 2'},
 {'id': 53, 'nombre': 'Nombre 3', 'descripcion': 'Descripcion 3'},
 {'id': 54, 'nombre': 'Nombre 4', 'descripcion': 'Descripcion 4'},
 {'id': 55, 'nombre': 'Nombre 5', 'descripcion': 'Descripcion 5'},
 {'id': 56, 'nombre': 'Nombre 6', 'descripcion': 'Descripcion 6'},
 {'id': 57, 'nombre': 'Nombre 7', 'descripcion': 'Descripcion 7'},
 {'id': 58, 'nombre': 'Nombre 8', 'descripcion': 'Descripcion 8'},
 {'id': 59, 'nombre': 'Nombre 9', 'descripcion': 'Descripcion 9'},
 {'id': 125, 'nombre': 'Nombre 5', 'descripcion': 'Descripcion 5'},
 {'id': 61, 'nombre': 'Nombre 1', 'descripcion': 'Descripcion 1'},
 {'id': 62, 'nombre': 'Nombre 2', 'descripcion': 'Descripcion 2'},
 {'id': 63, 'nombre': 'Nombre 3', 'descripcion': 'Descripcion 3'},
 {'id': 64, 'nombre': 'Nombre 4', 'descripcion': 'Descripcion 4'},
 {'id': 65, 'nombre': 'Nombre 5', 'descripcion': 'Descripcion 5'},
 {'id': 66, 'nombre': 'Nombre 6', 'descripcion': 'Descripcion 6'},
 {'id': 67, 'nombre': 'Nombre 7', 'descripcion': 'Descripcion 7'},
 {'id': 68, 'nombre': 'Nombre 8', 'descripcion': 'Descripcion 8'},
 {'id': 69, 'nombre': 'Nombre 9', 'descripcion': 'Descripcion 9'},
 {'id': 126, 'nombre': 'Nombre 6', 'descripcion': 'Descripcion 6'},
 {'id': 71, 'nombre': 'Nombre 1', 'descripcion': 'Descripcion 1'},
 {'id': 72, 'nombre': 'Nombre 2', 'descripcion': 'Descripcion 2'},
 {'id': 73, 'nombre': 'Nombre 3', 'descripcion': 'Descripcion 3'},
 {'id': 74, 'nombre': 'Nombre 4', 'descripcion': 'Descripcion 4'},
 {'id': 75, 'nombre': 'Nombre 5', 'descripcion': 'Descripcion 5'},
 {'id': 76, 'nombre': 'Nombre 6', 'descripcion': 'Descripcion 6'},
 {'id': 77, 'nombre': 'Nombre 7', 'descripcion': 'Descripcion 7'},
 {'id': 78, 'nombre': 'Nombre 8', 'descripcion': 'Descripcion 8'},
 {'id': 79, 'nombre': 'Nombre 9', 'descripcion': 'Descripcion 9'},
 {'id': 127, 'nombre': 'Nombre 7', 'descripcion': 'Descripcion 7'},
 {'id': 81, 'nombre': 'Nombre 1', 'descripcion': 'Descripcion 1'},
 {'id': 82, 'nombre': 'Nombre 2', 'descripcion': 'Descripcion 2'},
 {'id': 83, 'nombre': 'Nombre 3', 'descripcion': 'Descripcion 3'},
 {'id': 84, 'nombre': 'Nombre 4', 'descripcion': 'Descripcion 4'},
 {'id': 85, 'nombre': 'Nombre 5', 'descripcion': 'Descripcion 5'},
 {'id': 86, 'nombre': 'Nombre 6', 'descripcion': 'Descripcion 6'},
 {'id': 87, 'nombre': 'Nombre 7', 'descripcion': 'Descripcion 7'},
 {'id': 88, 'nombre': 'Nombre 8', 'descripcion': 'Descripcion 8'},
 {'id': 89, 'nombre': 'Nombre 9', 'descripcion': 'Descripcion 9'},
 {'id': 128, 'nombre': 'Nombre 8', 'descripcion': 'Descripcion 8'},
 {'id': 91, 'nombre': 'Nombre 1', 'descripcion': 'Descripcion 1'},
 {'id': 92, 'nombre': 'Nombre 2', 'descripcion': 'Descripcion 2'},
 {'id': 93, 'nombre': 'Nombre 3', 'descripcion': 'Descripcion 3'},
 {'id': 94, 'nombre': 'Nombre 4', 'descripcion': 'Descripcion 4'},
 {'id': 95, 'nombre': 'Nombre 5', 'descripcion': 'Descripcion 5'},
 {'id': 96, 'nombre': 'Nombre 6', 'descripcion': 'Descripcion 6'},
 {'id': 97, 'nombre': 'Nombre 7', 'descripcion': 'Descripcion 7'},
 {'id': 98, 'nombre': 'Nombre 8', 'descripcion': 'Descripcion 8'},
 {'id': 99, 'nombre': 'Nombre 9', 'descripcion': 'Descripcion 9'},
 {'id': 129, 'nombre': 'Nombre 9', 'descripcion': 'Descripcion 9'},
 {'id': 101, 'nombre': 'Nombre 1', 'descripcion': 'Descripcion 1'},
 {'id': 102, 'nombre': 'Nombre 2', 'descripcion': 'Descripcion 2'},
 {'id': 103, 'nombre': 'Nombre 3', 'descripcion': 'Descripcion 3'},
 {'id': 104, 'nombre': 'Nombre 4', 'descripcion': 'Descripcion 4'},
 {'id': 105, 'nombre': 'Nombre 5', 'descripcion': 'Descripcion 5'},
 {'id': 106, 'nombre': 'Nombre 6', 'descripcion': 'Descripcion 6'},
 {'id': 107, 'nombre': 'Nombre 7', 'descripcion': 'Descripcion 7'},
 {'id': 108, 'nombre': 'Nombre 8', 'descripcion': 'Descripcion 8'},
 {'id': 109, 'nombre': 'Nombre 9', 'descripcion': 'Descripcion 9'},
 {'id': 130, 'nombre': 'Nombre 10', 'descripcion': 'Descripcion 10'},
 {'id': 111, 'nombre': 'Nombre 1', 'descripcion': 'Descripcion 1'},
 {'id': 112, 'nombre': 'Nombre 2', 'descripcion': 'Descripcion 2'},
 {'id': 113, 'nombre': 'Nombre 3', 'descripcion': 'Descripcion 3'},
 {'id': 114, 'nombre': 'Nombre 4', 'descripcion': 'Descripcion 4'},
 {'id': 115, 'nombre': 'Nombre 5', 'descripcion': 'Descripcion 5'},
 {'id': 116, 'nombre': 'Nombre 6', 'descripcion': 'Descripcion 6'},
 {'id': 117, 'nombre': 'Nombre 7', 'descripcion': 'Descripcion 7'},
 {'id': 118, 'nombre': 'Nombre 8', 'descripcion': 'Descripcion 8'},
 {'id': 119, 'nombre': 'Nombre 9', 'descripcion': 'Descripcion 9'}]

last_row _id: 119
read_test: 1



UPDATE TEST
http://localhost:8080/test/api/estado/119
Response,True,201
Status code: 200


updata original_row: {'id': 119, 'nombre': 'Nombre 9', 'descripcion': 'Descripcion 9'}
updata last_row: {'id': 119, 'nombre': 'Nombre 0', 'descripcion': 'Descripcion 0'}
update_test: 1



DELETE TEST
Status code: 200
number_of_rows: 118
Response,True,201
Status code: 200
number_of_rows_after_delete: 117
delete_test: 1
------------------------------



theUrl: http://localhost:8080/test/api/pais
Status code: 200
INITIAL NUMBER OF ROWS: 108



CREATE TEST
http://localhost:8080/test/api/pais
{"nombre":"Nombre 1","codigo":6,"acronimo":"Acr"}
Response,True,201
True
http://localhost:8080/test/api/pais
{"nombre":"Nombre 2","codigo":7,"acronimo":"Acr"}
Response,True,201
True
http://localhost:8080/test/api/pais
{"nombre":"Nombre 3","codigo":1,"acronimo":"Acr"}
Response,True,201
True
http://localhost:8080/test/api/pais
{"nombre":"Nombre 4","codigo":3,"acronimo":"Acr"}
Response,True,201
True
http://localhost:8080/test/api/pais
{"nombre":"Nombre 5","codigo":1,"acronimo":"Acr"}
Response,True,201
True
http://localhost:8080/test/api/pais
{"nombre":"Nombre 6","codigo":7,"acronimo":"Acr"}
Response,True,201
True
http://localhost:8080/test/api/pais
{"nombre":"Nombre 7","codigo":1,"acronimo":"Acr"}
Response,True,201
True
http://localhost:8080/test/api/pais
{"nombre":"Nombre 8","codigo":4,"acronimo":"Acr"}
Response,True,201
True
http://localhost:8080/test/api/pais
{"nombre":"Nombre 9","codigo":3,"acronimo":"Acr"}
Response,True,201
True
http://localhost:8080/test/api/pais
{"nombre":"Nombre 10","codigo":7,"acronimo":"Acr"}
Response,True,201
True
Status code: 200


INITIAL NUMBER OF ROWS: 108
CREATE NUMBER OF ROWS AFTER CREATE: 118
create_test: 1



READ TEST
Status code: 200


number_of_rows: 118
[
{'id': 1, 'nombre': 'Nombre 1', 'codigo': 10, 'acronimo': 'Acr'},
 {'id': 2, 'nombre': 'Nombre 2', 'codigo': 4, 'acronimo': 'Acr'},
 {'id': 3, 'nombre': 'Nombre 3', 'codigo': 5, 'acronimo': 'Acr'},
 {'id': 4, 'nombre': 'Nombre 4', 'codigo': 5, 'acronimo': 'Acr'},
 {'id': 5, 'nombre': 'Nombre 5', 'codigo': 7, 'acronimo': 'Acr'},
 {'id': 6, 'nombre': 'Nombre 6', 'codigo': 8, 'acronimo': 'Acr'},
 {'id': 7, 'nombre': 'Nombre 7', 'codigo': 6, 'acronimo': 'Acr'},
 {'id': 8, 'nombre': 'Nombre 8', 'codigo': 9, 'acronimo': 'Acr'},
 {'id': 9, 'nombre': 'Nombre 9', 'codigo': 10, 'acronimo': 'Acr'},
 {'id': 11, 'nombre': 'Nombre 1', 'codigo': 9, 'acronimo': 'Acr'},
 {'id': 12, 'nombre': 'Nombre 2', 'codigo': 7, 'acronimo': 'Acr'},
 {'id': 13, 'nombre': 'Nombre 3', 'codigo': 3, 'acronimo': 'Acr'},
 {'id': 14, 'nombre': 'Nombre 4', 'codigo': 9, 'acronimo': 'Acr'},
 {'id': 15, 'nombre': 'Nombre 5', 'codigo': 8, 'acronimo': 'Acr'},
 {'id': 16, 'nombre': 'Nombre 6', 'codigo': 8, 'acronimo': 'Acr'},
 {'id': 17, 'nombre': 'Nombre 7', 'codigo': 6, 'acronimo': 'Acr'},
 {'id': 18, 'nombre': 'Nombre 8', 'codigo': 4, 'acronimo': 'Acr'},
 {'id': 19, 'nombre': 'Nombre 9', 'codigo': 2, 'acronimo': 'Acr'},
 {'id': 21, 'nombre': 'Nombre 1', 'codigo': 9, 'acronimo': 'Acr'},
 {'id': 22, 'nombre': 'Nombre 2', 'codigo': 7, 'acronimo': 'Acr'},
 {'id': 23, 'nombre': 'Nombre 3', 'codigo': 9, 'acronimo': 'Acr'},
 {'id': 24, 'nombre': 'Nombre 4', 'codigo': 1, 'acronimo': 'Acr'},
 {'id': 25, 'nombre': 'Nombre 5', 'codigo': 9, 'acronimo': 'Acr'},
 {'id': 26, 'nombre': 'Nombre 6', 'codigo': 8, 'acronimo': 'Acr'},
 {'id': 27, 'nombre': 'Nombre 7', 'codigo': 10, 'acronimo': 'Acr'},
 {'id': 28, 'nombre': 'Nombre 8', 'codigo': 9, 'acronimo': 'Acr'},
 {'id': 29, 'nombre': 'Nombre 9', 'codigo': 4, 'acronimo': 'Acr'},
 {'id': 31, 'nombre': 'Nombre 1', 'codigo': 7, 'acronimo': 'Acr'},
 {'id': 32, 'nombre': 'Nombre 2', 'codigo': 2, 'acronimo': 'Acr'},
 {'id': 33, 'nombre': 'Nombre 3', 'codigo': 4, 'acronimo': 'Acr'},
 {'id': 34, 'nombre': 'Nombre 4', 'codigo': 8, 'acronimo': 'Acr'},
 {'id': 35, 'nombre': 'Nombre 5', 'codigo': 8, 'acronimo': 'Acr'},
 {'id': 36, 'nombre': 'Nombre 6', 'codigo': 1, 'acronimo': 'Acr'},
 {'id': 37, 'nombre': 'Nombre 7', 'codigo': 5, 'acronimo': 'Acr'},
 {'id': 38, 'nombre': 'Nombre 8', 'codigo': 9, 'acronimo': 'Acr'},
 {'id': 39, 'nombre': 'Nombre 9', 'codigo': 6, 'acronimo': 'Acr'},
 {'id': 41, 'nombre': 'Nombre 1', 'codigo': 7, 'acronimo': 'Acr'},
 {'id': 42, 'nombre': 'Nombre 2', 'codigo': 6, 'acronimo': 'Acr'},
 {'id': 43, 'nombre': 'Nombre 3', 'codigo': 7, 'acronimo': 'Acr'},
 {'id': 44, 'nombre': 'Nombre 4', 'codigo': 7, 'acronimo': 'Acr'},
 {'id': 45, 'nombre': 'Nombre 5', 'codigo': 1, 'acronimo': 'Acr'},
 {'id': 46, 'nombre': 'Nombre 6', 'codigo': 1, 'acronimo': 'Acr'},
 {'id': 47, 'nombre': 'Nombre 7', 'codigo': 8, 'acronimo': 'Acr'},
 {'id': 48, 'nombre': 'Nombre 8', 'codigo': 5, 'acronimo': 'Acr'},
 {'id': 49, 'nombre': 'Nombre 9', 'codigo': 7, 'acronimo': 'Acr'},
 {'id': 51, 'nombre': 'Nombre 1', 'codigo': 3, 'acronimo': 'Acr'},
 {'id': 52, 'nombre': 'Nombre 2', 'codigo': 8, 'acronimo': 'Acr'},
 {'id': 53, 'nombre': 'Nombre 3', 'codigo': 7, 'acronimo': 'Acr'},
 {'id': 54, 'nombre': 'Nombre 4', 'codigo': 7, 'acronimo': 'Acr'},
 {'id': 55, 'nombre': 'Nombre 5', 'codigo': 8, 'acronimo': 'Acr'},
 {'id': 56, 'nombre': 'Nombre 6', 'codigo': 4, 'acronimo': 'Acr'},
 {'id': 57, 'nombre': 'Nombre 7', 'codigo': 10, 'acronimo': 'Acr'},
 {'id': 58, 'nombre': 'Nombre 8', 'codigo': 4, 'acronimo': 'Acr'},
 {'id': 59, 'nombre': 'Nombre 9', 'codigo': 1, 'acronimo': 'Acr'},
 {'id': 61, 'nombre': 'Nombre 1', 'codigo': 7, 'acronimo': 'Acr'},
 {'id': 62, 'nombre': 'Nombre 2', 'codigo': 6, 'acronimo': 'Acr'},
 {'id': 63, 'nombre': 'Nombre 3', 'codigo': 9, 'acronimo': 'Acr'},
 {'id': 64, 'nombre': 'Nombre 4', 'codigo': 10, 'acronimo': 'Acr'},
 {'id': 65, 'nombre': 'Nombre 5', 'codigo': 8, 'acronimo': 'Acr'},
 {'id': 66, 'nombre': 'Nombre 6', 'codigo': 7, 'acronimo': 'Acr'},
 {'id': 67, 'nombre': 'Nombre 7', 'codigo': 4, 'acronimo': 'Acr'},
 {'id': 68, 'nombre': 'Nombre 8', 'codigo': 5, 'acronimo': 'Acr'},
 {'id': 69, 'nombre': 'Nombre 9', 'codigo': 9, 'acronimo': 'Acr'},
 {'id': 71, 'nombre': 'Nombre 1', 'codigo': 1, 'acronimo': 'Acr'},
 {'id': 72, 'nombre': 'Nombre 2', 'codigo': 6, 'acronimo': 'Acr'},
 {'id': 73, 'nombre': 'Nombre 3', 'codigo': 10, 'acronimo': 'Acr'},
 {'id': 74, 'nombre': 'Nombre 4', 'codigo': 2, 'acronimo': 'Acr'},
 {'id': 75, 'nombre': 'Nombre 5', 'codigo': 1, 'acronimo': 'Acr'},
 {'id': 76, 'nombre': 'Nombre 6', 'codigo': 6, 'acronimo': 'Acr'},
 {'id': 77, 'nombre': 'Nombre 7', 'codigo': 6, 'acronimo': 'Acr'},
 {'id': 78, 'nombre': 'Nombre 8', 'codigo': 8, 'acronimo': 'Acr'},
 {'id': 79, 'nombre': 'Nombre 9', 'codigo': 3, 'acronimo': 'Acr'},
 {'id': 81, 'nombre': 'Nombre 1', 'codigo': 2, 'acronimo': 'Acr'},
 {'id': 82, 'nombre': 'Nombre 2', 'codigo': 4, 'acronimo': 'Acr'},
 {'id': 83, 'nombre': 'Nombre 3', 'codigo': 6, 'acronimo': 'Acr'},
 {'id': 84, 'nombre': 'Nombre 4', 'codigo': 9, 'acronimo': 'Acr'},
 {'id': 85, 'nombre': 'Nombre 5', 'codigo': 1, 'acronimo': 'Acr'},
 {'id': 86, 'nombre': 'Nombre 6', 'codigo': 7, 'acronimo': 'Acr'},
 {'id': 87, 'nombre': 'Nombre 7', 'codigo': 4, 'acronimo': 'Acr'},
 {'id': 88, 'nombre': 'Nombre 8', 'codigo': 3, 'acronimo': 'Acr'},
 {'id': 89, 'nombre': 'Nombre 9', 'codigo': 2, 'acronimo': 'Acr'},
 {'id': 91, 'nombre': 'Nombre 1', 'codigo': 2, 'acronimo': 'Acr'},
 {'id': 92, 'nombre': 'Nombre 2', 'codigo': 6, 'acronimo': 'Acr'},
 {'id': 93, 'nombre': 'Nombre 3', 'codigo': 4, 'acronimo': 'Acr'},
 {'id': 94, 'nombre': 'Nombre 4', 'codigo': 1, 'acronimo': 'Acr'},
 {'id': 95, 'nombre': 'Nombre 5', 'codigo': 7, 'acronimo': 'Acr'},
 {'id': 96, 'nombre': 'Nombre 6', 'codigo': 8, 'acronimo': 'Acr'},
 {'id': 97, 'nombre': 'Nombre 7', 'codigo': 6, 'acronimo': 'Acr'},
 {'id': 98, 'nombre': 'Nombre 8', 'codigo': 4, 'acronimo': 'Acr'},
 {'id': 99, 'nombre': 'Nombre 9', 'codigo': 9, 'acronimo': 'Acr'},
 {'id': 101, 'nombre': 'Nombre 1', 'codigo': 7, 'acronimo': 'Acr'},
 {'id': 102, 'nombre': 'Nombre 2', 'codigo': 10, 'acronimo': 'Acr'},
 {'id': 103, 'nombre': 'Nombre 3', 'codigo': 5, 'acronimo': 'Acr'},
 {'id': 104, 'nombre': 'Nombre 4', 'codigo': 3, 'acronimo': 'Acr'},
 {'id': 105, 'nombre': 'Nombre 5', 'codigo': 9, 'acronimo': 'Acr'},
 {'id': 106, 'nombre': 'Nombre 6', 'codigo': 10, 'acronimo': 'Acr'},
 {'id': 107, 'nombre': 'Nombre 7', 'codigo': 3, 'acronimo': 'Acr'},
 {'id': 108, 'nombre': 'Nombre 8', 'codigo': 3, 'acronimo': 'Acr'},
 {'id': 109, 'nombre': 'Nombre 9', 'codigo': 5, 'acronimo': 'Acr'},
 {'id': 111, 'nombre': 'Nombre 1', 'codigo': 4, 'acronimo': 'Acr'},
 {'id': 112, 'nombre': 'Nombre 2', 'codigo': 2, 'acronimo': 'Acr'},
 {'id': 113, 'nombre': 'Nombre 3', 'codigo': 9, 'acronimo': 'Acr'},
 {'id': 114, 'nombre': 'Nombre 4', 'codigo': 4, 'acronimo': 'Acr'},
 {'id': 115, 'nombre': 'Nombre 5', 'codigo': 8, 'acronimo': 'Acr'},
 {'id': 116, 'nombre': 'Nombre 6', 'codigo': 4, 'acronimo': 'Acr'},
 {'id': 117, 'nombre': 'Nombre 7', 'codigo': 5, 'acronimo': 'Acr'},
 {'id': 118, 'nombre': 'Nombre 8', 'codigo': 4, 'acronimo': 'Acr'},
 {'id': 119, 'nombre': 'Nombre 9', 'codigo': 10, 'acronimo': 'Acr'},
 {'id': 121, 'nombre': 'Nombre 1', 'codigo': 6, 'acronimo': 'Acr'},
 {'id': 122, 'nombre': 'Nombre 2', 'codigo': 7, 'acronimo': 'Acr'},
 {'id': 123, 'nombre': 'Nombre 3', 'codigo': 1, 'acronimo': 'Acr'},
 {'id': 124, 'nombre': 'Nombre 4', 'codigo': 3, 'acronimo': 'Acr'},
 {'id': 125, 'nombre': 'Nombre 5', 'codigo': 1, 'acronimo': 'Acr'},
 {'id': 126, 'nombre': 'Nombre 6', 'codigo': 7, 'acronimo': 'Acr'},
 {'id': 127, 'nombre': 'Nombre 7', 'codigo': 1, 'acronimo': 'Acr'},
 {'id': 128, 'nombre': 'Nombre 8', 'codigo': 4, 'acronimo': 'Acr'},
 {'id': 129, 'nombre': 'Nombre 9', 'codigo': 3, 'acronimo': 'Acr'},
 {'id': 130, 'nombre': 'Nombre 10', 'codigo': 7, 'acronimo': 'Acr'}]

last_row _id: 130
read_test: 1



UPDATE TEST
http://localhost:8080/test/api/pais/130
Response,True,201
Status code: 200


updata original_row: {'id': 130, 'nombre': 'Nombre 10', 'codigo': 7, 'acronimo': 'Acr'}
updata last_row: {'id': 130, 'nombre': 'Nombre 0', 'codigo': 3, 'acronimo': 'Acr'}
update_test: 1



DELETE TEST
Status code: 200
number_of_rows: 118
Response,True,201
Status code: 200
number_of_rows_after_delete: 117
delete_test: 1
------------------------------



Status code: 200
theUrl: http://localhost:8080/test/api/departamento
Status code: 200
INITIAL NUMBER OF ROWS: 96



CREATE TEST
http://localhost:8080/test/api/departamento
{"nombre":"Nombre 1","pais":87,"codigo":1,"acronimo":"Acr"}
Response,True,201
True
http://localhost:8080/test/api/departamento
{"nombre":"Nombre 2","pais":5,"codigo":1,"acronimo":"Acr"}
Response,True,201
True
http://localhost:8080/test/api/departamento
{"nombre":"Nombre 3","pais":34,"codigo":6,"acronimo":"Acr"}
Response,True,201
True
http://localhost:8080/test/api/departamento
{"nombre":"Nombre 4","pais":125,"codigo":10,"acronimo":"Acr"}
Response,True,201
True
http://localhost:8080/test/api/departamento
{"nombre":"Nombre 5","pais":59,"codigo":10,"acronimo":"Acr"}
Response,True,201
True
http://localhost:8080/test/api/departamento
{"nombre":"Nombre 6","pais":81,"codigo":7,"acronimo":"Acr"}
Response,True,201
True
http://localhost:8080/test/api/departamento
{"nombre":"Nombre 7","pais":54,"codigo":2,"acronimo":"Acr"}
Response,True,201
True
http://localhost:8080/test/api/departamento
{"nombre":"Nombre 8","pais":69,"codigo":4,"acronimo":"Acr"}
Response,True,201
True
http://localhost:8080/test/api/departamento
{"nombre":"Nombre 9","pais":22,"codigo":2,"acronimo":"Acr"}
Response,True,201
True
http://localhost:8080/test/api/departamento
{"nombre":"Nombre 10","pais":1,"codigo":8,"acronimo":"Acr"}
Response,True,201
True
Status code: 200


INITIAL NUMBER OF ROWS: 96
CREATE NUMBER OF ROWS AFTER CREATE: 106
create_test: 1



READ TEST
Status code: 200


number_of_rows: 106
[
{'id': 1, 'nombre': 'Nombre 1', 'pais': 3, 'codigo': 4, 'acronimo': 'Acr'},
 {'id': 2, 'nombre': 'Nombre 2', 'pais': 5, 'codigo': 8, 'acronimo': 'Acr'},
 {'id': 3, 'nombre': 'Nombre 3', 'pais': 7, 'codigo': 2, 'acronimo': 'Acr'},
 {'id': 4, 'nombre': 'Nombre 4', 'pais': 7, 'codigo': 5, 'acronimo': 'Acr'},
 {'id': 5, 'nombre': 'Nombre 5', 'pais': 7, 'codigo': 7, 'acronimo': 'Acr'},
 {'id': 6, 'nombre': 'Nombre 6', 'pais': 7, 'codigo': 1, 'acronimo': 'Acr'},
 {'id': 7, 'nombre': 'Nombre 7', 'pais': 6, 'codigo': 7, 'acronimo': 'Acr'},
 {'id': 8, 'nombre': 'Nombre 8', 'pais': 9, 'codigo': 3, 'acronimo': 'Acr'},
 {'id': 9, 'nombre': 'Nombre 9', 'pais': 5, 'codigo': 9, 'acronimo': 'Acr'},
 {'id': 11, 'nombre': 'Nombre 1', 'pais': 6, 'codigo': 6, 'acronimo': 'Acr'},
 {'id': 12, 'nombre': 'Nombre 2', 'pais': 6, 'codigo': 10, 'acronimo': 'Acr'},
 {'id': 13, 'nombre': 'Nombre 3', 'pais': 8, 'codigo': 3, 'acronimo': 'Acr'},
 {'id': 14, 'nombre': 'Nombre 4', 'pais': 4, 'codigo': 3, 'acronimo': 'Acr'},
 {'id': 15, 'nombre': 'Nombre 5', 'pais': 8, 'codigo': 5, 'acronimo': 'Acr'},
 {'id': 16, 'nombre': 'Nombre 6', 'pais': 3, 'codigo': 9, 'acronimo': 'Acr'},
 {'id': 17, 'nombre': 'Nombre 7', 'pais': 1, 'codigo': 3, 'acronimo': 'Acr'},
 {'id': 18, 'nombre': 'Nombre 8', 'pais': 3, 'codigo': 2, 'acronimo': 'Acr'},
 {'id': 19, 'nombre': 'Nombre 9', 'pais': 4, 'codigo': 10, 'acronimo': 'Acr'},
 {'id': 121, 'nombre': 'Nombre 1', 'pais': 87, 'codigo': 1, 'acronimo': 'Acr'},
 {'id': 21, 'nombre': 'Nombre 1', 'pais': 7, 'codigo': 9, 'acronimo': 'Acr'},
 {'id': 22, 'nombre': 'Nombre 2', 'pais': 8, 'codigo': 8, 'acronimo': 'Acr'},
 {'id': 24, 'nombre': 'Nombre 4', 'pais': 5, 'codigo': 5, 'acronimo': 'Acr'},
 {'id': 25, 'nombre': 'Nombre 5', 'pais': 2, 'codigo': 9, 'acronimo': 'Acr'},
 {'id': 26, 'nombre': 'Nombre 6', 'pais': 4, 'codigo': 10, 'acronimo': 'Acr'},
 {'id': 27, 'nombre': 'Nombre 7', 'pais': 4, 'codigo': 1, 'acronimo': 'Acr'},
 {'id': 28, 'nombre': 'Nombre 8', 'pais': 1, 'codigo': 2, 'acronimo': 'Acr'},
 {'id': 29, 'nombre': 'Nombre 9', 'pais': 9, 'codigo': 1, 'acronimo': 'Acr'},
 {'id': 31, 'nombre': 'Nombre 1', 'pais': 3, 'codigo': 10, 'acronimo': 'Acr'},
 {'id': 32, 'nombre': 'Nombre 2', 'pais': 2, 'codigo': 7, 'acronimo': 'Acr'},
 {'id': 33, 'nombre': 'Nombre 3', 'pais': 9, 'codigo': 3, 'acronimo': 'Acr'},
 {'id': 35, 'nombre': 'Nombre 5', 'pais': 1, 'codigo': 6, 'acronimo': 'Acr'},
 {'id': 36, 'nombre': 'Nombre 6', 'pais': 6, 'codigo': 1, 'acronimo': 'Acr'},
 {'id': 37, 'nombre': 'Nombre 7', 'pais': 7, 'codigo': 6, 'acronimo': 'Acr'},
 {'id': 122, 'nombre': 'Nombre 2', 'pais': 5, 'codigo': 1, 'acronimo': 'Acr'},
 {'id': 42, 'nombre': 'Nombre 2', 'pais': 7, 'codigo': 4, 'acronimo': 'Acr'},
 {'id': 44, 'nombre': 'Nombre 4', 'pais': 2, 'codigo': 2, 'acronimo': 'Acr'},
 {'id': 45, 'nombre': 'Nombre 5', 'pais': 4, 'codigo': 9, 'acronimo': 'Acr'},
 {'id': 47, 'nombre': 'Nombre 7', 'pais': 4, 'codigo': 7, 'acronimo': 'Acr'},
 {'id': 48, 'nombre': 'Nombre 8', 'pais': 7, 'codigo': 10, 'acronimo': 'Acr'},
 {'id': 49, 'nombre': 'Nombre 9', 'pais': 5, 'codigo': 1, 'acronimo': 'Acr'},
 {'id': 123, 'nombre': 'Nombre 3', 'pais': 34, 'codigo': 6, 'acronimo': 'Acr'},
 {'id': 51, 'nombre': 'Nombre 1', 'pais': 1, 'codigo': 10, 'acronimo': 'Acr'},
 {'id': 52, 'nombre': 'Nombre 2', 'pais': 2, 'codigo': 6, 'acronimo': 'Acr'},
 {'id': 53, 'nombre': 'Nombre 3', 'pais': 9, 'codigo': 7, 'acronimo': 'Acr'},
 {'id': 54, 'nombre': 'Nombre 4', 'pais': 5, 'codigo': 3, 'acronimo': 'Acr'},
 {'id': 55, 'nombre': 'Nombre 5', 'pais': 9, 'codigo': 3, 'acronimo': 'Acr'},
 {'id': 56, 'nombre': 'Nombre 6', 'pais': 1, 'codigo': 2, 'acronimo': 'Acr'},
 {'id': 57, 'nombre': 'Nombre 7', 'pais': 1, 'codigo': 8, 'acronimo': 'Acr'},
 {'id': 58, 'nombre': 'Nombre 8', 'pais': 9, 'codigo': 9, 'acronimo': 'Acr'},
 {'id': 59, 'nombre': 'Nombre 9', 'pais': 2, 'codigo': 8, 'acronimo': 'Acr'},
 {'id': 124, 'nombre': 'Nombre 4', 'pais': 125, 'codigo': 10, 'acronimo': 'Acr'},
 {'id': 61, 'nombre': 'Nombre 1', 'pais': 9, 'codigo': 6, 'acronimo': 'Acr'},
 {'id': 62, 'nombre': 'Nombre 2', 'pais': 6, 'codigo': 7, 'acronimo': 'Acr'},
 {'id': 64, 'nombre': 'Nombre 4', 'pais': 9, 'codigo': 9, 'acronimo': 'Acr'},
 {'id': 65, 'nombre': 'Nombre 5', 'pais': 4, 'codigo': 9, 'acronimo': 'Acr'},
 {'id': 66, 'nombre': 'Nombre 6', 'pais': 5, 'codigo': 9, 'acronimo': 'Acr'},
 {'id': 67, 'nombre': 'Nombre 7', 'pais': 3, 'codigo': 7, 'acronimo': 'Acr'},
 {'id': 68, 'nombre': 'Nombre 8', 'pais': 3, 'codigo': 3, 'acronimo': 'Acr'},
 {'id': 125, 'nombre': 'Nombre 5', 'pais': 59, 'codigo': 10, 'acronimo': 'Acr'},
 {'id': 71, 'nombre': 'Nombre 1', 'pais': 8, 'codigo': 8, 'acronimo': 'Acr'},
 {'id': 72, 'nombre': 'Nombre 2', 'pais': 9, 'codigo': 9, 'acronimo': 'Acr'},
 {'id': 73, 'nombre': 'Nombre 3', 'pais': 9, 'codigo': 6, 'acronimo': 'Acr'},
 {'id': 75, 'nombre': 'Nombre 5', 'pais': 6, 'codigo': 1, 'acronimo': 'Acr'},
 {'id': 77, 'nombre': 'Nombre 7', 'pais': 8, 'codigo': 5, 'acronimo': 'Acr'},
 {'id': 78, 'nombre': 'Nombre 8', 'pais': 7, 'codigo': 9, 'acronimo': 'Acr'},
 {'id': 79, 'nombre': 'Nombre 9', 'pais': 8, 'codigo': 5, 'acronimo': 'Acr'},
 {'id': 126, 'nombre': 'Nombre 6', 'pais': 81, 'codigo': 7, 'acronimo': 'Acr'},
 {'id': 81, 'nombre': 'Nombre 1', 'pais': 9, 'codigo': 6, 'acronimo': 'Acr'},
 {'id': 82, 'nombre': 'Nombre 2', 'pais': 5, 'codigo': 1, 'acronimo': 'Acr'},
 {'id': 83, 'nombre': 'Nombre 3', 'pais': 5, 'codigo': 8, 'acronimo': 'Acr'},
 {'id': 84, 'nombre': 'Nombre 4', 'pais': 3, 'codigo': 3, 'acronimo': 'Acr'},
 {'id': 85, 'nombre': 'Nombre 5', 'pais': 5, 'codigo': 5, 'acronimo': 'Acr'},
 {'id': 86, 'nombre': 'Nombre 6', 'pais': 2, 'codigo': 3, 'acronimo': 'Acr'},
 {'id': 87, 'nombre': 'Nombre 7', 'pais': 5, 'codigo': 2, 'acronimo': 'Acr'},
 {'id': 88, 'nombre': 'Nombre 8', 'pais': 9, 'codigo': 6, 'acronimo': 'Acr'},
 {'id': 89, 'nombre': 'Nombre 9', 'pais': 6, 'codigo': 8, 'acronimo': 'Acr'},
 {'id': 127, 'nombre': 'Nombre 7', 'pais': 54, 'codigo': 2, 'acronimo': 'Acr'},
 {'id': 91, 'nombre': 'Nombre 1', 'pais': 8, 'codigo': 3, 'acronimo': 'Acr'},
 {'id': 92, 'nombre': 'Nombre 2', 'pais': 1, 'codigo': 3, 'acronimo': 'Acr'},
 {'id': 93, 'nombre': 'Nombre 3', 'pais': 1, 'codigo': 10, 'acronimo': 'Acr'},
 {'id': 95, 'nombre': 'Nombre 5', 'pais': 3, 'codigo': 2, 'acronimo': 'Acr'},
 {'id': 96, 'nombre': 'Nombre 6', 'pais': 9, 'codigo': 2, 'acronimo': 'Acr'},
 {'id': 97, 'nombre': 'Nombre 7', 'pais': 8, 'codigo': 10, 'acronimo': 'Acr'},
 {'id': 98, 'nombre': 'Nombre 8', 'pais': 1, 'codigo': 4, 'acronimo': 'Acr'},
 {'id': 99, 'nombre': 'Nombre 9', 'pais': 3, 'codigo': 2, 'acronimo': 'Acr'},
 {'id': 128, 'nombre': 'Nombre 8', 'pais': 69, 'codigo': 4, 'acronimo': 'Acr'},
 {'id': 101, 'nombre': 'Nombre 1', 'pais': 22, 'codigo': 10, 'acronimo': 'Acr'},
 {'id': 102, 'nombre': 'Nombre 2', 'pais': 36, 'codigo': 10, 'acronimo': 'Acr'},
 {'id': 103, 'nombre': 'Nombre 3', 'pais': 14, 'codigo': 7, 'acronimo': 'Acr'},
 {'id': 104, 'nombre': 'Nombre 4', 'pais': 61, 'codigo': 8, 'acronimo': 'Acr'},
 {'id': 105, 'nombre': 'Nombre 5', 'pais': 56, 'codigo': 8, 'acronimo': 'Acr'},
 {'id': 106, 'nombre': 'Nombre 6', 'pais': 42, 'codigo': 3, 'acronimo': 'Acr'},
 {'id': 107, 'nombre': 'Nombre 7', 'pais': 37, 'codigo': 8, 'acronimo': 'Acr'},
 {'id': 108, 'nombre': 'Nombre 8', 'pais': 24, 'codigo': 5, 'acronimo': 'Acr'},
 {'id': 109, 'nombre': 'Nombre 9', 'pais': 89, 'codigo': 1, 'acronimo': 'Acr'},
 {'id': 111, 'nombre': 'Nombre 1', 'pais': 35, 'codigo': 2, 'acronimo': 'Acr'},
 {'id': 112, 'nombre': 'Nombre 2', 'pais': 69, 'codigo': 6, 'acronimo': 'Acr'},
 {'id': 113, 'nombre': 'Nombre 3', 'pais': 105, 'codigo': 2, 'acronimo': 'Acr'},
 {'id': 114, 'nombre': 'Nombre 4', 'pais': 57, 'codigo': 3, 'acronimo': 'Acr'},
 {'id': 115, 'nombre': 'Nombre 5', 'pais': 38, 'codigo': 2, 'acronimo': 'Acr'},
 {'id': 116, 'nombre': 'Nombre 6', 'pais': 107, 'codigo': 3, 'acronimo': 'Acr'},
 {'id': 117, 'nombre': 'Nombre 7', 'pais': 72, 'codigo': 10, 'acronimo': 'Acr'},
 {'id': 118, 'nombre': 'Nombre 8', 'pais': 72, 'codigo': 2, 'acronimo': 'Acr'},
 {'id': 119, 'nombre': 'Nombre 9', 'pais': 79, 'codigo': 6, 'acronimo': 'Acr'},
 {'id': 129, 'nombre': 'Nombre 9', 'pais': 22, 'codigo': 2, 'acronimo': 'Acr'},
 {'id': 130, 'nombre': 'Nombre 10', 'pais': 1, 'codigo': 8, 'acronimo': 'Acr'}]

last_row _id: 130
read_test: 1



UPDATE TEST
http://localhost:8080/test/api/departamento/130
Response,True,201
Status code: 200


updata original_row: {'id': 130, 'nombre': 'Nombre 10', 'pais': 1, 'codigo': 8, 'acronimo': 'Acr'}
updata last_row: {'id': 130, 'nombre': 'Nombre 0', 'pais': 85, 'codigo': 7, 'acronimo': 'Acr'}
update_test: 1



DELETE TEST
Status code: 200
number_of_rows: 106
Response,True,201
Status code: 200
number_of_rows_after_delete: 105
delete_test: 1
------------------------------



Status code: 200
theUrl: http://localhost:8080/test/api/municipio
Status code: 200
INITIAL NUMBER OF ROWS: 96



CREATE TEST
http://localhost:8080/test/api/municipio
{"nombre":"Nombre 1","departamento":88,"codigo":"Codigo 1","acronimo":"Acr"}
Response,True,201
True
http://localhost:8080/test/api/municipio
{"nombre":"Nombre 2","departamento":16,"codigo":"Codigo 2","acronimo":"Acr"}
Response,True,201
True
http://localhost:8080/test/api/municipio
{"nombre":"Nombre 3","departamento":26,"codigo":"Codigo 3","acronimo":"Acr"}
Response,True,201
True
http://localhost:8080/test/api/municipio
{"nombre":"Nombre 4","departamento":47,"codigo":"Codigo 4","acronimo":"Acr"}
Response,True,201
True
http://localhost:8080/test/api/municipio
{"nombre":"Nombre 5","departamento":123,"codigo":"Codigo 5","acronimo":"Acr"}
Response,True,201
True
http://localhost:8080/test/api/municipio
{"nombre":"Nombre 6","departamento":107,"codigo":"Codigo 6","acronimo":"Acr"}
Response,True,201
True
http://localhost:8080/test/api/municipio
{"nombre":"Nombre 7","departamento":73,"codigo":"Codigo 7","acronimo":"Acr"}
Response,True,201
True
http://localhost:8080/test/api/municipio
{"nombre":"Nombre 8","departamento":81,"codigo":"Codigo 8","acronimo":"Acr"}
Response,True,201
True
http://localhost:8080/test/api/municipio
{"nombre":"Nombre 9","departamento":4,"codigo":"Codigo 9","acronimo":"Acr"}
Response,True,201
True
http://localhost:8080/test/api/municipio
{"nombre":"Nombre 10","departamento":95,"codigo":"Codigo 10","acronimo":"Acr"}
Response,True,201
True
Status code: 200


INITIAL NUMBER OF ROWS: 96
CREATE NUMBER OF ROWS AFTER CREATE: 106
create_test: 1



READ TEST
Status code: 200


number_of_rows: 106
[
{'id': 1, 'nombre': 'Nombre 1', 'departamento': 1, 'codigo': 'Codigo 1', 'acronimo': 'Acr'},
 {'id': 2, 'nombre': 'Nombre 2', 'departamento': 7, 'codigo': 'Codigo 2', 'acronimo': 'Acr'},
 {'id': 4, 'nombre': 'Nombre 4', 'departamento': 6, 'codigo': 'Codigo 4', 'acronimo': 'Acr'},
 {'id': 5, 'nombre': 'Nombre 5', 'departamento': 7, 'codigo': 'Codigo 5', 'acronimo': 'Acr'},
 {'id': 6, 'nombre': 'Nombre 6', 'departamento': 6, 'codigo': 'Codigo 6', 'acronimo': 'Acr'},
 {'id': 7, 'nombre': 'Nombre 7', 'departamento': 2, 'codigo': 'Codigo 7', 'acronimo': 'Acr'},
 {'id': 8, 'nombre': 'Nombre 8', 'departamento': 7, 'codigo': 'Codigo 8', 'acronimo': 'Acr'},
 {'id': 101, 'nombre': 'Nombre 1', 'departamento': 64, 'codigo': 'Codigo 1', 'acronimo': 'Acr'},
 {'id': 11, 'nombre': 'Nombre 1', 'departamento': 1, 'codigo': 'Codigo 1', 'acronimo': 'Acr'},
 {'id': 12, 'nombre': 'Nombre 2', 'departamento': 2, 'codigo': 'Codigo 2', 'acronimo': 'Acr'},
 {'id': 13, 'nombre': 'Nombre 3', 'departamento': 6, 'codigo': 'Codigo 3', 'acronimo': 'Acr'},
 {'id': 14, 'nombre': 'Nombre 4', 'departamento': 2, 'codigo': 'Codigo 4', 'acronimo': 'Acr'},
 {'id': 15, 'nombre': 'Nombre 5', 'departamento': 4, 'codigo': 'Codigo 5', 'acronimo': 'Acr'},
 {'id': 16, 'nombre': 'Nombre 6', 'departamento': 7, 'codigo': 'Codigo 6', 'acronimo': 'Acr'},
 {'id': 17, 'nombre': 'Nombre 7', 'departamento': 5, 'codigo': 'Codigo 7', 'acronimo': 'Acr'},
 {'id': 18, 'nombre': 'Nombre 8', 'departamento': 5, 'codigo': 'Codigo 8', 'acronimo': 'Acr'},
 {'id': 102, 'nombre': 'Nombre 2', 'departamento': 85, 'codigo': 'Codigo 2', 'acronimo': 'Acr'},
 {'id': 22, 'nombre': 'Nombre 2', 'departamento': 1, 'codigo': 'Codigo 2', 'acronimo': 'Acr'},
 {'id': 23, 'nombre': 'Nombre 3', 'departamento': 1, 'codigo': 'Codigo 3', 'acronimo': 'Acr'},
 {'id': 24, 'nombre': 'Nombre 4', 'departamento': 5, 'codigo': 'Codigo 4', 'acronimo': 'Acr'},
 {'id': 26, 'nombre': 'Nombre 6', 'departamento': 7, 'codigo': 'Codigo 6', 'acronimo': 'Acr'},
 {'id': 27, 'nombre': 'Nombre 7', 'departamento': 1, 'codigo': 'Codigo 7', 'acronimo': 'Acr'},
 {'id': 28, 'nombre': 'Nombre 8', 'departamento': 1, 'codigo': 'Codigo 8', 'acronimo': 'Acr'},
 {'id': 31, 'nombre': 'Nombre 1', 'departamento': 3, 'codigo': 'Codigo 1', 'acronimo': 'Acr'},
 {'id': 32, 'nombre': 'Nombre 2', 'departamento': 1, 'codigo': 'Codigo 2', 'acronimo': 'Acr'},
 {'id': 33, 'nombre': 'Nombre 3', 'departamento': 8, 'codigo': 'Codigo 3', 'acronimo': 'Acr'},
 {'id': 34, 'nombre': 'Nombre 4', 'departamento': 3, 'codigo': 'Codigo 4', 'acronimo': 'Acr'},
 {'id': 35, 'nombre': 'Nombre 5', 'departamento': 6, 'codigo': 'Codigo 5', 'acronimo': 'Acr'},
 {'id': 36, 'nombre': 'Nombre 6', 'departamento': 4, 'codigo': 'Codigo 6', 'acronimo': 'Acr'},
 {'id': 37, 'nombre': 'Nombre 7', 'departamento': 7, 'codigo': 'Codigo 7', 'acronimo': 'Acr'},
 {'id': 38, 'nombre': 'Nombre 8', 'departamento': 5, 'codigo': 'Codigo 8', 'acronimo': 'Acr'},
 {'id': 39, 'nombre': 'Nombre 9', 'departamento': 9, 'codigo': 'Codigo 9', 'acronimo': 'Acr'},
 {'id': 103, 'nombre': 'Nombre 3', 'departamento': 33, 'codigo': 'Codigo 3', 'acronimo': 'Acr'},
 {'id': 41, 'nombre': 'Nombre 1', 'departamento': 9, 'codigo': 'Codigo 1', 'acronimo': 'Acr'},
 {'id': 42, 'nombre': 'Nombre 2', 'departamento': 9, 'codigo': 'Codigo 2', 'acronimo': 'Acr'},
 {'id': 44, 'nombre': 'Nombre 4', 'departamento': 1, 'codigo': 'Codigo 4', 'acronimo': 'Acr'},
 {'id': 45, 'nombre': 'Nombre 5', 'departamento': 9, 'codigo': 'Codigo 5', 'acronimo': 'Acr'},
 {'id': 46, 'nombre': 'Nombre 6', 'departamento': 5, 'codigo': 'Codigo 6', 'acronimo': 'Acr'},
 {'id': 47, 'nombre': 'Nombre 7', 'departamento': 4, 'codigo': 'Codigo 7', 'acronimo': 'Acr'},
 {'id': 48, 'nombre': 'Nombre 8', 'departamento': 4, 'codigo': 'Codigo 8', 'acronimo': 'Acr'},
 {'id': 49, 'nombre': 'Nombre 9', 'departamento': 8, 'codigo': 'Codigo 9', 'acronimo': 'Acr'},
 {'id': 104, 'nombre': 'Nombre 4', 'departamento': 109, 'codigo': 'Codigo 4', 'acronimo': 'Acr'},
 {'id': 51, 'nombre': 'Nombre 1', 'departamento': 5, 'codigo': 'Codigo 1', 'acronimo': 'Acr'},
 {'id': 52, 'nombre': 'Nombre 2', 'departamento': 7, 'codigo': 'Codigo 2', 'acronimo': 'Acr'},
 {'id': 53, 'nombre': 'Nombre 3', 'departamento': 9, 'codigo': 'Codigo 3', 'acronimo': 'Acr'},
 {'id': 55, 'nombre': 'Nombre 5', 'departamento': 8, 'codigo': 'Codigo 5', 'acronimo': 'Acr'},
 {'id': 57, 'nombre': 'Nombre 7', 'departamento': 1, 'codigo': 'Codigo 7', 'acronimo': 'Acr'},
 {'id': 58, 'nombre': 'Nombre 8', 'departamento': 4, 'codigo': 'Codigo 8', 'acronimo': 'Acr'},
 {'id': 59, 'nombre': 'Nombre 9', 'departamento': 4, 'codigo': 'Codigo 9', 'acronimo': 'Acr'},
 {'id': 105, 'nombre': 'Nombre 5', 'departamento': 45, 'codigo': 'Codigo 5', 'acronimo': 'Acr'},
 {'id': 61, 'nombre': 'Nombre 1', 'departamento': 8, 'codigo': 'Codigo 1', 'acronimo': 'Acr'},
 {'id': 62, 'nombre': 'Nombre 2', 'departamento': 5, 'codigo': 'Codigo 2', 'acronimo': 'Acr'},
 {'id': 63, 'nombre': 'Nombre 3', 'departamento': 5, 'codigo': 'Codigo 3', 'acronimo': 'Acr'},
 {'id': 64, 'nombre': 'Nombre 4', 'departamento': 6, 'codigo': 'Codigo 4', 'acronimo': 'Acr'},
 {'id': 66, 'nombre': 'Nombre 6', 'departamento': 7, 'codigo': 'Codigo 6', 'acronimo': 'Acr'},
 {'id': 67, 'nombre': 'Nombre 7', 'departamento': 8, 'codigo': 'Codigo 7', 'acronimo': 'Acr'},
 {'id': 68, 'nombre': 'Nombre 8', 'departamento': 1, 'codigo': 'Codigo 8', 'acronimo': 'Acr'},
 {'id': 69, 'nombre': 'Nombre 9', 'departamento': 2, 'codigo': 'Codigo 9', 'acronimo': 'Acr'},
 {'id': 106, 'nombre': 'Nombre 6', 'departamento': 96, 'codigo': 'Codigo 6', 'acronimo': 'Acr'},
 {'id': 71, 'nombre': 'Nombre 1', 'departamento': 5, 'codigo': 'Codigo 1', 'acronimo': 'Acr'},
 {'id': 72, 'nombre': 'Nombre 2', 'departamento': 4, 'codigo': 'Codigo 2', 'acronimo': 'Acr'},
 {'id': 73, 'nombre': 'Nombre 3', 'departamento': 7, 'codigo': 'Codigo 3', 'acronimo': 'Acr'},
 {'id': 74, 'nombre': 'Nombre 4', 'departamento': 1, 'codigo': 'Codigo 4', 'acronimo': 'Acr'},
 {'id': 75, 'nombre': 'Nombre 5', 'departamento': 5, 'codigo': 'Codigo 5', 'acronimo': 'Acr'},
 {'id': 76, 'nombre': 'Nombre 6', 'departamento': 2, 'codigo': 'Codigo 6', 'acronimo': 'Acr'},
 {'id': 77, 'nombre': 'Nombre 7', 'departamento': 9, 'codigo': 'Codigo 7', 'acronimo': 'Acr'},
 {'id': 78, 'nombre': 'Nombre 8', 'departamento': 1, 'codigo': 'Codigo 8', 'acronimo': 'Acr'},
 {'id': 79, 'nombre': 'Nombre 9', 'departamento': 5, 'codigo': 'Codigo 9', 'acronimo': 'Acr'},
 {'id': 107, 'nombre': 'Nombre 7', 'departamento': 8, 'codigo': 'Codigo 7', 'acronimo': 'Acr'},
 {'id': 81, 'nombre': 'Nombre 1', 'departamento': 8, 'codigo': 'Codigo 1', 'acronimo': 'Acr'},
 {'id': 82, 'nombre': 'Nombre 2', 'departamento': 9, 'codigo': 'Codigo 2', 'acronimo': 'Acr'},
 {'id': 83, 'nombre': 'Nombre 3', 'departamento': 5, 'codigo': 'Codigo 3', 'acronimo': 'Acr'},
 {'id': 84, 'nombre': 'Nombre 4', 'departamento': 6, 'codigo': 'Codigo 4', 'acronimo': 'Acr'},
 {'id': 85, 'nombre': 'Nombre 5', 'departamento': 9, 'codigo': 'Codigo 5', 'acronimo': 'Acr'},
 {'id': 86, 'nombre': 'Nombre 6', 'departamento': 4, 'codigo': 'Codigo 6', 'acronimo': 'Acr'},
 {'id': 87, 'nombre': 'Nombre 7', 'departamento': 7, 'codigo': 'Codigo 7', 'acronimo': 'Acr'},
 {'id': 89, 'nombre': 'Nombre 9', 'departamento': 7, 'codigo': 'Codigo 9', 'acronimo': 'Acr'},
 {'id': 108, 'nombre': 'Nombre 8', 'departamento': 59, 'codigo': 'Codigo 8', 'acronimo': 'Acr'},
 {'id': 91, 'nombre': 'Nombre 1', 'departamento': 1, 'codigo': 'Codigo 1', 'acronimo': 'Acr'},
 {'id': 92, 'nombre': 'Nombre 2', 'departamento': 2, 'codigo': 'Codigo 2', 'acronimo': 'Acr'},
 {'id': 94, 'nombre': 'Nombre 4', 'departamento': 6, 'codigo': 'Codigo 4', 'acronimo': 'Acr'},
 {'id': 95, 'nombre': 'Nombre 5', 'departamento': 3, 'codigo': 'Codigo 5', 'acronimo': 'Acr'},
 {'id': 96, 'nombre': 'Nombre 6', 'departamento': 6, 'codigo': 'Codigo 6', 'acronimo': 'Acr'},
 {'id': 97, 'nombre': 'Nombre 7', 'departamento': 4, 'codigo': 'Codigo 7', 'acronimo': 'Acr'},
 {'id': 98, 'nombre': 'Nombre 8', 'departamento': 9, 'codigo': 'Codigo 8', 'acronimo': 'Acr'},
 {'id': 99, 'nombre': 'Nombre 9', 'departamento': 4, 'codigo': 'Codigo 9', 'acronimo': 'Acr'},
 {'id': 109, 'nombre': 'Nombre 9', 'departamento': 48, 'codigo': 'Codigo 9', 'acronimo': 'Acr'},
 {'id': 111, 'nombre': 'Nombre 1', 'departamento': 111, 'codigo': 'Codigo 1', 'acronimo': 'Acr'},
 {'id': 112, 'nombre': 'Nombre 2', 'departamento': 114, 'codigo': 'Codigo 2', 'acronimo': 'Acr'},
 {'id': 113, 'nombre': 'Nombre 3', 'departamento': 92, 'codigo': 'Codigo 3', 'acronimo': 'Acr'},
 {'id': 114, 'nombre': 'Nombre 4', 'departamento': 93, 'codigo': 'Codigo 4', 'acronimo': 'Acr'},
 {'id': 115, 'nombre': 'Nombre 5', 'departamento': 81, 'codigo': 'Codigo 5', 'acronimo': 'Acr'},
 {'id': 116, 'nombre': 'Nombre 6', 'departamento': 62, 'codigo': 'Codigo 6', 'acronimo': 'Acr'},
 {'id': 117, 'nombre': 'Nombre 7', 'departamento': 116, 'codigo': 'Codigo 7', 'acronimo': 'Acr'},
 {'id': 118, 'nombre': 'Nombre 8', 'departamento': 56, 'codigo': 'Codigo 8', 'acronimo': 'Acr'},
 {'id': 119, 'nombre': 'Nombre 9', 'departamento': 88, 'codigo': 'Codigo 9', 'acronimo': 'Acr'},
 {'id': 121, 'nombre': 'Nombre 1', 'departamento': 88, 'codigo': 'Codigo 1', 'acronimo': 'Acr'},
 {'id': 122, 'nombre': 'Nombre 2', 'departamento': 16, 'codigo': 'Codigo 2', 'acronimo': 'Acr'},
 {'id': 123, 'nombre': 'Nombre 3', 'departamento': 26, 'codigo': 'Codigo 3', 'acronimo': 'Acr'},
 {'id': 124, 'nombre': 'Nombre 4', 'departamento': 47, 'codigo': 'Codigo 4', 'acronimo': 'Acr'},
 {'id': 125, 'nombre': 'Nombre 5', 'departamento': 123, 'codigo': 'Codigo 5', 'acronimo': 'Acr'},
 {'id': 126, 'nombre': 'Nombre 6', 'departamento': 107, 'codigo': 'Codigo 6', 'acronimo': 'Acr'},
 {'id': 127, 'nombre': 'Nombre 7', 'departamento': 73, 'codigo': 'Codigo 7', 'acronimo': 'Acr'},
 {'id': 128, 'nombre': 'Nombre 8', 'departamento': 81, 'codigo': 'Codigo 8', 'acronimo': 'Acr'},
 {'id': 129, 'nombre': 'Nombre 9', 'departamento': 4, 'codigo': 'Codigo 9', 'acronimo': 'Acr'},
 {'id': 130, 'nombre': 'Nombre 10', 'departamento': 95, 'codigo': 'Codigo 10', 'acronimo': 'Acr'}]

last_row _id: 130
read_test: 1



UPDATE TEST
http://localhost:8080/test/api/municipio/130
Response,True,201
Status code: 200


updata original_row: {'id': 130, 'nombre': 'Nombre 10', 'departamento': 95, 'codigo': 'Codigo 10', 'acronimo': 'Acr'}
updata last_row: {'id': 129, 'nombre': 'Nombre 9', 'departamento': 4, 'codigo': 'Codigo 9', 'acronimo': 'Acr'}
update_test: 1



DELETE TEST
Status code: 200
number_of_rows: 106
Response,True,201
Status code: 200
number_of_rows_after_delete: 105
delete_test: 1
------------------------------



Status code: 200
theUrl: http://localhost:8080/test/api/tipoentidad
Status code: 200
INITIAL NUMBER OF ROWS: 99



CREATE TEST
http://localhost:8080/test/api/tipoentidad
{"nombre":"Nombre 1","estado":101}
Response,True,201
True
http://localhost:8080/test/api/tipoentidad
{"nombre":"Nombre 2","estado":88}
Response,True,201
True
http://localhost:8080/test/api/tipoentidad
{"nombre":"Nombre 3","estado":66}
Response,True,201
True
http://localhost:8080/test/api/tipoentidad
{"nombre":"Nombre 4","estado":85}
Response,True,201
True
http://localhost:8080/test/api/tipoentidad
{"nombre":"Nombre 5","estado":94}
Response,True,201
True
http://localhost:8080/test/api/tipoentidad
{"nombre":"Nombre 6","estado":11}
Response,True,201
True
http://localhost:8080/test/api/tipoentidad
{"nombre":"Nombre 7","estado":93}
Response,True,201
True
http://localhost:8080/test/api/tipoentidad
{"nombre":"Nombre 8","estado":75}
Response,True,201
True
http://localhost:8080/test/api/tipoentidad
{"nombre":"Nombre 9","estado":75}
Response,True,201
True
http://localhost:8080/test/api/tipoentidad
{"nombre":"Nombre 10","estado":58}
Response,True,201
True
Status code: 200


INITIAL NUMBER OF ROWS: 99
CREATE NUMBER OF ROWS AFTER CREATE: 109
create_test: 1



READ TEST
Status code: 200


number_of_rows: 109
[
{'id': 1, 'nombre': 'Nombre 1', 'estado': 8},
 {'id': 2, 'nombre': 'Nombre 2', 'estado': 4},
 {'id': 3, 'nombre': 'Nombre 3', 'estado': 5},
 {'id': 4, 'nombre': 'Nombre 4', 'estado': 5},
 {'id': 5, 'nombre': 'Nombre 5', 'estado': 3},
 {'id': 6, 'nombre': 'Nombre 6', 'estado': 6},
 {'id': 7, 'nombre': 'Nombre 7', 'estado': 8},
 {'id': 8, 'nombre': 'Nombre 8', 'estado': 6},
 {'id': 9, 'nombre': 'Nombre 9', 'estado': 1},
 {'id': 11, 'nombre': 'Nombre 1', 'estado': 4},
 {'id': 12, 'nombre': 'Nombre 2', 'estado': 1},
 {'id': 13, 'nombre': 'Nombre 3', 'estado': 2},
 {'id': 14, 'nombre': 'Nombre 4', 'estado': 2},
 {'id': 15, 'nombre': 'Nombre 5', 'estado': 6},
 {'id': 16, 'nombre': 'Nombre 6', 'estado': 6},
 {'id': 18, 'nombre': 'Nombre 8', 'estado': 2},
 {'id': 19, 'nombre': 'Nombre 9', 'estado': 1},
 {'id': 21, 'nombre': 'Nombre 1', 'estado': 4},
 {'id': 22, 'nombre': 'Nombre 2', 'estado': 4},
 {'id': 23, 'nombre': 'Nombre 3', 'estado': 3},
 {'id': 24, 'nombre': 'Nombre 4', 'estado': 2},
 {'id': 25, 'nombre': 'Nombre 5', 'estado': 1},
 {'id': 26, 'nombre': 'Nombre 6', 'estado': 6},
 {'id': 27, 'nombre': 'Nombre 7', 'estado': 7},
 {'id': 28, 'nombre': 'Nombre 8', 'estado': 2},
 {'id': 29, 'nombre': 'Nombre 9', 'estado': 3},
 {'id': 31, 'nombre': 'Nombre 1', 'estado': 6},
 {'id': 33, 'nombre': 'Nombre 3', 'estado': 2},
 {'id': 34, 'nombre': 'Nombre 4', 'estado': 6},
 {'id': 35, 'nombre': 'Nombre 5', 'estado': 1},
 {'id': 37, 'nombre': 'Nombre 7', 'estado': 7},
 {'id': 38, 'nombre': 'Nombre 8', 'estado': 8},
 {'id': 39, 'nombre': 'Nombre 9', 'estado': 9},
 {'id': 41, 'nombre': 'Nombre 1', 'estado': 9},
 {'id': 42, 'nombre': 'Nombre 2', 'estado': 2},
 {'id': 43, 'nombre': 'Nombre 3', 'estado': 7},
 {'id': 44, 'nombre': 'Nombre 4', 'estado': 1},
 {'id': 46, 'nombre': 'Nombre 6', 'estado': 9},
 {'id': 47, 'nombre': 'Nombre 7', 'estado': 4},
 {'id': 48, 'nombre': 'Nombre 8', 'estado': 3},
 {'id': 49, 'nombre': 'Nombre 9', 'estado': 5},
 {'id': 51, 'nombre': 'Nombre 1', 'estado': 4},
 {'id': 52, 'nombre': 'Nombre 2', 'estado': 9},
 {'id': 53, 'nombre': 'Nombre 3', 'estado': 8},
 {'id': 54, 'nombre': 'Nombre 4', 'estado': 7},
 {'id': 55, 'nombre': 'Nombre 5', 'estado': 4},
 {'id': 56, 'nombre': 'Nombre 6', 'estado': 9},
 {'id': 57, 'nombre': 'Nombre 7', 'estado': 9},
 {'id': 59, 'nombre': 'Nombre 9', 'estado': 2},
 {'id': 61, 'nombre': 'Nombre 1', 'estado': 5},
 {'id': 62, 'nombre': 'Nombre 2', 'estado': 6},
 {'id': 64, 'nombre': 'Nombre 4', 'estado': 7},
 {'id': 65, 'nombre': 'Nombre 5', 'estado': 8},
 {'id': 66, 'nombre': 'Nombre 6', 'estado': 7},
 {'id': 67, 'nombre': 'Nombre 7', 'estado': 3},
 {'id': 68, 'nombre': 'Nombre 8', 'estado': 8},
 {'id': 69, 'nombre': 'Nombre 9', 'estado': 5},
 {'id': 71, 'nombre': 'Nombre 1', 'estado': 7},
 {'id': 72, 'nombre': 'Nombre 2', 'estado': 1},
 {'id': 74, 'nombre': 'Nombre 4', 'estado': 7},
 {'id': 75, 'nombre': 'Nombre 5', 'estado': 3},
 {'id': 76, 'nombre': 'Nombre 6', 'estado': 9},
 {'id': 77, 'nombre': 'Nombre 7', 'estado': 3},
 {'id': 78, 'nombre': 'Nombre 8', 'estado': 4},
 {'id': 79, 'nombre': 'Nombre 9', 'estado': 6},
 {'id': 81, 'nombre': 'Nombre 1', 'estado': 9},
 {'id': 82, 'nombre': 'Nombre 2', 'estado': 4},
 {'id': 83, 'nombre': 'Nombre 3', 'estado': 3},
 {'id': 84, 'nombre': 'Nombre 4', 'estado': 6},
 {'id': 85, 'nombre': 'Nombre 5', 'estado': 6},
 {'id': 86, 'nombre': 'Nombre 6', 'estado': 1},
 {'id': 87, 'nombre': 'Nombre 7', 'estado': 8},
 {'id': 88, 'nombre': 'Nombre 8', 'estado': 3},
 {'id': 89, 'nombre': 'Nombre 9', 'estado': 6},
 {'id': 92, 'nombre': 'Nombre 2', 'estado': 2},
 {'id': 94, 'nombre': 'Nombre 4', 'estado': 3},
 {'id': 95, 'nombre': 'Nombre 5', 'estado': 2},
 {'id': 96, 'nombre': 'Nombre 6', 'estado': 1},
 {'id': 97, 'nombre': 'Nombre 7', 'estado': 4},
 {'id': 98, 'nombre': 'Nombre 8', 'estado': 1},
 {'id': 99, 'nombre': 'Nombre 9', 'estado': 6},
 {'id': 101, 'nombre': 'Nombre 1', 'estado': 28},
 {'id': 102, 'nombre': 'Nombre 2', 'estado': 43},
 {'id': 103, 'nombre': 'Nombre 3', 'estado': 16},
 {'id': 104, 'nombre': 'Nombre 4', 'estado': 105},
 {'id': 105, 'nombre': 'Nombre 5', 'estado': 21},
 {'id': 106, 'nombre': 'Nombre 6', 'estado': 101},
 {'id': 107, 'nombre': 'Nombre 7', 'estado': 54},
 {'id': 108, 'nombre': 'Nombre 8', 'estado': 49},
 {'id': 109, 'nombre': 'Nombre 9', 'estado': 36},
 {'id': 111, 'nombre': 'Nombre 1', 'estado': 113},
 {'id': 112, 'nombre': 'Nombre 2', 'estado': 32},
 {'id': 113, 'nombre': 'Nombre 3', 'estado': 9},
 {'id': 114, 'nombre': 'Nombre 4', 'estado': 116},
 {'id': 115, 'nombre': 'Nombre 5', 'estado': 31},
 {'id': 116, 'nombre': 'Nombre 6', 'estado': 17},
 {'id': 117, 'nombre': 'Nombre 7', 'estado': 2},
 {'id': 118, 'nombre': 'Nombre 8', 'estado': 94},
 {'id': 119, 'nombre': 'Nombre 9', 'estado': 49},
 {'id': 121, 'nombre': 'Nombre 1', 'estado': 101},
 {'id': 122, 'nombre': 'Nombre 2', 'estado': 88},
 {'id': 123, 'nombre': 'Nombre 3', 'estado': 66},
 {'id': 124, 'nombre': 'Nombre 4', 'estado': 85},
 {'id': 125, 'nombre': 'Nombre 5', 'estado': 94},
 {'id': 126, 'nombre': 'Nombre 6', 'estado': 11},
 {'id': 127, 'nombre': 'Nombre 7', 'estado': 93},
 {'id': 128, 'nombre': 'Nombre 8', 'estado': 75},
 {'id': 129, 'nombre': 'Nombre 9', 'estado': 75},
 {'id': 130, 'nombre': 'Nombre 10', 'estado': 58}]

last_row _id: 130
read_test: 1



UPDATE TEST
http://localhost:8080/test/api/tipoentidad/130
Response,True,201
Status code: 200


updata original_row: {'id': 130, 'nombre': 'Nombre 10', 'estado': 58}
updata last_row: {'id': 129, 'nombre': 'Nombre 9', 'estado': 75}
update_test: 1



DELETE TEST
Status code: 200
number_of_rows: 109
Response,True,201
Status code: 200
number_of_rows_after_delete: 108
delete_test: 1
------------------------------



Status code: 200
Status code: 200
Status code: 200
theUrl: http://localhost:8080/test/api/entidad
Status code: 200
INITIAL NUMBER OF ROWS: 71



CREATE TEST
http://localhost:8080/test/api/entidad
{"nombre":"Nombre 1","municipio":82,"codigo":"Codigo 1","tipoentidad":104,"estado":128,"comuna":"Comuna 1","geolocalizacion":"Geolocalizacion 1"}
Response,True,201
True
http://localhost:8080/test/api/entidad
{"nombre":"Nombre 2","municipio":27,"codigo":"Codigo 2","tipoentidad":67,"estado":34,"comuna":"Comuna 2","geolocalizacion":"Geolocalizacion 2"}
Response,True,201
True
http://localhost:8080/test/api/entidad
{"nombre":"Nombre 3","municipio":108,"codigo":"Codigo 3","tipoentidad":118,"estado":37,"comuna":"Comuna 3","geolocalizacion":"Geolocalizacion 3"}
Response,True,201
True
http://localhost:8080/test/api/entidad
{"nombre":"Nombre 4","municipio":64,"codigo":"Codigo 4","tipoentidad":34,"estado":55,"comuna":"Comuna 4","geolocalizacion":"Geolocalizacion 4"}
Response,True,201
True
http://localhost:8080/test/api/entidad
{"nombre":"Nombre 5","municipio":28,"codigo":"Codigo 5","tipoentidad":122,"estado":12,"comuna":"Comuna 5","geolocalizacion":"Geolocalizacion 5"}
Response,True,201
True
http://localhost:8080/test/api/entidad
{"nombre":"Nombre 6","municipio":97,"codigo":"Codigo 6","tipoentidad":119,"estado":108,"comuna":"Comuna 6","geolocalizacion":"Geolocalizacion 6"}
Response,True,201
True
http://localhost:8080/test/api/entidad
{"nombre":"Nombre 7","municipio":127,"codigo":"Codigo 7","tipoentidad":102,"estado":85,"comuna":"Comuna 7","geolocalizacion":"Geolocalizacion 7"}
Response,True,201
True
http://localhost:8080/test/api/entidad
{"nombre":"Nombre 8","municipio":103,"codigo":"Codigo 8","tipoentidad":85,"estado":25,"comuna":"Comuna 8","geolocalizacion":"Geolocalizacion 8"}
Response,True,201
True
http://localhost:8080/test/api/entidad
{"nombre":"Nombre 9","municipio":51,"codigo":"Codigo 9","tipoentidad":109,"estado":118,"comuna":"Comuna 9","geolocalizacion":"Geolocalizacion 9"}
Response,True,201
True
http://localhost:8080/test/api/entidad
{"nombre":"Nombre 10","municipio":59,"codigo":"Codigo 10","tipoentidad":125,"estado":29,"comuna":"Comuna 10","geolocalizacion":"Geolocalizacion 10"}
Response,True,201
True
Status code: 200


INITIAL NUMBER OF ROWS: 71
CREATE NUMBER OF ROWS AFTER CREATE: 81
create_test: 1



READ TEST
Status code: 200


number_of_rows: 81
[
{'id': 2, 'nombre': 'Nombre 2', 'municipio': 1, 'codigo': 'Codigo 2', 'tipoentidad': 6, 'estado': 7, 'comuna': 'Comuna 2', 'geolocalizacion': 'Geolocalizacion 2'},
 {'id': 4, 'nombre': 'Nombre 4', 'municipio': 6, 'codigo': 'Codigo 4', 'tipoentidad': 5, 'estado': 8, 'comuna': 'Comuna 4', 'geolocalizacion': 'Geolocalizacion 4'},
 {'id': 5, 'nombre': 'Nombre 5', 'municipio': 1, 'codigo': 'Codigo 5', 'tipoentidad': 1, 'estado': 2, 'comuna': 'Comuna 5', 'geolocalizacion': 'Geolocalizacion 5'},
 {'id': 6, 'nombre': 'Nombre 6', 'municipio': 6, 'codigo': 'Codigo 6', 'tipoentidad': 9, 'estado': 6, 'comuna': 'Comuna 6', 'geolocalizacion': 'Geolocalizacion 6'},
 {'id': 7, 'nombre': 'Nombre 7', 'municipio': 4, 'codigo': 'Codigo 7', 'tipoentidad': 2, 'estado': 7, 'comuna': 'Comuna 7', 'geolocalizacion': 'Geolocalizacion 7'},
 {'id': 71, 'nombre': 'Nombre 1', 'municipio': 8, 'codigo': 'Codigo 1', 'tipoentidad': 5, 'estado': 3, 'comuna': 'Comuna 1', 'geolocalizacion': 'Geolocalizacion 1'},
 {'id': 11, 'nombre': 'Nombre 1', 'municipio': 1, 'codigo': 'Codigo 1', 'tipoentidad': 8, 'estado': 9, 'comuna': 'Comuna 1', 'geolocalizacion': 'Geolocalizacion 1'},
 {'id': 13, 'nombre': 'Nombre 3', 'municipio': 4, 'codigo': 'Codigo 3', 'tipoentidad': 5, 'estado': 2, 'comuna': 'Comuna 3', 'geolocalizacion': 'Geolocalizacion 3'},
 {'id': 23, 'nombre': 'Nombre 3', 'municipio': 1, 'codigo': 'Codigo 3', 'tipoentidad': 3, 'estado': 2, 'comuna': 'Comuna 3', 'geolocalizacion': 'Geolocalizacion 3'},
 {'id': 24, 'nombre': 'Nombre 4', 'municipio': 5, 'codigo': 'Codigo 4', 'tipoentidad': 3, 'estado': 5, 'comuna': 'Comuna 4', 'geolocalizacion': 'Geolocalizacion 4'},
 {'id': 25, 'nombre': 'Nombre 5', 'municipio': 6, 'codigo': 'Codigo 5', 'tipoentidad': 2, 'estado': 2, 'comuna': 'Comuna 5', 'geolocalizacion': 'Geolocalizacion 5'},
 {'id': 27, 'nombre': 'Nombre 7', 'municipio': 1, 'codigo': 'Codigo 7', 'tipoentidad': 6, 'estado': 8, 'comuna': 'Comuna 7', 'geolocalizacion': 'Geolocalizacion 7'},
 {'id': 28, 'nombre': 'Nombre 8', 'municipio': 6, 'codigo': 'Codigo 8', 'tipoentidad': 4, 'estado': 6, 'comuna': 'Comuna 8', 'geolocalizacion': 'Geolocalizacion 8'},
 {'id': 73, 'nombre': 'Nombre 3', 'municipio': 5, 'codigo': 'Codigo 3', 'tipoentidad': 9, 'estado': 2, 'comuna': 'Comuna 3', 'geolocalizacion': 'Geolocalizacion 3'},
 {'id': 31, 'nombre': 'Nombre 1', 'municipio': 1, 'codigo': 'Codigo 1', 'tipoentidad': 5, 'estado': 3, 'comuna': 'Comuna 1', 'geolocalizacion': 'Geolocalizacion 1'},
 {'id': 32, 'nombre': 'Nombre 2', 'municipio': 7, 'codigo': 'Codigo 2', 'tipoentidad': 4, 'estado': 5, 'comuna': 'Comuna 2', 'geolocalizacion': 'Geolocalizacion 2'},
 {'id': 33, 'nombre': 'Nombre 3', 'municipio': 1, 'codigo': 'Codigo 3', 'tipoentidad': 7, 'estado': 2, 'comuna': 'Comuna 3', 'geolocalizacion': 'Geolocalizacion 3'},
 {'id': 34, 'nombre': 'Nombre 4', 'municipio': 2, 'codigo': 'Codigo 4', 'tipoentidad': 6, 'estado': 3, 'comuna': 'Comuna 4', 'geolocalizacion': 'Geolocalizacion 4'},
 {'id': 36, 'nombre': 'Nombre 6', 'municipio': 5, 'codigo': 'Codigo 6', 'tipoentidad': 2, 'estado': 1, 'comuna': 'Comuna 6', 'geolocalizacion': 'Geolocalizacion 6'},
 {'id': 37, 'nombre': 'Nombre 7', 'municipio': 6, 'codigo': 'Codigo 7', 'tipoentidad': 1, 'estado': 1, 'comuna': 'Comuna 7', 'geolocalizacion': 'Geolocalizacion 7'},
 {'id': 38, 'nombre': 'Nombre 8', 'municipio': 6, 'codigo': 'Codigo 8', 'tipoentidad': 1, 'estado': 7, 'comuna': 'Comuna 8', 'geolocalizacion': 'Geolocalizacion 8'},
 {'id': 41, 'nombre': 'Nombre 1', 'municipio': 7, 'codigo': 'Codigo 1', 'tipoentidad': 7, 'estado': 5, 'comuna': 'Comuna 1', 'geolocalizacion': 'Geolocalizacion 1'},
 {'id': 42, 'nombre': 'Nombre 2', 'municipio': 4, 'codigo': 'Codigo 2', 'tipoentidad': 8, 'estado': 7, 'comuna': 'Comuna 2', 'geolocalizacion': 'Geolocalizacion 2'},
 {'id': 43, 'nombre': 'Nombre 3', 'municipio': 8, 'codigo': 'Codigo 3', 'tipoentidad': 1, 'estado': 8, 'comuna': 'Comuna 3', 'geolocalizacion': 'Geolocalizacion 3'},
 {'id': 45, 'nombre': 'Nombre 5', 'municipio': 8, 'codigo': 'Codigo 5', 'tipoentidad': 2, 'estado': 5, 'comuna': 'Comuna 5', 'geolocalizacion': 'Geolocalizacion 5'},
 {'id': 47, 'nombre': 'Nombre 7', 'municipio': 4, 'codigo': 'Codigo 7', 'tipoentidad': 4, 'estado': 1, 'comuna': 'Comuna 7', 'geolocalizacion': 'Geolocalizacion 7'},
 {'id': 48, 'nombre': 'Nombre 8', 'municipio': 4, 'codigo': 'Codigo 8', 'tipoentidad': 1, 'estado': 8, 'comuna': 'Comuna 8', 'geolocalizacion': 'Geolocalizacion 8'},
 {'id': 51, 'nombre': 'Nombre 1', 'municipio': 5, 'codigo': 'Codigo 1', 'tipoentidad': 8, 'estado': 3, 'comuna': 'Comuna 1', 'geolocalizacion': 'Geolocalizacion 1'},
 {'id': 53, 'nombre': 'Nombre 3', 'municipio': 6, 'codigo': 'Codigo 3', 'tipoentidad': 9, 'estado': 6, 'comuna': 'Comuna 3', 'geolocalizacion': 'Geolocalizacion 3'},
 {'id': 54, 'nombre': 'Nombre 4', 'municipio': 7, 'codigo': 'Codigo 4', 'tipoentidad': 7, 'estado': 7, 'comuna': 'Comuna 4', 'geolocalizacion': 'Geolocalizacion 4'},
 {'id': 75, 'nombre': 'Nombre 5', 'municipio': 7, 'codigo': 'Codigo 5', 'tipoentidad': 8, 'estado': 5, 'comuna': 'Comuna 5', 'geolocalizacion': 'Geolocalizacion 5'},
 {'id': 61, 'nombre': 'Nombre 1', 'municipio': 1, 'codigo': 'Codigo 1', 'tipoentidad': 5, 'estado': 8, 'comuna': 'Comuna 1', 'geolocalizacion': 'Geolocalizacion 1'},
 {'id': 62, 'nombre': 'Nombre 2', 'municipio': 2, 'codigo': 'Codigo 2', 'tipoentidad': 3, 'estado': 2, 'comuna': 'Comuna 2', 'geolocalizacion': 'Geolocalizacion 2'},
 {'id': 63, 'nombre': 'Nombre 3', 'municipio': 6, 'codigo': 'Codigo 3', 'tipoentidad': 9, 'estado': 2, 'comuna': 'Comuna 3', 'geolocalizacion': 'Geolocalizacion 3'},
 {'id': 64, 'nombre': 'Nombre 4', 'municipio': 4, 'codigo': 'Codigo 4', 'tipoentidad': 1, 'estado': 4, 'comuna': 'Comuna 4', 'geolocalizacion': 'Geolocalizacion 4'},
 {'id': 65, 'nombre': 'Nombre 5', 'municipio': 7, 'codigo': 'Codigo 5', 'tipoentidad': 9, 'estado': 1, 'comuna': 'Comuna 5', 'geolocalizacion': 'Geolocalizacion 5'},
 {'id': 66, 'nombre': 'Nombre 6', 'municipio': 1, 'codigo': 'Codigo 6', 'tipoentidad': 7, 'estado': 7, 'comuna': 'Comuna 6', 'geolocalizacion': 'Geolocalizacion 6'},
 {'id': 67, 'nombre': 'Nombre 7', 'municipio': 6, 'codigo': 'Codigo 7', 'tipoentidad': 9, 'estado': 5, 'comuna': 'Comuna 7', 'geolocalizacion': 'Geolocalizacion 7'},
 {'id': 68, 'nombre': 'Nombre 8', 'municipio': 7, 'codigo': 'Codigo 8', 'tipoentidad': 1, 'estado': 8, 'comuna': 'Comuna 8', 'geolocalizacion': 'Geolocalizacion 8'},
 {'id': 76, 'nombre': 'Nombre 6', 'municipio': 6, 'codigo': 'Codigo 6', 'tipoentidad': 8, 'estado': 4, 'comuna': 'Comuna 6', 'geolocalizacion': 'Geolocalizacion 6'},
 {'id': 121, 'nombre': 'Nombre 1', 'municipio': 82, 'codigo': 'Codigo 1', 'tipoentidad': 104, 'estado': 128, 'comuna': 'Comuna 1', 'geolocalizacion': 'Geolocalizacion 1'},
 {'id': 81, 'nombre': 'Nombre 1', 'municipio': 2, 'codigo': 'Codigo 1', 'tipoentidad': 5, 'estado': 3, 'comuna': 'Comuna 1', 'geolocalizacion': 'Geolocalizacion 1'},
 {'id': 82, 'nombre': 'Nombre 2', 'municipio': 5, 'codigo': 'Codigo 2', 'tipoentidad': 4, 'estado': 5, 'comuna': 'Comuna 2', 'geolocalizacion': 'Geolocalizacion 2'},
 {'id': 83, 'nombre': 'Nombre 3', 'municipio': 4, 'codigo': 'Codigo 3', 'tipoentidad': 1, 'estado': 3, 'comuna': 'Comuna 3', 'geolocalizacion': 'Geolocalizacion 3'},
 {'id': 84, 'nombre': 'Nombre 4', 'municipio': 1, 'codigo': 'Codigo 4', 'tipoentidad': 9, 'estado': 2, 'comuna': 'Comuna 4', 'geolocalizacion': 'Geolocalizacion 4'},
 {'id': 85, 'nombre': 'Nombre 5', 'municipio': 4, 'codigo': 'Codigo 5', 'tipoentidad': 2, 'estado': 4, 'comuna': 'Comuna 5', 'geolocalizacion': 'Geolocalizacion 5'},
 {'id': 86, 'nombre': 'Nombre 6', 'municipio': 4, 'codigo': 'Codigo 6', 'tipoentidad': 1, 'estado': 4, 'comuna': 'Comuna 6', 'geolocalizacion': 'Geolocalizacion 6'},
 {'id': 87, 'nombre': 'Nombre 7', 'municipio': 7, 'codigo': 'Codigo 7', 'tipoentidad': 6, 'estado': 6, 'comuna': 'Comuna 7', 'geolocalizacion': 'Geolocalizacion 7'},
 {'id': 88, 'nombre': 'Nombre 8', 'municipio': 2, 'codigo': 'Codigo 8', 'tipoentidad': 3, 'estado': 2, 'comuna': 'Comuna 8', 'geolocalizacion': 'Geolocalizacion 8'},
 {'id': 89, 'nombre': 'Nombre 9', 'municipio': 8, 'codigo': 'Codigo 9', 'tipoentidad': 2, 'estado': 9, 'comuna': 'Comuna 9', 'geolocalizacion': 'Geolocalizacion 9'},
 {'id': 111, 'nombre': 'Nombre 1', 'municipio': 79, 'codigo': 'Codigo 1', 'tipoentidad': 72, 'estado': 2, 'comuna': 'Comuna 1', 'geolocalizacion': 'Geolocalizacion 1'},
 {'id': 91, 'nombre': 'Nombre 1', 'municipio': 6, 'codigo': 'Codigo 1', 'tipoentidad': 8, 'estado': 6, 'comuna': 'Comuna 1', 'geolocalizacion': 'Geolocalizacion 1'},
 {'id': 94, 'nombre': 'Nombre 4', 'municipio': 5, 'codigo': 'Codigo 4', 'tipoentidad': 2, 'estado': 4, 'comuna': 'Comuna 4', 'geolocalizacion': 'Geolocalizacion 4'},
 {'id': 96, 'nombre': 'Nombre 6', 'municipio': 2, 'codigo': 'Codigo 6', 'tipoentidad': 5, 'estado': 9, 'comuna': 'Comuna 6', 'geolocalizacion': 'Geolocalizacion 6'},
 {'id': 99, 'nombre': 'Nombre 9', 'municipio': 5, 'codigo': 'Codigo 9', 'tipoentidad': 7, 'estado': 1, 'comuna': 'Comuna 9', 'geolocalizacion': 'Geolocalizacion 9'},
 {'id': 112, 'nombre': 'Nombre 2', 'municipio': 78, 'codigo': 'Codigo 2', 'tipoentidad': 106, 'estado': 115, 'comuna': 'Comuna 2', 'geolocalizacion': 'Geolocalizacion 2'},
 {'id': 101, 'nombre': 'Nombre 1', 'municipio': 22, 'codigo': 'Codigo 1', 'tipoentidad': 51, 'estado': 68, 'comuna': 'Comuna 1', 'geolocalizacion': 'Geolocalizacion 1'},
 {'id': 102, 'nombre': 'Nombre 2', 'municipio': 52, 'codigo': 'Codigo 2', 'tipoentidad': 89, 'estado': 31, 'comuna': 'Comuna 2', 'geolocalizacion': 'Geolocalizacion 2'},
 {'id': 103, 'nombre': 'Nombre 3', 'municipio': 24, 'codigo': 'Codigo 3', 'tipoentidad': 78, 'estado': 97, 'comuna': 'Comuna 3', 'geolocalizacion': 'Geolocalizacion 3'},
 {'id': 104, 'nombre': 'Nombre 4', 'municipio': 85, 'codigo': 'Codigo 4', 'tipoentidad': 69, 'estado': 97, 'comuna': 'Comuna 4', 'geolocalizacion': 'Geolocalizacion 4'},
 {'id': 105, 'nombre': 'Nombre 5', 'municipio': 105, 'codigo': 'Codigo 5', 'tipoentidad': 39, 'estado': 6, 'comuna': 'Comuna 5', 'geolocalizacion': 'Geolocalizacion 5'},
 {'id': 106, 'nombre': 'Nombre 6', 'municipio': 45, 'codigo': 'Codigo 6', 'tipoentidad': 62, 'estado': 52, 'comuna': 'Comuna 6', 'geolocalizacion': 'Geolocalizacion 6'},
 {'id': 107, 'nombre': 'Nombre 7', 'municipio': 16, 'codigo': 'Codigo 7', 'tipoentidad': 109, 'estado': 44, 'comuna': 'Comuna 7', 'geolocalizacion': 'Geolocalizacion 7'},
 {'id': 108, 'nombre': 'Nombre 8', 'municipio': 2, 'codigo': 'Codigo 8', 'tipoentidad': 11, 'estado': 95, 'comuna': 'Comuna 8', 'geolocalizacion': 'Geolocalizacion 8'},
 {'id': 109, 'nombre': 'Nombre 9', 'municipio': 75, 'codigo': 'Codigo 9', 'tipoentidad': 47, 'estado': 65, 'comuna': 'Comuna 9', 'geolocalizacion': 'Geolocalizacion 9'},
 {'id': 113, 'nombre': 'Nombre 3', 'municipio': 24, 'codigo': 'Codigo 3', 'tipoentidad': 118, 'estado': 96, 'comuna': 'Comuna 3', 'geolocalizacion': 'Geolocalizacion 3'},
 {'id': 114, 'nombre': 'Nombre 4', 'municipio': 84, 'codigo': 'Codigo 4', 'tipoentidad': 62, 'estado': 69, 'comuna': 'Comuna 4', 'geolocalizacion': 'Geolocalizacion 4'},
 {'id': 115, 'nombre': 'Nombre 5', 'municipio': 85, 'codigo': 'Codigo 5', 'tipoentidad': 42, 'estado': 105, 'comuna': 'Comuna 5', 'geolocalizacion': 'Geolocalizacion 5'},
 {'id': 116, 'nombre': 'Nombre 6', 'municipio': 105, 'codigo': 'Codigo 6', 'tipoentidad': 11, 'estado': 2, 'comuna': 'Comuna 6', 'geolocalizacion': 'Geolocalizacion 6'},
 {'id': 117, 'nombre': 'Nombre 7', 'municipio': 8, 'codigo': 'Codigo 7', 'tipoentidad': 15, 'estado': 13, 'comuna': 'Comuna 7', 'geolocalizacion': 'Geolocalizacion 7'},
 {'id': 118, 'nombre': 'Nombre 8', 'municipio': 47, 'codigo': 'Codigo 8', 'tipoentidad': 47, 'estado': 34, 'comuna': 'Comuna 8', 'geolocalizacion': 'Geolocalizacion 8'},
 {'id': 119, 'nombre': 'Nombre 9', 'municipio': 105, 'codigo': 'Codigo 9', 'tipoentidad': 43, 'estado': 112, 'comuna': 'Comuna 9', 'geolocalizacion': 'Geolocalizacion 9'},
 {'id': 122, 'nombre': 'Nombre 2', 'municipio': 27, 'codigo': 'Codigo 2', 'tipoentidad': 67, 'estado': 34, 'comuna': 'Comuna 2', 'geolocalizacion': 'Geolocalizacion 2'},
 {'id': 123, 'nombre': 'Nombre 3', 'municipio': 108, 'codigo': 'Codigo 3', 'tipoentidad': 118, 'estado': 37, 'comuna': 'Comuna 3', 'geolocalizacion': 'Geolocalizacion 3'},
 {'id': 124, 'nombre': 'Nombre 4', 'municipio': 64, 'codigo': 'Codigo 4', 'tipoentidad': 34, 'estado': 55, 'comuna': 'Comuna 4', 'geolocalizacion': 'Geolocalizacion 4'},
 {'id': 125, 'nombre': 'Nombre 5', 'municipio': 28, 'codigo': 'Codigo 5', 'tipoentidad': 122, 'estado': 12, 'comuna': 'Comuna 5', 'geolocalizacion': 'Geolocalizacion 5'},
 {'id': 126, 'nombre': 'Nombre 6', 'municipio': 97, 'codigo': 'Codigo 6', 'tipoentidad': 119, 'estado': 108, 'comuna': 'Comuna 6', 'geolocalizacion': 'Geolocalizacion 6'},
 {'id': 127, 'nombre': 'Nombre 7', 'municipio': 127, 'codigo': 'Codigo 7', 'tipoentidad': 102, 'estado': 85, 'comuna': 'Comuna 7', 'geolocalizacion': 'Geolocalizacion 7'},
 {'id': 128, 'nombre': 'Nombre 8', 'municipio': 103, 'codigo': 'Codigo 8', 'tipoentidad': 85, 'estado': 25, 'comuna': 'Comuna 8', 'geolocalizacion': 'Geolocalizacion 8'},
 {'id': 129, 'nombre': 'Nombre 9', 'municipio': 51, 'codigo': 'Codigo 9', 'tipoentidad': 109, 'estado': 118, 'comuna': 'Comuna 9', 'geolocalizacion': 'Geolocalizacion 9'},
 {'id': 130, 'nombre': 'Nombre 10', 'municipio': 59, 'codigo': 'Codigo 10', 'tipoentidad': 125, 'estado': 29, 'comuna': 'Comuna 10', 'geolocalizacion': 'Geolocalizacion 10'}]

last_row _id: 130
read_test: 1



UPDATE TEST
http://localhost:8080/test/api/entidad/130
Response,True,201
Status code: 200


updata original_row: {'id': 130, 'nombre': 'Nombre 10', 'municipio': 59, 'codigo': 'Codigo 10', 'tipoentidad': 125, 'estado': 29, 'comuna': 'Comuna 10', 'geolocalizacion': 'Geolocalizacion 10'}
updata last_row: {'id': 130, 'nombre': 'Nombre 0', 'municipio': 128, 'codigo': 'Codigo 0', 'tipoentidad': 13, 'estado': 89, 'comuna': 'Comuna 0', 'geolocalizacion': 'Geolocalizacion 0'}
update_test: 1



DELETE TEST
Status code: 200
number_of_rows: 81
Response,True,201
Status code: 200
number_of_rows_after_delete: 80
delete_test: 1
------------------------------



Status code: 200
theUrl: http://localhost:8080/test/api/perfil
Status code: 200
INITIAL NUMBER OF ROWS: 104



CREATE TEST
http://localhost:8080/test/api/perfil
{"nombre":"Nombre 1","descripcion":"Descripcion 1","estado":105,"codigo":"Codigo 1"}
Response,True,201
True
http://localhost:8080/test/api/perfil
{"nombre":"Nombre 2","descripcion":"Descripcion 2","estado":116,"codigo":"Codigo 2"}
Response,True,201
True
http://localhost:8080/test/api/perfil
{"nombre":"Nombre 3","descripcion":"Descripcion 3","estado":95,"codigo":"Codigo 3"}
Response,True,201
True
http://localhost:8080/test/api/perfil
{"nombre":"Nombre 4","descripcion":"Descripcion 4","estado":72,"codigo":"Codigo 4"}
Response,True,201
True
http://localhost:8080/test/api/perfil
{"nombre":"Nombre 5","descripcion":"Descripcion 5","estado":58,"codigo":"Codigo 5"}
Response,True,201
True
http://localhost:8080/test/api/perfil
{"nombre":"Nombre 6","descripcion":"Descripcion 6","estado":19,"codigo":"Codigo 6"}
Response,True,201
True
http://localhost:8080/test/api/perfil
{"nombre":"Nombre 7","descripcion":"Descripcion 7","estado":21,"codigo":"Codigo 7"}
Response,True,201
True
http://localhost:8080/test/api/perfil
{"nombre":"Nombre 8","descripcion":"Descripcion 8","estado":29,"codigo":"Codigo 8"}
Response,True,201
True
http://localhost:8080/test/api/perfil
{"nombre":"Nombre 9","descripcion":"Descripcion 9","estado":91,"codigo":"Codigo 9"}
Response,True,201
True
http://localhost:8080/test/api/perfil
{"nombre":"Nombre 10","descripcion":"Descripcion 10","estado":69,"codigo":"Codigo 10"}
Response,True,201
True
Status code: 200


INITIAL NUMBER OF ROWS: 104
CREATE NUMBER OF ROWS AFTER CREATE: 114
create_test: 1



READ TEST
Status code: 200


number_of_rows: 114
[
{'id': 1, 'nombre': 'Nombre 1', 'descripcion': 'Descripcion 1', 'estado': 2, 'codigo': 'Codigo 1'},
 {'id': 2, 'nombre': 'Nombre 2', 'descripcion': 'Descripcion 2', 'estado': 5, 'codigo': 'Codigo 2'},
 {'id': 3, 'nombre': 'Nombre 3', 'descripcion': 'Descripcion 3', 'estado': 7, 'codigo': 'Codigo 3'},
 {'id': 4, 'nombre': 'Nombre 4', 'descripcion': 'Descripcion 4', 'estado': 6, 'codigo': 'Codigo 4'},
 {'id': 5, 'nombre': 'Nombre 5', 'descripcion': 'Descripcion 5', 'estado': 7, 'codigo': 'Codigo 5'},
 {'id': 6, 'nombre': 'Nombre 6', 'descripcion': 'Descripcion 6', 'estado': 8, 'codigo': 'Codigo 6'},
 {'id': 7, 'nombre': 'Nombre 7', 'descripcion': 'Descripcion 7', 'estado': 6, 'codigo': 'Codigo 7'},
 {'id': 8, 'nombre': 'Nombre 8', 'descripcion': 'Descripcion 8', 'estado': 8, 'codigo': 'Codigo 8'},
 {'id': 9, 'nombre': 'Nombre 9', 'descripcion': 'Descripcion 9', 'estado': 7, 'codigo': 'Codigo 9'},
 {'id': 111, 'nombre': 'Nombre 1', 'descripcion': 'Descripcion 1', 'estado': 48, 'codigo': 'Codigo 1'},
 {'id': 11, 'nombre': 'Nombre 1', 'descripcion': 'Descripcion 1', 'estado': 9, 'codigo': 'Codigo 1'},
 {'id': 12, 'nombre': 'Nombre 2', 'descripcion': 'Descripcion 2', 'estado': 3, 'codigo': 'Codigo 2'},
 {'id': 13, 'nombre': 'Nombre 3', 'descripcion': 'Descripcion 3', 'estado': 7, 'codigo': 'Codigo 3'},
 {'id': 14, 'nombre': 'Nombre 4', 'descripcion': 'Descripcion 4', 'estado': 3, 'codigo': 'Codigo 4'},
 {'id': 15, 'nombre': 'Nombre 5', 'descripcion': 'Descripcion 5', 'estado': 9, 'codigo': 'Codigo 5'},
 {'id': 16, 'nombre': 'Nombre 6', 'descripcion': 'Descripcion 6', 'estado': 2, 'codigo': 'Codigo 6'},
 {'id': 17, 'nombre': 'Nombre 7', 'descripcion': 'Descripcion 7', 'estado': 1, 'codigo': 'Codigo 7'},
 {'id': 18, 'nombre': 'Nombre 8', 'descripcion': 'Descripcion 8', 'estado': 7, 'codigo': 'Codigo 8'},
 {'id': 19, 'nombre': 'Nombre 9', 'descripcion': 'Descripcion 9', 'estado': 7, 'codigo': 'Codigo 9'},
 {'id': 91, 'nombre': 'Nombre 1', 'descripcion': 'Descripcion 1', 'estado': 6, 'codigo': 'Codigo 1'},
 {'id': 21, 'nombre': 'Nombre 1', 'descripcion': 'Descripcion 1', 'estado': 8, 'codigo': 'Codigo 1'},
 {'id': 22, 'nombre': 'Nombre 2', 'descripcion': 'Descripcion 2', 'estado': 5, 'codigo': 'Codigo 2'},
 {'id': 23, 'nombre': 'Nombre 3', 'descripcion': 'Descripcion 3', 'estado': 8, 'codigo': 'Codigo 3'},
 {'id': 24, 'nombre': 'Nombre 4', 'descripcion': 'Descripcion 4', 'estado': 8, 'codigo': 'Codigo 4'},
 {'id': 25, 'nombre': 'Nombre 5', 'descripcion': 'Descripcion 5', 'estado': 6, 'codigo': 'Codigo 5'},
 {'id': 26, 'nombre': 'Nombre 6', 'descripcion': 'Descripcion 6', 'estado': 9, 'codigo': 'Codigo 6'},
 {'id': 27, 'nombre': 'Nombre 7', 'descripcion': 'Descripcion 7', 'estado': 9, 'codigo': 'Codigo 7'},
 {'id': 28, 'nombre': 'Nombre 8', 'descripcion': 'Descripcion 8', 'estado': 3, 'codigo': 'Codigo 8'},
 {'id': 92, 'nombre': 'Nombre 2', 'descripcion': 'Descripcion 2', 'estado': 3, 'codigo': 'Codigo 2'},
 {'id': 31, 'nombre': 'Nombre 1', 'descripcion': 'Descripcion 1', 'estado': 4, 'codigo': 'Codigo 1'},
 {'id': 32, 'nombre': 'Nombre 2', 'descripcion': 'Descripcion 2', 'estado': 3, 'codigo': 'Codigo 2'},
 {'id': 33, 'nombre': 'Nombre 3', 'descripcion': 'Descripcion 3', 'estado': 1, 'codigo': 'Codigo 3'},
 {'id': 34, 'nombre': 'Nombre 4', 'descripcion': 'Descripcion 4', 'estado': 9, 'codigo': 'Codigo 4'},
 {'id': 35, 'nombre': 'Nombre 5', 'descripcion': 'Descripcion 5', 'estado': 2, 'codigo': 'Codigo 5'},
 {'id': 36, 'nombre': 'Nombre 6', 'descripcion': 'Descripcion 6', 'estado': 6, 'codigo': 'Codigo 6'},
 {'id': 37, 'nombre': 'Nombre 7', 'descripcion': 'Descripcion 7', 'estado': 5, 'codigo': 'Codigo 7'},
 {'id': 38, 'nombre': 'Nombre 8', 'descripcion': 'Descripcion 8', 'estado': 6, 'codigo': 'Codigo 8'},
 {'id': 39, 'nombre': 'Nombre 9', 'descripcion': 'Descripcion 9', 'estado': 3, 'codigo': 'Codigo 9'},
 {'id': 93, 'nombre': 'Nombre 3', 'descripcion': 'Descripcion 3', 'estado': 8, 'codigo': 'Codigo 3'},
 {'id': 41, 'nombre': 'Nombre 1', 'descripcion': 'Descripcion 1', 'estado': 4, 'codigo': 'Codigo 1'},
 {'id': 42, 'nombre': 'Nombre 2', 'descripcion': 'Descripcion 2', 'estado': 7, 'codigo': 'Codigo 2'},
 {'id': 43, 'nombre': 'Nombre 3', 'descripcion': 'Descripcion 3', 'estado': 8, 'codigo': 'Codigo 3'},
 {'id': 44, 'nombre': 'Nombre 4', 'descripcion': 'Descripcion 4', 'estado': 7, 'codigo': 'Codigo 4'},
 {'id': 45, 'nombre': 'Nombre 5', 'descripcion': 'Descripcion 5', 'estado': 6, 'codigo': 'Codigo 5'},
 {'id': 46, 'nombre': 'Nombre 6', 'descripcion': 'Descripcion 6', 'estado': 1, 'codigo': 'Codigo 6'},
 {'id': 47, 'nombre': 'Nombre 7', 'descripcion': 'Descripcion 7', 'estado': 5, 'codigo': 'Codigo 7'},
 {'id': 48, 'nombre': 'Nombre 8', 'descripcion': 'Descripcion 8', 'estado': 3, 'codigo': 'Codigo 8'},
 {'id': 49, 'nombre': 'Nombre 9', 'descripcion': 'Descripcion 9', 'estado': 8, 'codigo': 'Codigo 9'},
 {'id': 94, 'nombre': 'Nombre 4', 'descripcion': 'Descripcion 4', 'estado': 7, 'codigo': 'Codigo 4'},
 {'id': 51, 'nombre': 'Nombre 1', 'descripcion': 'Descripcion 1', 'estado': 4, 'codigo': 'Codigo 1'},
 {'id': 52, 'nombre': 'Nombre 2', 'descripcion': 'Descripcion 2', 'estado': 7, 'codigo': 'Codigo 2'},
 {'id': 53, 'nombre': 'Nombre 3', 'descripcion': 'Descripcion 3', 'estado': 1, 'codigo': 'Codigo 3'},
 {'id': 55, 'nombre': 'Nombre 5', 'descripcion': 'Descripcion 5', 'estado': 7, 'codigo': 'Codigo 5'},
 {'id': 56, 'nombre': 'Nombre 6', 'descripcion': 'Descripcion 6', 'estado': 8, 'codigo': 'Codigo 6'},
 {'id': 57, 'nombre': 'Nombre 7', 'descripcion': 'Descripcion 7', 'estado': 8, 'codigo': 'Codigo 7'},
 {'id': 58, 'nombre': 'Nombre 8', 'descripcion': 'Descripcion 8', 'estado': 4, 'codigo': 'Codigo 8'},
 {'id': 59, 'nombre': 'Nombre 9', 'descripcion': 'Descripcion 9', 'estado': 4, 'codigo': 'Codigo 9'},
 {'id': 95, 'nombre': 'Nombre 5', 'descripcion': 'Descripcion 5', 'estado': 6, 'codigo': 'Codigo 5'},
 {'id': 61, 'nombre': 'Nombre 1', 'descripcion': 'Descripcion 1', 'estado': 6, 'codigo': 'Codigo 1'},
 {'id': 62, 'nombre': 'Nombre 2', 'descripcion': 'Descripcion 2', 'estado': 9, 'codigo': 'Codigo 2'},
 {'id': 63, 'nombre': 'Nombre 3', 'descripcion': 'Descripcion 3', 'estado': 9, 'codigo': 'Codigo 3'},
 {'id': 64, 'nombre': 'Nombre 4', 'descripcion': 'Descripcion 4', 'estado': 1, 'codigo': 'Codigo 4'},
 {'id': 65, 'nombre': 'Nombre 5', 'descripcion': 'Descripcion 5', 'estado': 9, 'codigo': 'Codigo 5'},
 {'id': 66, 'nombre': 'Nombre 6', 'descripcion': 'Descripcion 6', 'estado': 8, 'codigo': 'Codigo 6'},
 {'id': 67, 'nombre': 'Nombre 7', 'descripcion': 'Descripcion 7', 'estado': 2, 'codigo': 'Codigo 7'},
 {'id': 68, 'nombre': 'Nombre 8', 'descripcion': 'Descripcion 8', 'estado': 2, 'codigo': 'Codigo 8'},
 {'id': 69, 'nombre': 'Nombre 9', 'descripcion': 'Descripcion 9', 'estado': 2, 'codigo': 'Codigo 9'},
 {'id': 96, 'nombre': 'Nombre 6', 'descripcion': 'Descripcion 6', 'estado': 7, 'codigo': 'Codigo 6'},
 {'id': 71, 'nombre': 'Nombre 1', 'descripcion': 'Descripcion 1', 'estado': 4, 'codigo': 'Codigo 1'},
 {'id': 73, 'nombre': 'Nombre 3', 'descripcion': 'Descripcion 3', 'estado': 8, 'codigo': 'Codigo 3'},
 {'id': 74, 'nombre': 'Nombre 4', 'descripcion': 'Descripcion 4', 'estado': 1, 'codigo': 'Codigo 4'},
 {'id': 75, 'nombre': 'Nombre 5', 'descripcion': 'Descripcion 5', 'estado': 4, 'codigo': 'Codigo 5'},
 {'id': 76, 'nombre': 'Nombre 6', 'descripcion': 'Descripcion 6', 'estado': 1, 'codigo': 'Codigo 6'},
 {'id': 77, 'nombre': 'Nombre 7', 'descripcion': 'Descripcion 7', 'estado': 9, 'codigo': 'Codigo 7'},
 {'id': 78, 'nombre': 'Nombre 8', 'descripcion': 'Descripcion 8', 'estado': 6, 'codigo': 'Codigo 8'},
 {'id': 79, 'nombre': 'Nombre 9', 'descripcion': 'Descripcion 9', 'estado': 6, 'codigo': 'Codigo 9'},
 {'id': 97, 'nombre': 'Nombre 7', 'descripcion': 'Descripcion 7', 'estado': 3, 'codigo': 'Codigo 7'},
 {'id': 81, 'nombre': 'Nombre 1', 'descripcion': 'Descripcion 1', 'estado': 2, 'codigo': 'Codigo 1'},
 {'id': 82, 'nombre': 'Nombre 2', 'descripcion': 'Descripcion 2', 'estado': 5, 'codigo': 'Codigo 2'},
 {'id': 83, 'nombre': 'Nombre 3', 'descripcion': 'Descripcion 3', 'estado': 7, 'codigo': 'Codigo 3'},
 {'id': 84, 'nombre': 'Nombre 4', 'descripcion': 'Descripcion 4', 'estado': 7, 'codigo': 'Codigo 4'},
 {'id': 85, 'nombre': 'Nombre 5', 'descripcion': 'Descripcion 5', 'estado': 8, 'codigo': 'Codigo 5'},
 {'id': 86, 'nombre': 'Nombre 6', 'descripcion': 'Descripcion 6', 'estado': 8, 'codigo': 'Codigo 6'},
 {'id': 88, 'nombre': 'Nombre 8', 'descripcion': 'Descripcion 8', 'estado': 3, 'codigo': 'Codigo 8'},
 {'id': 89, 'nombre': 'Nombre 9', 'descripcion': 'Descripcion 9', 'estado': 3, 'codigo': 'Codigo 9'},
 {'id': 98, 'nombre': 'Nombre 8', 'descripcion': 'Descripcion 8', 'estado': 7, 'codigo': 'Codigo 8'},
 {'id': 99, 'nombre': 'Nombre 9', 'descripcion': 'Descripcion 9', 'estado': 7, 'codigo': 'Codigo 9'},
 {'id': 112, 'nombre': 'Nombre 2', 'descripcion': 'Descripcion 2', 'estado': 21, 'codigo': 'Codigo 2'},
 {'id': 101, 'nombre': 'Nombre 1', 'descripcion': 'Descripcion 1', 'estado': 51, 'codigo': 'Codigo 1'},
 {'id': 102, 'nombre': 'Nombre 2', 'descripcion': 'Descripcion 2', 'estado': 34, 'codigo': 'Codigo 2'},
 {'id': 103, 'nombre': 'Nombre 3', 'descripcion': 'Descripcion 3', 'estado': 32, 'codigo': 'Codigo 3'},
 {'id': 104, 'nombre': 'Nombre 4', 'descripcion': 'Descripcion 4', 'estado': 13, 'codigo': 'Codigo 4'},
 {'id': 105, 'nombre': 'Nombre 5', 'descripcion': 'Descripcion 5', 'estado': 32, 'codigo': 'Codigo 5'},
 {'id': 106, 'nombre': 'Nombre 6', 'descripcion': 'Descripcion 6', 'estado': 13, 'codigo': 'Codigo 6'},
 {'id': 107, 'nombre': 'Nombre 7', 'descripcion': 'Descripcion 7', 'estado': 26, 'codigo': 'Codigo 7'},
 {'id': 108, 'nombre': 'Nombre 8', 'descripcion': 'Descripcion 8', 'estado': 27, 'codigo': 'Codigo 8'},
 {'id': 109, 'nombre': 'Nombre 9', 'descripcion': 'Descripcion 9', 'estado': 68, 'codigo': 'Codigo 9'},
 {'id': 113, 'nombre': 'Nombre 3', 'descripcion': 'Descripcion 3', 'estado': 73, 'codigo': 'Codigo 3'},
 {'id': 114, 'nombre': 'Nombre 4', 'descripcion': 'Descripcion 4', 'estado': 32, 'codigo': 'Codigo 4'},
 {'id': 115, 'nombre': 'Nombre 5', 'descripcion': 'Descripcion 5', 'estado': 51, 'codigo': 'Codigo 5'},
 {'id': 116, 'nombre': 'Nombre 6', 'descripcion': 'Descripcion 6', 'estado': 21, 'codigo': 'Codigo 6'},
 {'id': 117, 'nombre': 'Nombre 7', 'descripcion': 'Descripcion 7', 'estado': 13, 'codigo': 'Codigo 7'},
 {'id': 118, 'nombre': 'Nombre 8', 'descripcion': 'Descripcion 8', 'estado': 95, 'codigo': 'Codigo 8'},
 {'id': 119, 'nombre': 'Nombre 9', 'descripcion': 'Descripcion 9', 'estado': 65, 'codigo': 'Codigo 9'},
 {'id': 121, 'nombre': 'Nombre 1', 'descripcion': 'Descripcion 1', 'estado': 105, 'codigo': 'Codigo 1'},
 {'id': 122, 'nombre': 'Nombre 2', 'descripcion': 'Descripcion 2', 'estado': 116, 'codigo': 'Codigo 2'},
 {'id': 123, 'nombre': 'Nombre 3', 'descripcion': 'Descripcion 3', 'estado': 95, 'codigo': 'Codigo 3'},
 {'id': 124, 'nombre': 'Nombre 4', 'descripcion': 'Descripcion 4', 'estado': 72, 'codigo': 'Codigo 4'},
 {'id': 125, 'nombre': 'Nombre 5', 'descripcion': 'Descripcion 5', 'estado': 58, 'codigo': 'Codigo 5'},
 {'id': 126, 'nombre': 'Nombre 6', 'descripcion': 'Descripcion 6', 'estado': 19, 'codigo': 'Codigo 6'},
 {'id': 127, 'nombre': 'Nombre 7', 'descripcion': 'Descripcion 7', 'estado': 21, 'codigo': 'Codigo 7'},
 {'id': 128, 'nombre': 'Nombre 8', 'descripcion': 'Descripcion 8', 'estado': 29, 'codigo': 'Codigo 8'},
 {'id': 129, 'nombre': 'Nombre 9', 'descripcion': 'Descripcion 9', 'estado': 91, 'codigo': 'Codigo 9'},
 {'id': 130, 'nombre': 'Nombre 10', 'descripcion': 'Descripcion 10', 'estado': 69, 'codigo': 'Codigo 10'}]

last_row _id: 130
read_test: 1



UPDATE TEST
http://localhost:8080/test/api/perfil/130
Response,True,201
Status code: 200


updata original_row: {'id': 130, 'nombre': 'Nombre 10', 'descripcion': 'Descripcion 10', 'estado': 69, 'codigo': 'Codigo 10'}
updata last_row: {'id': 130, 'nombre': 'Nombre 0', 'descripcion': 'Descripcion 0', 'estado': 128, 'codigo': 'Codigo 0'}
update_test: 1



DELETE TEST
Status code: 200
number_of_rows: 114
Response,True,201
Status code: 200
number_of_rows_after_delete: 113
delete_test: 1
------------------------------



theUrl: http://localhost:8080/test/api/tipo_identificacion
Status code: 200
INITIAL NUMBER OF ROWS: 108



CREATE TEST
http://localhost:8080/test/api/tipo_identificacion
{"nombre":"Nombre 1"}
Response,True,201
True
http://localhost:8080/test/api/tipo_identificacion
{"nombre":"Nombre 2"}
Response,True,201
True
http://localhost:8080/test/api/tipo_identificacion
{"nombre":"Nombre 3"}
Response,True,201
True
http://localhost:8080/test/api/tipo_identificacion
{"nombre":"Nombre 4"}
Response,True,201
True
http://localhost:8080/test/api/tipo_identificacion
{"nombre":"Nombre 5"}
Response,True,201
True
http://localhost:8080/test/api/tipo_identificacion
{"nombre":"Nombre 6"}
Response,True,201
True
http://localhost:8080/test/api/tipo_identificacion
{"nombre":"Nombre 7"}
Response,True,201
True
http://localhost:8080/test/api/tipo_identificacion
{"nombre":"Nombre 8"}
Response,True,201
True
http://localhost:8080/test/api/tipo_identificacion
{"nombre":"Nombre 9"}
Response,True,201
True
http://localhost:8080/test/api/tipo_identificacion
{"nombre":"Nombre 10"}
Response,True,201
True
Status code: 200


INITIAL NUMBER OF ROWS: 108
CREATE NUMBER OF ROWS AFTER CREATE: 118
create_test: 1



READ TEST
Status code: 200


number_of_rows: 118
[
{'id': 1, 'nombre': 'Nombre 1'},
 {'id': 2, 'nombre': 'Nombre 2'},
 {'id': 3, 'nombre': 'Nombre 3'},
 {'id': 4, 'nombre': 'Nombre 4'},
 {'id': 5, 'nombre': 'Nombre 5'},
 {'id': 6, 'nombre': 'Nombre 6'},
 {'id': 7, 'nombre': 'Nombre 7'},
 {'id': 8, 'nombre': 'Nombre 8'},
 {'id': 9, 'nombre': 'Nombre 9'},
 {'id': 11, 'nombre': 'Nombre 1'},
 {'id': 12, 'nombre': 'Nombre 2'},
 {'id': 13, 'nombre': 'Nombre 3'},
 {'id': 14, 'nombre': 'Nombre 4'},
 {'id': 15, 'nombre': 'Nombre 5'},
 {'id': 16, 'nombre': 'Nombre 6'},
 {'id': 17, 'nombre': 'Nombre 7'},
 {'id': 18, 'nombre': 'Nombre 8'},
 {'id': 19, 'nombre': 'Nombre 9'},
 {'id': 21, 'nombre': 'Nombre 1'},
 {'id': 22, 'nombre': 'Nombre 2'},
 {'id': 23, 'nombre': 'Nombre 3'},
 {'id': 24, 'nombre': 'Nombre 4'},
 {'id': 25, 'nombre': 'Nombre 5'},
 {'id': 26, 'nombre': 'Nombre 6'},
 {'id': 27, 'nombre': 'Nombre 7'},
 {'id': 28, 'nombre': 'Nombre 8'},
 {'id': 29, 'nombre': 'Nombre 9'},
 {'id': 31, 'nombre': 'Nombre 1'},
 {'id': 32, 'nombre': 'Nombre 2'},
 {'id': 33, 'nombre': 'Nombre 3'},
 {'id': 34, 'nombre': 'Nombre 4'},
 {'id': 35, 'nombre': 'Nombre 5'},
 {'id': 36, 'nombre': 'Nombre 6'},
 {'id': 37, 'nombre': 'Nombre 7'},
 {'id': 38, 'nombre': 'Nombre 8'},
 {'id': 39, 'nombre': 'Nombre 9'},
 {'id': 41, 'nombre': 'Nombre 1'},
 {'id': 42, 'nombre': 'Nombre 2'},
 {'id': 43, 'nombre': 'Nombre 3'},
 {'id': 44, 'nombre': 'Nombre 4'},
 {'id': 45, 'nombre': 'Nombre 5'},
 {'id': 46, 'nombre': 'Nombre 6'},
 {'id': 47, 'nombre': 'Nombre 7'},
 {'id': 48, 'nombre': 'Nombre 8'},
 {'id': 49, 'nombre': 'Nombre 9'},
 {'id': 51, 'nombre': 'Nombre 1'},
 {'id': 52, 'nombre': 'Nombre 2'},
 {'id': 53, 'nombre': 'Nombre 3'},
 {'id': 54, 'nombre': 'Nombre 4'},
 {'id': 55, 'nombre': 'Nombre 5'},
 {'id': 56, 'nombre': 'Nombre 6'},
 {'id': 57, 'nombre': 'Nombre 7'},
 {'id': 58, 'nombre': 'Nombre 8'},
 {'id': 59, 'nombre': 'Nombre 9'},
 {'id': 61, 'nombre': 'Nombre 1'},
 {'id': 62, 'nombre': 'Nombre 2'},
 {'id': 63, 'nombre': 'Nombre 3'},
 {'id': 64, 'nombre': 'Nombre 4'},
 {'id': 65, 'nombre': 'Nombre 5'},
 {'id': 66, 'nombre': 'Nombre 6'},
 {'id': 67, 'nombre': 'Nombre 7'},
 {'id': 68, 'nombre': 'Nombre 8'},
 {'id': 69, 'nombre': 'Nombre 9'},
 {'id': 71, 'nombre': 'Nombre 1'},
 {'id': 72, 'nombre': 'Nombre 2'},
 {'id': 73, 'nombre': 'Nombre 3'},
 {'id': 74, 'nombre': 'Nombre 4'},
 {'id': 75, 'nombre': 'Nombre 5'},
 {'id': 76, 'nombre': 'Nombre 6'},
 {'id': 77, 'nombre': 'Nombre 7'},
 {'id': 78, 'nombre': 'Nombre 8'},
 {'id': 79, 'nombre': 'Nombre 9'},
 {'id': 81, 'nombre': 'Nombre 1'},
 {'id': 82, 'nombre': 'Nombre 2'},
 {'id': 83, 'nombre': 'Nombre 3'},
 {'id': 84, 'nombre': 'Nombre 4'},
 {'id': 85, 'nombre': 'Nombre 5'},
 {'id': 86, 'nombre': 'Nombre 6'},
 {'id': 87, 'nombre': 'Nombre 7'},
 {'id': 88, 'nombre': 'Nombre 8'},
 {'id': 89, 'nombre': 'Nombre 9'},
 {'id': 91, 'nombre': 'Nombre 1'},
 {'id': 92, 'nombre': 'Nombre 2'},
 {'id': 93, 'nombre': 'Nombre 3'},
 {'id': 94, 'nombre': 'Nombre 4'},
 {'id': 95, 'nombre': 'Nombre 5'},
 {'id': 96, 'nombre': 'Nombre 6'},
 {'id': 97, 'nombre': 'Nombre 7'},
 {'id': 98, 'nombre': 'Nombre 8'},
 {'id': 99, 'nombre': 'Nombre 9'},
 {'id': 101, 'nombre': 'Nombre 1'},
 {'id': 102, 'nombre': 'Nombre 2'},
 {'id': 103, 'nombre': 'Nombre 3'},
 {'id': 104, 'nombre': 'Nombre 4'},
 {'id': 105, 'nombre': 'Nombre 5'},
 {'id': 106, 'nombre': 'Nombre 6'},
 {'id': 107, 'nombre': 'Nombre 7'},
 {'id': 108, 'nombre': 'Nombre 8'},
 {'id': 109, 'nombre': 'Nombre 9'},
 {'id': 111, 'nombre': 'Nombre 1'},
 {'id': 112, 'nombre': 'Nombre 2'},
 {'id': 113, 'nombre': 'Nombre 3'},
 {'id': 114, 'nombre': 'Nombre 4'},
 {'id': 115, 'nombre': 'Nombre 5'},
 {'id': 116, 'nombre': 'Nombre 6'},
 {'id': 117, 'nombre': 'Nombre 7'},
 {'id': 118, 'nombre': 'Nombre 8'},
 {'id': 119, 'nombre': 'Nombre 9'},
 {'id': 121, 'nombre': 'Nombre 1'},
 {'id': 122, 'nombre': 'Nombre 2'},
 {'id': 123, 'nombre': 'Nombre 3'},
 {'id': 124, 'nombre': 'Nombre 4'},
 {'id': 125, 'nombre': 'Nombre 5'},
 {'id': 126, 'nombre': 'Nombre 6'},
 {'id': 127, 'nombre': 'Nombre 7'},
 {'id': 128, 'nombre': 'Nombre 8'},
 {'id': 129, 'nombre': 'Nombre 9'},
 {'id': 130, 'nombre': 'Nombre 10'}]

last_row _id: 130
read_test: 1



UPDATE TEST
http://localhost:8080/test/api/tipo_identificacion/130
Response,True,201
Status code: 200


updata original_row: {'id': 130, 'nombre': 'Nombre 10'}
updata last_row: {'id': 130, 'nombre': 'Nombre 0'}
update_test: 1



DELETE TEST
Status code: 200
number_of_rows: 118
Response,True,201
Status code: 200
number_of_rows_after_delete: 117
delete_test: 1
------------------------------



Status code: 200
Status code: 200
theUrl: http://localhost:8080/test/api/persona
Status code: 200
INITIAL NUMBER OF ROWS: 90



CREATE TEST
http://localhost:8080/test/api/persona
{"nombre":"Nombre 1","apellido":"Apellido 1","tipo_identificacion":78,"num_identificacion":"Num_identificacion 1","genero":true,"fecha_nacimiento":"2024-05-03","email":"Email 1","direccion":"Direccion 1","celular":"Celular 1","estado":58}
Response,True,201
True
http://localhost:8080/test/api/persona
{"nombre":"Nombre 2","apellido":"Apellido 2","tipo_identificacion":31,"num_identificacion":"Num_identificacion 2","genero":true,"fecha_nacimiento":"2024-05-03","email":"Email 2","direccion":"Direccion 2","celular":"Celular 2","estado":46}
Response,True,201
True
http://localhost:8080/test/api/persona
{"nombre":"Nombre 3","apellido":"Apellido 3","tipo_identificacion":48,"num_identificacion":"Num_identificacion 3","genero":true,"fecha_nacimiento":"2024-05-03","email":"Email 3","direccion":"Direccion 3","celular":"Celular 3","estado":9}
Response,True,201
True
http://localhost:8080/test/api/persona
{"nombre":"Nombre 4","apellido":"Apellido 4","tipo_identificacion":14,"num_identificacion":"Num_identificacion 4","genero":true,"fecha_nacimiento":"2024-05-03","email":"Email 4","direccion":"Direccion 4","celular":"Celular 4","estado":111}
Response,True,201
True
http://localhost:8080/test/api/persona
{"nombre":"Nombre 5","apellido":"Apellido 5","tipo_identificacion":51,"num_identificacion":"Num_identificacion 5","genero":true,"fecha_nacimiento":"2024-05-03","email":"Email 5","direccion":"Direccion 5","celular":"Celular 5","estado":111}
Response,True,201
True
http://localhost:8080/test/api/persona
{"nombre":"Nombre 6","apellido":"Apellido 6","tipo_identificacion":37,"num_identificacion":"Num_identificacion 6","genero":true,"fecha_nacimiento":"2024-05-03","email":"Email 6","direccion":"Direccion 6","celular":"Celular 6","estado":87}
Response,True,201
True
http://localhost:8080/test/api/persona
{"nombre":"Nombre 7","apellido":"Apellido 7","tipo_identificacion":29,"num_identificacion":"Num_identificacion 7","genero":true,"fecha_nacimiento":"2024-05-03","email":"Email 7","direccion":"Direccion 7","celular":"Celular 7","estado":41}
Response,True,201
True
http://localhost:8080/test/api/persona
{"nombre":"Nombre 8","apellido":"Apellido 8","tipo_identificacion":47,"num_identificacion":"Num_identificacion 8","genero":true,"fecha_nacimiento":"2024-05-03","email":"Email 8","direccion":"Direccion 8","celular":"Celular 8","estado":124}
Response,True,201
True
http://localhost:8080/test/api/persona
{"nombre":"Nombre 9","apellido":"Apellido 9","tipo_identificacion":61,"num_identificacion":"Num_identificacion 9","genero":true,"fecha_nacimiento":"2024-05-03","email":"Email 9","direccion":"Direccion 9","celular":"Celular 9","estado":109}
Response,True,201
True
http://localhost:8080/test/api/persona
{"nombre":"Nombre 10","apellido":"Apellido 10","tipo_identificacion":71,"num_identificacion":"Num_identificacion 1","genero":true,"fecha_nacimiento":"2024-05-03","email":"Email 10","direccion":"Direccion 10","celular":"Celular 10","estado":125}
Response,True,201
True
Status code: 200


INITIAL NUMBER OF ROWS: 90
CREATE NUMBER OF ROWS AFTER CREATE: 100
create_test: 1



READ TEST
Status code: 200


number_of_rows: 100
[
{'id': 2, 'nombre': 'Nombre 2', 'apellido': 'Apellido 2', 'tipo_identificacion': 1, 'num_identificacion': 'Num_identificacion 2', 'genero': True, 'fecha_nacimiento': '2024-05-02', 'email': 'Email 2', 'direccion': 'Direccion 2', 'celular': 'Celular 2', 'estado': 2},
 {'id': 3, 'nombre': 'Nombre 3', 'apellido': 'Apellido 3', 'tipo_identificacion': 2, 'num_identificacion': 'Num_identificacion 3', 'genero': True, 'fecha_nacimiento': '2024-05-02', 'email': 'Email 3', 'direccion': 'Direccion 3', 'celular': 'Celular 3', 'estado': 9},
 {'id': 4, 'nombre': 'Nombre 4', 'apellido': 'Apellido 4', 'tipo_identificacion': 1, 'num_identificacion': 'Num_identificacion 4', 'genero': True, 'fecha_nacimiento': '2024-05-02', 'email': 'Email 4', 'direccion': 'Direccion 4', 'celular': 'Celular 4', 'estado': 5},
 {'id': 5, 'nombre': 'Nombre 5', 'apellido': 'Apellido 5', 'tipo_identificacion': 5, 'num_identificacion': 'Num_identificacion 5', 'genero': True, 'fecha_nacimiento': '2024-05-02', 'email': 'Email 5', 'direccion': 'Direccion 5', 'celular': 'Celular 5', 'estado': 3},
 {'id': 6, 'nombre': 'Nombre 6', 'apellido': 'Apellido 6', 'tipo_identificacion': 5, 'num_identificacion': 'Num_identificacion 6', 'genero': True, 'fecha_nacimiento': '2024-05-02', 'email': 'Email 6', 'direccion': 'Direccion 6', 'celular': 'Celular 6', 'estado': 8},
 {'id': 7, 'nombre': 'Nombre 7', 'apellido': 'Apellido 7', 'tipo_identificacion': 5, 'num_identificacion': 'Num_identificacion 7', 'genero': True, 'fecha_nacimiento': '2024-05-02', 'email': 'Email 7', 'direccion': 'Direccion 7', 'celular': 'Celular 7', 'estado': 6},
 {'id': 8, 'nombre': 'Nombre 8', 'apellido': 'Apellido 8', 'tipo_identificacion': 4, 'num_identificacion': 'Num_identificacion 8', 'genero': True, 'fecha_nacimiento': '2024-05-02', 'email': 'Email 8', 'direccion': 'Direccion 8', 'celular': 'Celular 8', 'estado': 8},
 {'id': 11, 'nombre': 'Nombre 1', 'apellido': 'Apellido 1', 'tipo_identificacion': 8, 'num_identificacion': 'Num_identificacion 1', 'genero': True, 'fecha_nacimiento': '2024-05-02', 'email': 'Email 1', 'direccion': 'Direccion 1', 'celular': 'Celular 1', 'estado': 3},
 {'id': 12, 'nombre': 'Nombre 2', 'apellido': 'Apellido 2', 'tipo_identificacion': 9, 'num_identificacion': 'Num_identificacion 2', 'genero': True, 'fecha_nacimiento': '2024-05-02', 'email': 'Email 2', 'direccion': 'Direccion 2', 'celular': 'Celular 2', 'estado': 7},
 {'id': 14, 'nombre': 'Nombre 4', 'apellido': 'Apellido 4', 'tipo_identificacion': 5, 'num_identificacion': 'Num_identificacion 4', 'genero': True, 'fecha_nacimiento': '2024-05-02', 'email': 'Email 4', 'direccion': 'Direccion 4', 'celular': 'Celular 4', 'estado': 2},
 {'id': 15, 'nombre': 'Nombre 5', 'apellido': 'Apellido 5', 'tipo_identificacion': 2, 'num_identificacion': 'Num_identificacion 5', 'genero': True, 'fecha_nacimiento': '2024-05-02', 'email': 'Email 5', 'direccion': 'Direccion 5', 'celular': 'Celular 5', 'estado': 4},
 {'id': 16, 'nombre': 'Nombre 6', 'apellido': 'Apellido 6', 'tipo_identificacion': 4, 'num_identificacion': 'Num_identificacion 6', 'genero': True, 'fecha_nacimiento': '2024-05-02', 'email': 'Email 6', 'direccion': 'Direccion 6', 'celular': 'Celular 6', 'estado': 7},
 {'id': 17, 'nombre': 'Nombre 7', 'apellido': 'Apellido 7', 'tipo_identificacion': 4, 'num_identificacion': 'Num_identificacion 7', 'genero': True, 'fecha_nacimiento': '2024-05-02', 'email': 'Email 7', 'direccion': 'Direccion 7', 'celular': 'Celular 7', 'estado': 8},
 {'id': 18, 'nombre': 'Nombre 8', 'apellido': 'Apellido 8', 'tipo_identificacion': 9, 'num_identificacion': 'Num_identificacion 8', 'genero': True, 'fecha_nacimiento': '2024-05-02', 'email': 'Email 8', 'direccion': 'Direccion 8', 'celular': 'Celular 8', 'estado': 9},
 {'id': 21, 'nombre': 'Nombre 1', 'apellido': 'Apellido 1', 'tipo_identificacion': 8, 'num_identificacion': 'Num_identificacion 1', 'genero': True, 'fecha_nacimiento': '2024-05-02', 'email': 'Email 1', 'direccion': 'Direccion 1', 'celular': 'Celular 1', 'estado': 3},
 {'id': 22, 'nombre': 'Nombre 2', 'apellido': 'Apellido 2', 'tipo_identificacion': 3, 'num_identificacion': 'Num_identificacion 2', 'genero': True, 'fecha_nacimiento': '2024-05-02', 'email': 'Email 2', 'direccion': 'Direccion 2', 'celular': 'Celular 2', 'estado': 1},
 {'id': 23, 'nombre': 'Nombre 3', 'apellido': 'Apellido 3', 'tipo_identificacion': 9, 'num_identificacion': 'Num_identificacion 3', 'genero': True, 'fecha_nacimiento': '2024-05-02', 'email': 'Email 3', 'direccion': 'Direccion 3', 'celular': 'Celular 3', 'estado': 4},
 {'id': 24, 'nombre': 'Nombre 4', 'apellido': 'Apellido 4', 'tipo_identificacion': 6, 'num_identificacion': 'Num_identificacion 4', 'genero': True, 'fecha_nacimiento': '2024-05-02', 'email': 'Email 4', 'direccion': 'Direccion 4', 'celular': 'Celular 4', 'estado': 8},
 {'id': 25, 'nombre': 'Nombre 5', 'apellido': 'Apellido 5', 'tipo_identificacion': 2, 'num_identificacion': 'Num_identificacion 5', 'genero': True, 'fecha_nacimiento': '2024-05-02', 'email': 'Email 5', 'direccion': 'Direccion 5', 'celular': 'Celular 5', 'estado': 9},
 {'id': 26, 'nombre': 'Nombre 6', 'apellido': 'Apellido 6', 'tipo_identificacion': 1, 'num_identificacion': 'Num_identificacion 6', 'genero': True, 'fecha_nacimiento': '2024-05-02', 'email': 'Email 6', 'direccion': 'Direccion 6', 'celular': 'Celular 6', 'estado': 3},
 {'id': 27, 'nombre': 'Nombre 7', 'apellido': 'Apellido 7', 'tipo_identificacion': 4, 'num_identificacion': 'Num_identificacion 7', 'genero': True, 'fecha_nacimiento': '2024-05-02', 'email': 'Email 7', 'direccion': 'Direccion 7', 'celular': 'Celular 7', 'estado': 1},
 {'id': 28, 'nombre': 'Nombre 8', 'apellido': 'Apellido 8', 'tipo_identificacion': 3, 'num_identificacion': 'Num_identificacion 8', 'genero': True, 'fecha_nacimiento': '2024-05-02', 'email': 'Email 8', 'direccion': 'Direccion 8', 'celular': 'Celular 8', 'estado': 1},
 {'id': 29, 'nombre': 'Nombre 9', 'apellido': 'Apellido 9', 'tipo_identificacion': 9, 'num_identificacion': 'Num_identificacion 9', 'genero': True, 'fecha_nacimiento': '2024-05-02', 'email': 'Email 9', 'direccion': 'Direccion 9', 'celular': 'Celular 9', 'estado': 2},
 {'id': 32, 'nombre': 'Nombre 2', 'apellido': 'Apellido 2', 'tipo_identificacion': 3, 'num_identificacion': 'Num_identificacion 2', 'genero': True, 'fecha_nacimiento': '2024-05-02', 'email': 'Email 2', 'direccion': 'Direccion 2', 'celular': 'Celular 2', 'estado': 2},
 {'id': 33, 'nombre': 'Nombre 3', 'apellido': 'Apellido 3', 'tipo_identificacion': 6, 'num_identificacion': 'Num_identificacion 3', 'genero': True, 'fecha_nacimiento': '2024-05-02', 'email': 'Email 3', 'direccion': 'Direccion 3', 'celular': 'Celular 3', 'estado': 6},
 {'id': 35, 'nombre': 'Nombre 5', 'apellido': 'Apellido 5', 'tipo_identificacion': 2, 'num_identificacion': 'Num_identificacion 5', 'genero': True, 'fecha_nacimiento': '2024-05-02', 'email': 'Email 5', 'direccion': 'Direccion 5', 'celular': 'Celular 5', 'estado': 5},
 {'id': 36, 'nombre': 'Nombre 6', 'apellido': 'Apellido 6', 'tipo_identificacion': 6, 'num_identificacion': 'Num_identificacion 6', 'genero': True, 'fecha_nacimiento': '2024-05-02', 'email': 'Email 6', 'direccion': 'Direccion 6', 'celular': 'Celular 6', 'estado': 4},
 {'id': 37, 'nombre': 'Nombre 7', 'apellido': 'Apellido 7', 'tipo_identificacion': 2, 'num_identificacion': 'Num_identificacion 7', 'genero': True, 'fecha_nacimiento': '2024-05-02', 'email': 'Email 7', 'direccion': 'Direccion 7', 'celular': 'Celular 7', 'estado': 5},
 {'id': 38, 'nombre': 'Nombre 8', 'apellido': 'Apellido 8', 'tipo_identificacion': 6, 'num_identificacion': 'Num_identificacion 8', 'genero': True, 'fecha_nacimiento': '2024-05-02', 'email': 'Email 8', 'direccion': 'Direccion 8', 'celular': 'Celular 8', 'estado': 6},
 {'id': 41, 'nombre': 'Nombre 1', 'apellido': 'Apellido 1', 'tipo_identificacion': 3, 'num_identificacion': 'Num_identificacion 1', 'genero': True, 'fecha_nacimiento': '2024-05-02', 'email': 'Email 1', 'direccion': 'Direccion 1', 'celular': 'Celular 1', 'estado': 2},
 {'id': 43, 'nombre': 'Nombre 3', 'apellido': 'Apellido 3', 'tipo_identificacion': 7, 'num_identificacion': 'Num_identificacion 3', 'genero': True, 'fecha_nacimiento': '2024-05-02', 'email': 'Email 3', 'direccion': 'Direccion 3', 'celular': 'Celular 3', 'estado': 3},
 {'id': 44, 'nombre': 'Nombre 4', 'apellido': 'Apellido 4', 'tipo_identificacion': 3, 'num_identificacion': 'Num_identificacion 4', 'genero': True, 'fecha_nacimiento': '2024-05-02', 'email': 'Email 4', 'direccion': 'Direccion 4', 'celular': 'Celular 4', 'estado': 7},
 {'id': 45, 'nombre': 'Nombre 5', 'apellido': 'Apellido 5', 'tipo_identificacion': 3, 'num_identificacion': 'Num_identificacion 5', 'genero': True, 'fecha_nacimiento': '2024-05-02', 'email': 'Email 5', 'direccion': 'Direccion 5', 'celular': 'Celular 5', 'estado': 9},
 {'id': 46, 'nombre': 'Nombre 6', 'apellido': 'Apellido 6', 'tipo_identificacion': 5, 'num_identificacion': 'Num_identificacion 6', 'genero': True, 'fecha_nacimiento': '2024-05-02', 'email': 'Email 6', 'direccion': 'Direccion 6', 'celular': 'Celular 6', 'estado': 1},
 {'id': 47, 'nombre': 'Nombre 7', 'apellido': 'Apellido 7', 'tipo_identificacion': 3, 'num_identificacion': 'Num_identificacion 7', 'genero': True, 'fecha_nacimiento': '2024-05-02', 'email': 'Email 7', 'direccion': 'Direccion 7', 'celular': 'Celular 7', 'estado': 6},
 {'id': 48, 'nombre': 'Nombre 8', 'apellido': 'Apellido 8', 'tipo_identificacion': 2, 'num_identificacion': 'Num_identificacion 8', 'genero': True, 'fecha_nacimiento': '2024-05-02', 'email': 'Email 8', 'direccion': 'Direccion 8', 'celular': 'Celular 8', 'estado': 3},
 {'id': 51, 'nombre': 'Nombre 1', 'apellido': 'Apellido 1', 'tipo_identificacion': 9, 'num_identificacion': 'Num_identificacion 1', 'genero': True, 'fecha_nacimiento': '2024-05-02', 'email': 'Email 1', 'direccion': 'Direccion 1', 'celular': 'Celular 1', 'estado': 3},
 {'id': 52, 'nombre': 'Nombre 2', 'apellido': 'Apellido 2', 'tipo_identificacion': 3, 'num_identificacion': 'Num_identificacion 2', 'genero': True, 'fecha_nacimiento': '2024-05-02', 'email': 'Email 2', 'direccion': 'Direccion 2', 'celular': 'Celular 2', 'estado': 8},
 {'id': 54, 'nombre': 'Nombre 4', 'apellido': 'Apellido 4', 'tipo_identificacion': 9, 'num_identificacion': 'Num_identificacion 4', 'genero': True, 'fecha_nacimiento': '2024-05-02', 'email': 'Email 4', 'direccion': 'Direccion 4', 'celular': 'Celular 4', 'estado': 6},
 {'id': 55, 'nombre': 'Nombre 5', 'apellido': 'Apellido 5', 'tipo_identificacion': 6, 'num_identificacion': 'Num_identificacion 5', 'genero': True, 'fecha_nacimiento': '2024-05-02', 'email': 'Email 5', 'direccion': 'Direccion 5', 'celular': 'Celular 5', 'estado': 4},
 {'id': 56, 'nombre': 'Nombre 6', 'apellido': 'Apellido 6', 'tipo_identificacion': 9, 'num_identificacion': 'Num_identificacion 6', 'genero': True, 'fecha_nacimiento': '2024-05-02', 'email': 'Email 6', 'direccion': 'Direccion 6', 'celular': 'Celular 6', 'estado': 7},
 {'id': 57, 'nombre': 'Nombre 7', 'apellido': 'Apellido 7', 'tipo_identificacion': 8, 'num_identificacion': 'Num_identificacion 7', 'genero': True, 'fecha_nacimiento': '2024-05-02', 'email': 'Email 7', 'direccion': 'Direccion 7', 'celular': 'Celular 7', 'estado': 6},
 {'id': 58, 'nombre': 'Nombre 8', 'apellido': 'Apellido 8', 'tipo_identificacion': 8, 'num_identificacion': 'Num_identificacion 8', 'genero': True, 'fecha_nacimiento': '2024-05-02', 'email': 'Email 8', 'direccion': 'Direccion 8', 'celular': 'Celular 8', 'estado': 3},
 {'id': 59, 'nombre': 'Nombre 9', 'apellido': 'Apellido 9', 'tipo_identificacion': 1, 'num_identificacion': 'Num_identificacion 9', 'genero': True, 'fecha_nacimiento': '2024-05-02', 'email': 'Email 9', 'direccion': 'Direccion 9', 'celular': 'Celular 9', 'estado': 1},
 {'id': 61, 'nombre': 'Nombre 1', 'apellido': 'Apellido 1', 'tipo_identificacion': 9, 'num_identificacion': 'Num_identificacion 1', 'genero': True, 'fecha_nacimiento': '2024-05-02', 'email': 'Email 1', 'direccion': 'Direccion 1', 'celular': 'Celular 1', 'estado': 5},
 {'id': 64, 'nombre': 'Nombre 4', 'apellido': 'Apellido 4', 'tipo_identificacion': 6, 'num_identificacion': 'Num_identificacion 4', 'genero': True, 'fecha_nacimiento': '2024-05-02', 'email': 'Email 4', 'direccion': 'Direccion 4', 'celular': 'Celular 4', 'estado': 8},
 {'id': 65, 'nombre': 'Nombre 5', 'apellido': 'Apellido 5', 'tipo_identificacion': 1, 'num_identificacion': 'Num_identificacion 5', 'genero': True, 'fecha_nacimiento': '2024-05-02', 'email': 'Email 5', 'direccion': 'Direccion 5', 'celular': 'Celular 5', 'estado': 2},
 {'id': 67, 'nombre': 'Nombre 7', 'apellido': 'Apellido 7', 'tipo_identificacion': 3, 'num_identificacion': 'Num_identificacion 7', 'genero': True, 'fecha_nacimiento': '2024-05-02', 'email': 'Email 7', 'direccion': 'Direccion 7', 'celular': 'Celular 7', 'estado': 2},
 {'id': 68, 'nombre': 'Nombre 8', 'apellido': 'Apellido 8', 'tipo_identificacion': 2, 'num_identificacion': 'Num_identificacion 8', 'genero': True, 'fecha_nacimiento': '2024-05-02', 'email': 'Email 8', 'direccion': 'Direccion 8', 'celular': 'Celular 8', 'estado': 7},
 {'id': 69, 'nombre': 'Nombre 9', 'apellido': 'Apellido 9', 'tipo_identificacion': 4, 'num_identificacion': 'Num_identificacion 9', 'genero': True, 'fecha_nacimiento': '2024-05-02', 'email': 'Email 9', 'direccion': 'Direccion 9', 'celular': 'Celular 9', 'estado': 6},
 {'id': 71, 'nombre': 'Nombre 1', 'apellido': 'Apellido 1', 'tipo_identificacion': 8, 'num_identificacion': 'Num_identificacion 1', 'genero': True, 'fecha_nacimiento': '2024-05-02', 'email': 'Email 1', 'direccion': 'Direccion 1', 'celular': 'Celular 1', 'estado': 3},
 {'id': 72, 'nombre': 'Nombre 2', 'apellido': 'Apellido 2', 'tipo_identificacion': 6, 'num_identificacion': 'Num_identificacion 2', 'genero': True, 'fecha_nacimiento': '2024-05-02', 'email': 'Email 2', 'direccion': 'Direccion 2', 'celular': 'Celular 2', 'estado': 7},
 {'id': 73, 'nombre': 'Nombre 3', 'apellido': 'Apellido 3', 'tipo_identificacion': 8, 'num_identificacion': 'Num_identificacion 3', 'genero': True, 'fecha_nacimiento': '2024-05-02', 'email': 'Email 3', 'direccion': 'Direccion 3', 'celular': 'Celular 3', 'estado': 6},
 {'id': 74, 'nombre': 'Nombre 4', 'apellido': 'Apellido 4', 'tipo_identificacion': 1, 'num_identificacion': 'Num_identificacion 4', 'genero': True, 'fecha_nacimiento': '2024-05-02', 'email': 'Email 4', 'direccion': 'Direccion 4', 'celular': 'Celular 4', 'estado': 9},
 {'id': 76, 'nombre': 'Nombre 6', 'apellido': 'Apellido 6', 'tipo_identificacion': 6, 'num_identificacion': 'Num_identificacion 6', 'genero': True, 'fecha_nacimiento': '2024-05-02', 'email': 'Email 6', 'direccion': 'Direccion 6', 'celular': 'Celular 6', 'estado': 5},
 {'id': 77, 'nombre': 'Nombre 7', 'apellido': 'Apellido 7', 'tipo_identificacion': 2, 'num_identificacion': 'Num_identificacion 7', 'genero': True, 'fecha_nacimiento': '2024-05-02', 'email': 'Email 7', 'direccion': 'Direccion 7', 'celular': 'Celular 7', 'estado': 3},
 {'id': 79, 'nombre': 'Nombre 9', 'apellido': 'Apellido 9', 'tipo_identificacion': 9, 'num_identificacion': 'Num_identificacion 9', 'genero': True, 'fecha_nacimiento': '2024-05-02', 'email': 'Email 9', 'direccion': 'Direccion 9', 'celular': 'Celular 9', 'estado': 1},
 {'id': 81, 'nombre': 'Nombre 1', 'apellido': 'Apellido 1', 'tipo_identificacion': 6, 'num_identificacion': 'Num_identificacion 1', 'genero': True, 'fecha_nacimiento': '2024-05-02', 'email': 'Email 1', 'direccion': 'Direccion 1', 'celular': 'Celular 1', 'estado': 7},
 {'id': 82, 'nombre': 'Nombre 2', 'apellido': 'Apellido 2', 'tipo_identificacion': 6, 'num_identificacion': 'Num_identificacion 2', 'genero': True, 'fecha_nacimiento': '2024-05-02', 'email': 'Email 2', 'direccion': 'Direccion 2', 'celular': 'Celular 2', 'estado': 7},
 {'id': 83, 'nombre': 'Nombre 3', 'apellido': 'Apellido 3', 'tipo_identificacion': 3, 'num_identificacion': 'Num_identificacion 3', 'genero': True, 'fecha_nacimiento': '2024-05-02', 'email': 'Email 3', 'direccion': 'Direccion 3', 'celular': 'Celular 3', 'estado': 5},
 {'id': 84, 'nombre': 'Nombre 4', 'apellido': 'Apellido 4', 'tipo_identificacion': 4, 'num_identificacion': 'Num_identificacion 4', 'genero': True, 'fecha_nacimiento': '2024-05-02', 'email': 'Email 4', 'direccion': 'Direccion 4', 'celular': 'Celular 4', 'estado': 6},
 {'id': 87, 'nombre': 'Nombre 7', 'apellido': 'Apellido 7', 'tipo_identificacion': 5, 'num_identificacion': 'Num_identificacion 7', 'genero': True, 'fecha_nacimiento': '2024-05-02', 'email': 'Email 7', 'direccion': 'Direccion 7', 'celular': 'Celular 7', 'estado': 7},
 {'id': 88, 'nombre': 'Nombre 8', 'apellido': 'Apellido 8', 'tipo_identificacion': 3, 'num_identificacion': 'Num_identificacion 8', 'genero': True, 'fecha_nacimiento': '2024-05-02', 'email': 'Email 8', 'direccion': 'Direccion 8', 'celular': 'Celular 8', 'estado': 7},
 {'id': 91, 'nombre': 'Nombre 1', 'apellido': 'Apellido 1', 'tipo_identificacion': 5, 'num_identificacion': 'Num_identificacion 1', 'genero': True, 'fecha_nacimiento': '2024-05-02', 'email': 'Email 1', 'direccion': 'Direccion 1', 'celular': 'Celular 1', 'estado': 4},
 {'id': 92, 'nombre': 'Nombre 2', 'apellido': 'Apellido 2', 'tipo_identificacion': 7, 'num_identificacion': 'Num_identificacion 2', 'genero': True, 'fecha_nacimiento': '2024-05-02', 'email': 'Email 2', 'direccion': 'Direccion 2', 'celular': 'Celular 2', 'estado': 4},
 {'id': 93, 'nombre': 'Nombre 3', 'apellido': 'Apellido 3', 'tipo_identificacion': 2, 'num_identificacion': 'Num_identificacion 3', 'genero': True, 'fecha_nacimiento': '2024-05-02', 'email': 'Email 3', 'direccion': 'Direccion 3', 'celular': 'Celular 3', 'estado': 4},
 {'id': 94, 'nombre': 'Nombre 4', 'apellido': 'Apellido 4', 'tipo_identificacion': 9, 'num_identificacion': 'Num_identificacion 4', 'genero': True, 'fecha_nacimiento': '2024-05-02', 'email': 'Email 4', 'direccion': 'Direccion 4', 'celular': 'Celular 4', 'estado': 6},
 {'id': 95, 'nombre': 'Nombre 5', 'apellido': 'Apellido 5', 'tipo_identificacion': 5, 'num_identificacion': 'Num_identificacion 5', 'genero': True, 'fecha_nacimiento': '2024-05-02', 'email': 'Email 5', 'direccion': 'Direccion 5', 'celular': 'Celular 5', 'estado': 9},
 {'id': 96, 'nombre': 'Nombre 6', 'apellido': 'Apellido 6', 'tipo_identificacion': 4, 'num_identificacion': 'Num_identificacion 6', 'genero': True, 'fecha_nacimiento': '2024-05-02', 'email': 'Email 6', 'direccion': 'Direccion 6', 'celular': 'Celular 6', 'estado': 7},
 {'id': 97, 'nombre': 'Nombre 7', 'apellido': 'Apellido 7', 'tipo_identificacion': 3, 'num_identificacion': 'Num_identificacion 7', 'genero': True, 'fecha_nacimiento': '2024-05-02', 'email': 'Email 7', 'direccion': 'Direccion 7', 'celular': 'Celular 7', 'estado': 7},
 {'id': 98, 'nombre': 'Nombre 8', 'apellido': 'Apellido 8', 'tipo_identificacion': 3, 'num_identificacion': 'Num_identificacion 8', 'genero': True, 'fecha_nacimiento': '2024-05-02', 'email': 'Email 8', 'direccion': 'Direccion 8', 'celular': 'Celular 8', 'estado': 3},
 {'id': 99, 'nombre': 'Nombre 9', 'apellido': 'Apellido 9', 'tipo_identificacion': 5, 'num_identificacion': 'Num_identificacion 9', 'genero': True, 'fecha_nacimiento': '2024-05-02', 'email': 'Email 9', 'direccion': 'Direccion 9', 'celular': 'Celular 9', 'estado': 1},
 {'id': 101, 'nombre': 'Nombre 1', 'apellido': 'Apellido 1', 'tipo_identificacion': 13, 'num_identificacion': 'Num_identificacion 1', 'genero': True, 'fecha_nacimiento': '2024-05-02', 'email': 'Email 1', 'direccion': 'Direccion 1', 'celular': 'Celular 1', 'estado': 78},
 {'id': 102, 'nombre': 'Nombre 2', 'apellido': 'Apellido 2', 'tipo_identificacion': 16, 'num_identificacion': 'Num_identificacion 2', 'genero': True, 'fecha_nacimiento': '2024-05-02', 'email': 'Email 2', 'direccion': 'Direccion 2', 'celular': 'Celular 2', 'estado': 58},
 {'id': 103, 'nombre': 'Nombre 3', 'apellido': 'Apellido 3', 'tipo_identificacion': 52, 'num_identificacion': 'Num_identificacion 3', 'genero': True, 'fecha_nacimiento': '2024-05-02', 'email': 'Email 3', 'direccion': 'Direccion 3', 'celular': 'Celular 3', 'estado': 51},
 {'id': 104, 'nombre': 'Nombre 4', 'apellido': 'Apellido 4', 'tipo_identificacion': 73, 'num_identificacion': 'Num_identificacion 4', 'genero': True, 'fecha_nacimiento': '2024-05-02', 'email': 'Email 4', 'direccion': 'Direccion 4', 'celular': 'Celular 4', 'estado': 27},
 {'id': 105, 'nombre': 'Nombre 5', 'apellido': 'Apellido 5', 'tipo_identificacion': 5, 'num_identificacion': 'Num_identificacion 5', 'genero': True, 'fecha_nacimiento': '2024-05-02', 'email': 'Email 5', 'direccion': 'Direccion 5', 'celular': 'Celular 5', 'estado': 28},
 {'id': 106, 'nombre': 'Nombre 6', 'apellido': 'Apellido 6', 'tipo_identificacion': 49, 'num_identificacion': 'Num_identificacion 6', 'genero': True, 'fecha_nacimiento': '2024-05-02', 'email': 'Email 6', 'direccion': 'Direccion 6', 'celular': 'Celular 6', 'estado': 37},
 {'id': 107, 'nombre': 'Nombre 7', 'apellido': 'Apellido 7', 'tipo_identificacion': 2, 'num_identificacion': 'Num_identificacion 7', 'genero': True, 'fecha_nacimiento': '2024-05-02', 'email': 'Email 7', 'direccion': 'Direccion 7', 'celular': 'Celular 7', 'estado': 65},
 {'id': 108, 'nombre': 'Nombre 8', 'apellido': 'Apellido 8', 'tipo_identificacion': 97, 'num_identificacion': 'Num_identificacion 8', 'genero': True, 'fecha_nacimiento': '2024-05-02', 'email': 'Email 8', 'direccion': 'Direccion 8', 'celular': 'Celular 8', 'estado': 109},
 {'id': 109, 'nombre': 'Nombre 9', 'apellido': 'Apellido 9', 'tipo_identificacion': 57, 'num_identificacion': 'Num_identificacion 9', 'genero': True, 'fecha_nacimiento': '2024-05-02', 'email': 'Email 9', 'direccion': 'Direccion 9', 'celular': 'Celular 9', 'estado': 44},
 {'id': 111, 'nombre': 'Nombre 1', 'apellido': 'Apellido 1', 'tipo_identificacion': 22, 'num_identificacion': 'Num_identificacion 1', 'genero': True, 'fecha_nacimiento': '2024-05-02', 'email': 'Email 1', 'direccion': 'Direccion 1', 'celular': 'Celular 1', 'estado': 46},
 {'id': 112, 'nombre': 'Nombre 2', 'apellido': 'Apellido 2', 'tipo_identificacion': 62, 'num_identificacion': 'Num_identificacion 2', 'genero': True, 'fecha_nacimiento': '2024-05-02', 'email': 'Email 2', 'direccion': 'Direccion 2', 'celular': 'Celular 2', 'estado': 41},
 {'id': 113, 'nombre': 'Nombre 3', 'apellido': 'Apellido 3', 'tipo_identificacion': 96, 'num_identificacion': 'Num_identificacion 3', 'genero': True, 'fecha_nacimiento': '2024-05-02', 'email': 'Email 3', 'direccion': 'Direccion 3', 'celular': 'Celular 3', 'estado': 32},
 {'id': 114, 'nombre': 'Nombre 4', 'apellido': 'Apellido 4', 'tipo_identificacion': 5, 'num_identificacion': 'Num_identificacion 4', 'genero': True, 'fecha_nacimiento': '2024-05-02', 'email': 'Email 4', 'direccion': 'Direccion 4', 'celular': 'Celular 4', 'estado': 26},
 {'id': 115, 'nombre': 'Nombre 5', 'apellido': 'Apellido 5', 'tipo_identificacion': 43, 'num_identificacion': 'Num_identificacion 5', 'genero': True, 'fecha_nacimiento': '2024-05-02', 'email': 'Email 5', 'direccion': 'Direccion 5', 'celular': 'Celular 5', 'estado': 59},
 {'id': 116, 'nombre': 'Nombre 6', 'apellido': 'Apellido 6', 'tipo_identificacion': 93, 'num_identificacion': 'Num_identificacion 6', 'genero': True, 'fecha_nacimiento': '2024-05-02', 'email': 'Email 6', 'direccion': 'Direccion 6', 'celular': 'Celular 6', 'estado': 65},
 {'id': 117, 'nombre': 'Nombre 7', 'apellido': 'Apellido 7', 'tipo_identificacion': 7, 'num_identificacion': 'Num_identificacion 7', 'genero': True, 'fecha_nacimiento': '2024-05-02', 'email': 'Email 7', 'direccion': 'Direccion 7', 'celular': 'Celular 7', 'estado': 118},
 {'id': 118, 'nombre': 'Nombre 8', 'apellido': 'Apellido 8', 'tipo_identificacion': 51, 'num_identificacion': 'Num_identificacion 8', 'genero': True, 'fecha_nacimiento': '2024-05-02', 'email': 'Email 8', 'direccion': 'Direccion 8', 'celular': 'Celular 8', 'estado': 111},
 {'id': 119, 'nombre': 'Nombre 9', 'apellido': 'Apellido 9', 'tipo_identificacion': 25, 'num_identificacion': 'Num_identificacion 9', 'genero': True, 'fecha_nacimiento': '2024-05-02', 'email': 'Email 9', 'direccion': 'Direccion 9', 'celular': 'Celular 9', 'estado': 85},
 {'id': 121, 'nombre': 'Nombre 1', 'apellido': 'Apellido 1', 'tipo_identificacion': 78, 'num_identificacion': 'Num_identificacion 1', 'genero': True, 'fecha_nacimiento': '2024-05-02', 'email': 'Email 1', 'direccion': 'Direccion 1', 'celular': 'Celular 1', 'estado': 58},
 {'id': 122, 'nombre': 'Nombre 2', 'apellido': 'Apellido 2', 'tipo_identificacion': 31, 'num_identificacion': 'Num_identificacion 2', 'genero': True, 'fecha_nacimiento': '2024-05-02', 'email': 'Email 2', 'direccion': 'Direccion 2', 'celular': 'Celular 2', 'estado': 46},
 {'id': 123, 'nombre': 'Nombre 3', 'apellido': 'Apellido 3', 'tipo_identificacion': 48, 'num_identificacion': 'Num_identificacion 3', 'genero': True, 'fecha_nacimiento': '2024-05-02', 'email': 'Email 3', 'direccion': 'Direccion 3', 'celular': 'Celular 3', 'estado': 9},
 {'id': 124, 'nombre': 'Nombre 4', 'apellido': 'Apellido 4', 'tipo_identificacion': 14, 'num_identificacion': 'Num_identificacion 4', 'genero': True, 'fecha_nacimiento': '2024-05-02', 'email': 'Email 4', 'direccion': 'Direccion 4', 'celular': 'Celular 4', 'estado': 111},
 {'id': 125, 'nombre': 'Nombre 5', 'apellido': 'Apellido 5', 'tipo_identificacion': 51, 'num_identificacion': 'Num_identificacion 5', 'genero': True, 'fecha_nacimiento': '2024-05-02', 'email': 'Email 5', 'direccion': 'Direccion 5', 'celular': 'Celular 5', 'estado': 111},
 {'id': 126, 'nombre': 'Nombre 6', 'apellido': 'Apellido 6', 'tipo_identificacion': 37, 'num_identificacion': 'Num_identificacion 6', 'genero': True, 'fecha_nacimiento': '2024-05-02', 'email': 'Email 6', 'direccion': 'Direccion 6', 'celular': 'Celular 6', 'estado': 87},
 {'id': 127, 'nombre': 'Nombre 7', 'apellido': 'Apellido 7', 'tipo_identificacion': 29, 'num_identificacion': 'Num_identificacion 7', 'genero': True, 'fecha_nacimiento': '2024-05-02', 'email': 'Email 7', 'direccion': 'Direccion 7', 'celular': 'Celular 7', 'estado': 41},
 {'id': 128, 'nombre': 'Nombre 8', 'apellido': 'Apellido 8', 'tipo_identificacion': 47, 'num_identificacion': 'Num_identificacion 8', 'genero': True, 'fecha_nacimiento': '2024-05-02', 'email': 'Email 8', 'direccion': 'Direccion 8', 'celular': 'Celular 8', 'estado': 124},
 {'id': 129, 'nombre': 'Nombre 9', 'apellido': 'Apellido 9', 'tipo_identificacion': 61, 'num_identificacion': 'Num_identificacion 9', 'genero': True, 'fecha_nacimiento': '2024-05-02', 'email': 'Email 9', 'direccion': 'Direccion 9', 'celular': 'Celular 9', 'estado': 109},
 {'id': 130, 'nombre': 'Nombre 10', 'apellido': 'Apellido 10', 'tipo_identificacion': 71, 'num_identificacion': 'Num_identificacion 1', 'genero': True, 'fecha_nacimiento': '2024-05-02', 'email': 'Email 10', 'direccion': 'Direccion 10', 'celular': 'Celular 10', 'estado': 125}]

last_row _id: 130
read_test: 1



UPDATE TEST
http://localhost:8080/test/api/persona/130
Response,True,201
Status code: 200


updata original_row: {'id': 130, 'nombre': 'Nombre 10', 'apellido': 'Apellido 10', 'tipo_identificacion': 71, 'num_identificacion': 'Num_identificacion 1', 'genero': True, 'fecha_nacimiento': '2024-05-02', 'email': 'Email 10', 'direccion': 'Direccion 10', 'celular': 'Celular 10', 'estado': 125}
updata last_row: {'id': 130, 'nombre': 'Nombre 0', 'apellido': 'Apellido 0', 'tipo_identificacion': 69, 'num_identificacion': 'Num_identificacion 0', 'genero': True, 'fecha_nacimiento': '2024-05-02', 'email': 'Email 0', 'direccion': 'Direccion 0', 'celular': 'Celular 0', 'estado': 1}
update_test: 1



DELETE TEST
Status code: 200
number_of_rows: 100
Response,True,201
Status code: 200
number_of_rows_after_delete: 99
delete_test: 1
------------------------------



Status code: 200
Status code: 200
theUrl: http://localhost:8080/test/api/usuario
Status code: 200
INITIAL NUMBER OF ROWS: 76



CREATE TEST
http://localhost:8080/test/api/usuario
{"login_username":"Login_username 1","persona":101,"estado":74}
Response,True,201
True
http://localhost:8080/test/api/usuario
{"login_username":"Login_username 2","persona":3,"estado":74}
Response,True,201
True
http://localhost:8080/test/api/usuario
{"login_username":"Login_username 3","persona":128,"estado":125}
Response,True,201
True
http://localhost:8080/test/api/usuario
{"login_username":"Login_username 4","persona":21,"estado":103}
Response,True,201
True
http://localhost:8080/test/api/usuario
{"login_username":"Login_username 5","persona":27,"estado":96}
Response,True,201
True
http://localhost:8080/test/api/usuario
{"login_username":"Login_username 6","persona":38,"estado":83}
Response,True,201
True
http://localhost:8080/test/api/usuario
{"login_username":"Login_username 7","persona":38,"estado":12}
Response,True,201
True
http://localhost:8080/test/api/usuario
{"login_username":"Login_username 8","persona":51,"estado":79}
Response,True,201
True
http://localhost:8080/test/api/usuario
{"login_username":"Login_username 9","persona":108,"estado":12}
Response,True,201
True
http://localhost:8080/test/api/usuario
{"login_username":"Login_username 10","persona":95,"estado":29}
Response,True,201
True
Status code: 200


INITIAL NUMBER OF ROWS: 76
CREATE NUMBER OF ROWS AFTER CREATE: 86
create_test: 1



READ TEST
Status code: 200


number_of_rows: 86
[
{'id': 1, 'login_username': 'Login_username 1', 'persona': 8, 'estado': 8},
 {'id': 11, 'login_username': 'Login_username 1', 'persona': 7, 'estado': 7},
 {'id': 12, 'login_username': 'Login_username 2', 'persona': 7, 'estado': 8},
 {'id': 13, 'login_username': 'Login_username 3', 'persona': 3, 'estado': 9},
 {'id': 15, 'login_username': 'Login_username 5', 'persona': 7, 'estado': 1},
 {'id': 16, 'login_username': 'Login_username 6', 'persona': 5, 'estado': 1},
 {'id': 17, 'login_username': 'Login_username 7', 'persona': 5, 'estado': 1},
 {'id': 18, 'login_username': 'Login_username 8', 'persona': 7, 'estado': 4},
 {'id': 21, 'login_username': 'Login_username 1', 'persona': 4, 'estado': 7},
 {'id': 22, 'login_username': 'Login_username 2', 'persona': 7, 'estado': 7},
 {'id': 23, 'login_username': 'Login_username 3', 'persona': 7, 'estado': 5},
 {'id': 24, 'login_username': 'Login_username 4', 'persona': 7, 'estado': 3},
 {'id': 25, 'login_username': 'Login_username 5', 'persona': 2, 'estado': 9},
 {'id': 26, 'login_username': 'Login_username 6', 'persona': 2, 'estado': 9},
 {'id': 27, 'login_username': 'Login_username 7', 'persona': 6, 'estado': 3},
 {'id': 29, 'login_username': 'Login_username 9', 'persona': 7, 'estado': 6},
 {'id': 121, 'login_username': 'Login_username 1', 'persona': 101, 'estado': 74},
 {'id': 31, 'login_username': 'Login_username 1', 'persona': 7, 'estado': 9},
 {'id': 32, 'login_username': 'Login_username 2', 'persona': 8, 'estado': 6},
 {'id': 34, 'login_username': 'Login_username 4', 'persona': 5, 'estado': 5},
 {'id': 36, 'login_username': 'Login_username 6', 'persona': 8, 'estado': 7},
 {'id': 37, 'login_username': 'Login_username 7', 'persona': 4, 'estado': 7},
 {'id': 38, 'login_username': 'Login_username 8', 'persona': 3, 'estado': 4},
 {'id': 39, 'login_username': 'Login_username 9', 'persona': 5, 'estado': 7},
 {'id': 122, 'login_username': 'Login_username 2', 'persona': 3, 'estado': 74},
 {'id': 42, 'login_username': 'Login_username 2', 'persona': 7, 'estado': 2},
 {'id': 43, 'login_username': 'Login_username 3', 'persona': 6, 'estado': 7},
 {'id': 44, 'login_username': 'Login_username 4', 'persona': 3, 'estado': 4},
 {'id': 45, 'login_username': 'Login_username 5', 'persona': 3, 'estado': 5},
 {'id': 46, 'login_username': 'Login_username 6', 'persona': 4, 'estado': 9},
 {'id': 47, 'login_username': 'Login_username 7', 'persona': 4, 'estado': 1},
 {'id': 48, 'login_username': 'Login_username 8', 'persona': 7, 'estado': 4},
 {'id': 123, 'login_username': 'Login_username 3', 'persona': 128, 'estado': 125},
 {'id': 52, 'login_username': 'Login_username 2', 'persona': 6, 'estado': 7},
 {'id': 53, 'login_username': 'Login_username 3', 'persona': 7, 'estado': 3},
 {'id': 55, 'login_username': 'Login_username 5', 'persona': 3, 'estado': 6},
 {'id': 56, 'login_username': 'Login_username 6', 'persona': 4, 'estado': 6},
 {'id': 58, 'login_username': 'Login_username 8', 'persona': 6, 'estado': 4},
 {'id': 124, 'login_username': 'Login_username 4', 'persona': 21, 'estado': 103},
 {'id': 61, 'login_username': 'Login_username 1', 'persona': 2, 'estado': 4},
 {'id': 62, 'login_username': 'Login_username 2', 'persona': 7, 'estado': 1},
 {'id': 65, 'login_username': 'Login_username 5', 'persona': 6, 'estado': 4},
 {'id': 66, 'login_username': 'Login_username 6', 'persona': 7, 'estado': 6},
 {'id': 68, 'login_username': 'Login_username 8', 'persona': 2, 'estado': 8},
 {'id': 69, 'login_username': 'Login_username 9', 'persona': 5, 'estado': 4},
 {'id': 125, 'login_username': 'Login_username 5', 'persona': 27, 'estado': 96},
 {'id': 71, 'login_username': 'Login_username 1', 'persona': 8, 'estado': 1},
 {'id': 72, 'login_username': 'Login_username 2', 'persona': 7, 'estado': 7},
 {'id': 73, 'login_username': 'Login_username 3', 'persona': 8, 'estado': 6},
 {'id': 75, 'login_username': 'Login_username 5', 'persona': 8, 'estado': 6},
 {'id': 76, 'login_username': 'Login_username 6', 'persona': 4, 'estado': 3},
 {'id': 77, 'login_username': 'Login_username 7', 'persona': 7, 'estado': 1},
 {'id': 126, 'login_username': 'Login_username 6', 'persona': 38, 'estado': 83},
 {'id': 81, 'login_username': 'Login_username 1', 'persona': 8, 'estado': 6},
 {'id': 83, 'login_username': 'Login_username 3', 'persona': 5, 'estado': 3},
 {'id': 85, 'login_username': 'Login_username 5', 'persona': 3, 'estado': 2},
 {'id': 86, 'login_username': 'Login_username 6', 'persona': 6, 'estado': 7},
 {'id': 87, 'login_username': 'Login_username 7', 'persona': 5, 'estado': 9},
 {'id': 88, 'login_username': 'Login_username 8', 'persona': 7, 'estado': 5},
 {'id': 127, 'login_username': 'Login_username 7', 'persona': 38, 'estado': 12},
 {'id': 91, 'login_username': 'Login_username 1', 'persona': 8, 'estado': 4},
 {'id': 92, 'login_username': 'Login_username 2', 'persona': 2, 'estado': 4},
 {'id': 94, 'login_username': 'Login_username 4', 'persona': 5, 'estado': 9},
 {'id': 97, 'login_username': 'Login_username 7', 'persona': 8, 'estado': 8},
 {'id': 98, 'login_username': 'Login_username 8', 'persona': 3, 'estado': 9},
 {'id': 101, 'login_username': 'Login_username 1', 'persona': 97, 'estado': 16},
 {'id': 102, 'login_username': 'Login_username 2', 'persona': 88, 'estado': 84},
 {'id': 103, 'login_username': 'Login_username 3', 'persona': 38, 'estado': 75},
 {'id': 104, 'login_username': 'Login_username 4', 'persona': 56, 'estado': 51},
 {'id': 105, 'login_username': 'Login_username 5', 'persona': 45, 'estado': 68},
 {'id': 106, 'login_username': 'Login_username 6', 'persona': 23, 'estado': 22},
 {'id': 107, 'login_username': 'Login_username 7', 'persona': 3, 'estado': 28},
 {'id': 108, 'login_username': 'Login_username 8', 'persona': 48, 'estado': 11},
 {'id': 109, 'login_username': 'Login_username 9', 'persona': 93, 'estado': 63},
 {'id': 128, 'login_username': 'Login_username 8', 'persona': 51, 'estado': 79},
 {'id': 111, 'login_username': 'Login_username 1', 'persona': 45, 'estado': 64},
 {'id': 112, 'login_username': 'Login_username 2', 'persona': 92, 'estado': 112},
 {'id': 113, 'login_username': 'Login_username 3', 'persona': 12, 'estado': 22},
 {'id': 114, 'login_username': 'Login_username 4', 'persona': 61, 'estado': 27},
 {'id': 115, 'login_username': 'Login_username 5', 'persona': 22, 'estado': 81},
 {'id': 116, 'login_username': 'Login_username 6', 'persona': 79, 'estado': 108},
 {'id': 117, 'login_username': 'Login_username 7', 'persona': 81, 'estado': 44},
 {'id': 118, 'login_username': 'Login_username 8', 'persona': 119, 'estado': 7},
 {'id': 119, 'login_username': 'Login_username 9', 'persona': 28, 'estado': 52},
 {'id': 129, 'login_username': 'Login_username 9', 'persona': 108, 'estado': 12},
 {'id': 130, 'login_username': 'Login_username 10', 'persona': 95, 'estado': 29}]

last_row _id: 130
read_test: 1



UPDATE TEST
http://localhost:8080/test/api/usuario/130
Response,True,201
Status code: 200


updata original_row: {'id': 130, 'login_username': 'Login_username 10', 'persona': 95, 'estado': 29}
updata last_row: {'id': 130, 'login_username': 'Login_username 0', 'persona': 36, 'estado': 125}
update_test: 1



DELETE TEST
Status code: 200
number_of_rows: 86
Response,True,201
Status code: 200
number_of_rows_after_delete: 85
delete_test: 1
------------------------------



Status code: 200
Status code: 200
Status code: 200
theUrl: http://localhost:8080/test/api/usuario_perfil
Status code: 200
INITIAL NUMBER OF ROWS: 19



CREATE TEST
http://localhost:8080/test/api/usuario_perfil
{"usuario":39,"perfil":32,"estado":97}
Response,True,201
True
http://localhost:8080/test/api/usuario_perfil
{"usuario":53,"perfil":7,"estado":98}
Response,True,201
True
http://localhost:8080/test/api/usuario_perfil
{"usuario":128,"perfil":108,"estado":12}
Response,True,201
True
http://localhost:8080/test/api/usuario_perfil
{"usuario":72,"perfil":85,"estado":17}
Response,True,201
True
http://localhost:8080/test/api/usuario_perfil
{"usuario":81,"perfil":51,"estado":112}
Response,True,201
True
http://localhost:8080/test/api/usuario_perfil
{"usuario":61,"perfil":17,"estado":72}
Response,True,201
True
http://localhost:8080/test/api/usuario_perfil
{"usuario":48,"perfil":122,"estado":41}
Response,True,201
True
http://localhost:8080/test/api/usuario_perfil
{"usuario":37,"perfil":103,"estado":14}
Response,True,201
True
http://localhost:8080/test/api/usuario_perfil
{"usuario":1,"perfil":94,"estado":93}
Response,True,201
True
http://localhost:8080/test/api/usuario_perfil
{"usuario":92,"perfil":119,"estado":113}
Response,True,201
True
Status code: 200


INITIAL NUMBER OF ROWS: 19
CREATE NUMBER OF ROWS AFTER CREATE: 29
create_test: 1



READ TEST
Status code: 200


number_of_rows: 29
[
{'id': 6, 'usuario': 1, 'perfil': 5, 'estado': 8},
 {'id': 101, 'usuario': 83, 'perfil': 97, 'estado': 51},
 {'id': 102, 'usuario': 101, 'perfil': 6, 'estado': 63},
 {'id': 103, 'usuario': 61, 'perfil': 59, 'estado': 24},
 {'id': 104, 'usuario': 45, 'perfil': 23, 'estado': 82},
 {'id': 105, 'usuario': 47, 'perfil': 104, 'estado': 8},
 {'id': 106, 'usuario': 58, 'perfil': 44, 'estado': 1},
 {'id': 107, 'usuario': 62, 'perfil': 74, 'estado': 76},
 {'id': 108, 'usuario': 46, 'perfil': 12, 'estado': 71},
 {'id': 109, 'usuario': 85, 'perfil': 42, 'estado': 78},
 {'id': 111, 'usuario': 38, 'perfil': 103, 'estado': 94},
 {'id': 112, 'usuario': 45, 'perfil': 106, 'estado': 97},
 {'id': 113, 'usuario': 112, 'perfil': 15, 'estado': 61},
 {'id': 114, 'usuario': 23, 'perfil': 75, 'estado': 58},
 {'id': 115, 'usuario': 116, 'perfil': 91, 'estado': 58},
 {'id': 116, 'usuario': 68, 'perfil': 101, 'estado': 53},
 {'id': 117, 'usuario': 25, 'perfil': 111, 'estado': 48},
 {'id': 118, 'usuario': 102, 'perfil': 43, 'estado': 35},
 {'id': 119, 'usuario': 68, 'perfil': 85, 'estado': 64},
 {'id': 121, 'usuario': 39, 'perfil': 32, 'estado': 97},
 {'id': 122, 'usuario': 53, 'perfil': 7, 'estado': 98},
 {'id': 123, 'usuario': 128, 'perfil': 108, 'estado': 12},
 {'id': 124, 'usuario': 72, 'perfil': 85, 'estado': 17},
 {'id': 125, 'usuario': 81, 'perfil': 51, 'estado': 112},
 {'id': 126, 'usuario': 61, 'perfil': 17, 'estado': 72},
 {'id': 127, 'usuario': 48, 'perfil': 122, 'estado': 41},
 {'id': 128, 'usuario': 37, 'perfil': 103, 'estado': 14},
 {'id': 129, 'usuario': 1, 'perfil': 94, 'estado': 93},
 {'id': 130, 'usuario': 92, 'perfil': 119, 'estado': 113}]

last_row _id: 130
read_test: 1



UPDATE TEST
http://localhost:8080/test/api/usuario_perfil/130
Response,True,201
Status code: 200


updata original_row: {'id': 130, 'usuario': 92, 'perfil': 119, 'estado': 113}
updata last_row: {'id': 130, 'usuario': 94, 'perfil': 6, 'estado': 16}
update_test: 1



DELETE TEST
Status code: 200
number_of_rows: 29
Response,True,201
Status code: 200
number_of_rows_after_delete: 28
delete_test: 1
------------------------------



Status code: 200
theUrl: http://localhost:8080/test/api/sesion
Status code: 200
INITIAL NUMBER OF ROWS: 18



CREATE TEST
http://localhost:8080/test/api/sesion
{"usuario":86,"fecha_hora_start":"2024-05-03T18:40:57.227232","fecha_hora_end":"2024-05-03T18:40:57.227239","ip":"Ip 1"}
Response,True,201
True
http://localhost:8080/test/api/sesion
{"usuario":106,"fecha_hora_start":"2024-05-03T18:40:57.229575","fecha_hora_end":"2024-05-03T18:40:57.229580","ip":"Ip 2"}
Response,True,201
True
http://localhost:8080/test/api/sesion
{"usuario":127,"fecha_hora_start":"2024-05-03T18:40:57.231742","fecha_hora_end":"2024-05-03T18:40:57.231747","ip":"Ip 3"}
Response,True,201
True
http://localhost:8080/test/api/sesion
{"usuario":66,"fecha_hora_start":"2024-05-03T18:40:57.233982","fecha_hora_end":"2024-05-03T18:40:57.233987","ip":"Ip 4"}
Response,True,201
True
http://localhost:8080/test/api/sesion
{"usuario":81,"fecha_hora_start":"2024-05-03T18:40:57.236184","fecha_hora_end":"2024-05-03T18:40:57.236189","ip":"Ip 5"}
Response,True,201
True
http://localhost:8080/test/api/sesion
{"usuario":44,"fecha_hora_start":"2024-05-03T18:40:57.238315","fecha_hora_end":"2024-05-03T18:40:57.238320","ip":"Ip 6"}
Response,True,201
True
http://localhost:8080/test/api/sesion
{"usuario":88,"fecha_hora_start":"2024-05-03T18:40:57.240631","fecha_hora_end":"2024-05-03T18:40:57.240636","ip":"Ip 7"}
Response,True,201
True
http://localhost:8080/test/api/sesion
{"usuario":117,"fecha_hora_start":"2024-05-03T18:40:57.242877","fecha_hora_end":"2024-05-03T18:40:57.242882","ip":"Ip 8"}
Response,True,201
True
http://localhost:8080/test/api/sesion
{"usuario":109,"fecha_hora_start":"2024-05-03T18:40:57.245154","fecha_hora_end":"2024-05-03T18:40:57.245159","ip":"Ip 9"}
Response,True,201
True
http://localhost:8080/test/api/sesion
{"usuario":45,"fecha_hora_start":"2024-05-03T18:40:57.247487","fecha_hora_end":"2024-05-03T18:40:57.247492","ip":"Ip 10"}
Response,True,201
True
Status code: 200


INITIAL NUMBER OF ROWS: 18
CREATE NUMBER OF ROWS AFTER CREATE: 28
create_test: 1



READ TEST
Status code: 200


number_of_rows: 28
[
{'id': 93, 'usuario': 55, 'fecha_hora_start': '2024-05-03T18:34:08.000+00:00', 'fecha_hora_end': '2024-05-03T18:34:08.000+00:00', 'ip': 'Ip 1'},
 {'id': 94, 'usuario': 107, 'fecha_hora_start': '2024-05-03T18:34:08.003+00:00', 'fecha_hora_end': '2024-05-03T18:34:08.003+00:00', 'ip': 'Ip 2'},
 {'id': 95, 'usuario': 43, 'fecha_hora_start': '2024-05-03T18:34:08.005+00:00', 'fecha_hora_end': '2024-05-03T18:34:08.005+00:00', 'ip': 'Ip 3'},
 {'id': 96, 'usuario': 29, 'fecha_hora_start': '2024-05-03T18:34:08.007+00:00', 'fecha_hora_end': '2024-05-03T18:34:08.007+00:00', 'ip': 'Ip 4'},
 {'id': 97, 'usuario': 107, 'fecha_hora_start': '2024-05-03T18:34:08.009+00:00', 'fecha_hora_end': '2024-05-03T18:34:08.009+00:00', 'ip': 'Ip 5'},
 {'id': 98, 'usuario': 72, 'fecha_hora_start': '2024-05-03T18:34:08.011+00:00', 'fecha_hora_end': '2024-05-03T18:34:08.011+00:00', 'ip': 'Ip 6'},
 {'id': 99, 'usuario': 34, 'fecha_hora_start': '2024-05-03T18:34:08.013+00:00', 'fecha_hora_end': '2024-05-03T18:34:08.013+00:00', 'ip': 'Ip 7'},
 {'id': 100, 'usuario': 46, 'fecha_hora_start': '2024-05-03T18:34:08.016+00:00', 'fecha_hora_end': '2024-05-03T18:34:08.016+00:00', 'ip': 'Ip 8'},
 {'id': 101, 'usuario': 48, 'fecha_hora_start': '2024-05-03T18:34:08.018+00:00', 'fecha_hora_end': '2024-05-03T18:34:08.018+00:00', 'ip': 'Ip 9'},
 {'id': 103, 'usuario': 12, 'fecha_hora_start': '2024-05-03T18:38:01.356+00:00', 'fecha_hora_end': '2024-05-03T18:38:01.356+00:00', 'ip': 'Ip 1'},
 {'id': 104, 'usuario': 111, 'fecha_hora_start': '2024-05-03T18:38:01.358+00:00', 'fecha_hora_end': '2024-05-03T18:38:01.358+00:00', 'ip': 'Ip 2'},
 {'id': 105, 'usuario': 11, 'fecha_hora_start': '2024-05-03T18:38:01.361+00:00', 'fecha_hora_end': '2024-05-03T18:38:01.361+00:00', 'ip': 'Ip 3'},
 {'id': 106, 'usuario': 94, 'fecha_hora_start': '2024-05-03T18:38:01.363+00:00', 'fecha_hora_end': '2024-05-03T18:38:01.363+00:00', 'ip': 'Ip 4'},
 {'id': 107, 'usuario': 52, 'fecha_hora_start': '2024-05-03T18:38:01.365+00:00', 'fecha_hora_end': '2024-05-03T18:38:01.365+00:00', 'ip': 'Ip 5'},
 {'id': 108, 'usuario': 118, 'fecha_hora_start': '2024-05-03T18:38:01.368+00:00', 'fecha_hora_end': '2024-05-03T18:38:01.368+00:00', 'ip': 'Ip 6'},
 {'id': 109, 'usuario': 103, 'fecha_hora_start': '2024-05-03T18:38:01.371+00:00', 'fecha_hora_end': '2024-05-03T18:38:01.371+00:00', 'ip': 'Ip 7'},
 {'id': 110, 'usuario': 58, 'fecha_hora_start': '2024-05-03T18:38:01.373+00:00', 'fecha_hora_end': '2024-05-03T18:38:01.373+00:00', 'ip': 'Ip 8'},
 {'id': 111, 'usuario': 21, 'fecha_hora_start': '2024-05-03T18:38:01.375+00:00', 'fecha_hora_end': '2024-05-03T18:38:01.375+00:00', 'ip': 'Ip 9'},
 {'id': 113, 'usuario': 86, 'fecha_hora_start': '2024-05-03T18:40:57.227+00:00', 'fecha_hora_end': '2024-05-03T18:40:57.227+00:00', 'ip': 'Ip 1'},
 {'id': 114, 'usuario': 106, 'fecha_hora_start': '2024-05-03T18:40:57.229+00:00', 'fecha_hora_end': '2024-05-03T18:40:57.229+00:00', 'ip': 'Ip 2'},
 {'id': 115, 'usuario': 127, 'fecha_hora_start': '2024-05-03T18:40:57.231+00:00', 'fecha_hora_end': '2024-05-03T18:40:57.231+00:00', 'ip': 'Ip 3'},
 {'id': 116, 'usuario': 66, 'fecha_hora_start': '2024-05-03T18:40:57.233+00:00', 'fecha_hora_end': '2024-05-03T18:40:57.233+00:00', 'ip': 'Ip 4'},
 {'id': 117, 'usuario': 81, 'fecha_hora_start': '2024-05-03T18:40:57.236+00:00', 'fecha_hora_end': '2024-05-03T18:40:57.236+00:00', 'ip': 'Ip 5'},
 {'id': 118, 'usuario': 44, 'fecha_hora_start': '2024-05-03T18:40:57.238+00:00', 'fecha_hora_end': '2024-05-03T18:40:57.238+00:00', 'ip': 'Ip 6'},
 {'id': 119, 'usuario': 88, 'fecha_hora_start': '2024-05-03T18:40:57.240+00:00', 'fecha_hora_end': '2024-05-03T18:40:57.240+00:00', 'ip': 'Ip 7'},
 {'id': 120, 'usuario': 117, 'fecha_hora_start': '2024-05-03T18:40:57.242+00:00', 'fecha_hora_end': '2024-05-03T18:40:57.242+00:00', 'ip': 'Ip 8'},
 {'id': 121, 'usuario': 109, 'fecha_hora_start': '2024-05-03T18:40:57.245+00:00', 'fecha_hora_end': '2024-05-03T18:40:57.245+00:00', 'ip': 'Ip 9'},
 {'id': 122, 'usuario': 45, 'fecha_hora_start': '2024-05-03T18:40:57.247+00:00', 'fecha_hora_end': '2024-05-03T18:40:57.247+00:00', 'ip': 'Ip 10'}]

last_row _id: 122
read_test: 1



UPDATE TEST
http://localhost:8080/test/api/sesion/122
Response,True,201
Status code: 200


updata original_row: {'id': 122, 'usuario': 45, 'fecha_hora_start': '2024-05-03T18:40:57.247+00:00', 'fecha_hora_end': '2024-05-03T18:40:57.247+00:00', 'ip': 'Ip 10'}
updata last_row: {'id': 122, 'usuario': 73, 'fecha_hora_start': '2024-05-03T18:40:57.255+00:00', 'fecha_hora_end': '2024-05-03T18:40:57.255+00:00', 'ip': 'Ip 0'}
update_test: 1



DELETE TEST
Status code: 200
number_of_rows: 28
Response,True,201
Status code: 200
number_of_rows_after_delete: 27
delete_test: 1
------------------------------



Status code: 200
theUrl: http://localhost:8080/test/api/modulo
Status code: 200
INITIAL NUMBER OF ROWS: 60



CREATE TEST
http://localhost:8080/test/api/modulo
{"nombre":"Nombre 1","descripcion":"Descripcion 1","estado":109,"url":"Url 1"}
Response,True,201
True
http://localhost:8080/test/api/modulo
{"nombre":"Nombre 2","descripcion":"Descripcion 2","estado":111,"url":"Url 2"}
Response,True,201
True
http://localhost:8080/test/api/modulo
{"nombre":"Nombre 3","descripcion":"Descripcion 3","estado":93,"url":"Url 3"}
Response,True,201
True
http://localhost:8080/test/api/modulo
{"nombre":"Nombre 4","descripcion":"Descripcion 4","estado":127,"url":"Url 4"}
Response,True,201
True
http://localhost:8080/test/api/modulo
{"nombre":"Nombre 5","descripcion":"Descripcion 5","estado":27,"url":"Url 5"}
Response,True,201
True
http://localhost:8080/test/api/modulo
{"nombre":"Nombre 6","descripcion":"Descripcion 6","estado":39,"url":"Url 6"}
Response,True,201
True
http://localhost:8080/test/api/modulo
{"nombre":"Nombre 7","descripcion":"Descripcion 7","estado":13,"url":"Url 7"}
Response,True,201
True
http://localhost:8080/test/api/modulo
{"nombre":"Nombre 8","descripcion":"Descripcion 8","estado":19,"url":"Url 8"}
Response,True,201
True
http://localhost:8080/test/api/modulo
{"nombre":"Nombre 9","descripcion":"Descripcion 9","estado":98,"url":"Url 9"}
Response,True,201
True
http://localhost:8080/test/api/modulo
{"nombre":"Nombre 10","descripcion":"Descripcion 10","estado":124,"url":"Url 10"}
Response,True,201
True
Status code: 200


INITIAL NUMBER OF ROWS: 60
CREATE NUMBER OF ROWS AFTER CREATE: 70
create_test: 1



READ TEST
Status code: 200


number_of_rows: 70
[
{'id': 1, 'nombre': 'Nombre 1', 'descripcion': 'Descripcion 1', 'estado': 2, 'url': 'Url 1'},
 {'id': 2, 'nombre': 'Nombre 2', 'descripcion': 'Descripcion 2', 'estado': 5, 'url': 'Url 2'},
 {'id': 3, 'nombre': 'Nombre 3', 'descripcion': 'Descripcion 3', 'estado': 7, 'url': 'Url 3'},
 {'id': 4, 'nombre': 'Nombre 4', 'descripcion': 'Descripcion 4', 'estado': 5, 'url': 'Url 4'},
 {'id': 5, 'nombre': 'Nombre 5', 'descripcion': 'Descripcion 5', 'estado': 3, 'url': 'Url 5'},
 {'id': 6, 'nombre': 'Nombre 6', 'descripcion': 'Descripcion 6', 'estado': 5, 'url': 'Url 6'},
 {'id': 7, 'nombre': 'Nombre 7', 'descripcion': 'Descripcion 7', 'estado': 5, 'url': 'Url 7'},
 {'id': 9, 'nombre': 'Nombre 9', 'descripcion': 'Descripcion 9', 'estado': 1, 'url': 'Url 9'},
 {'id': 11, 'nombre': 'Nombre 1', 'descripcion': 'Descripcion 1', 'estado': 1, 'url': 'Url 1'},
 {'id': 12, 'nombre': 'Nombre 2', 'descripcion': 'Descripcion 2', 'estado': 3, 'url': 'Url 2'},
 {'id': 13, 'nombre': 'Nombre 3', 'descripcion': 'Descripcion 3', 'estado': 3, 'url': 'Url 3'},
 {'id': 14, 'nombre': 'Nombre 4', 'descripcion': 'Descripcion 4', 'estado': 4, 'url': 'Url 4'},
 {'id': 15, 'nombre': 'Nombre 5', 'descripcion': 'Descripcion 5', 'estado': 9, 'url': 'Url 5'},
 {'id': 16, 'nombre': 'Nombre 6', 'descripcion': 'Descripcion 6', 'estado': 2, 'url': 'Url 6'},
 {'id': 17, 'nombre': 'Nombre 7', 'descripcion': 'Descripcion 7', 'estado': 4, 'url': 'Url 7'},
 {'id': 18, 'nombre': 'Nombre 8', 'descripcion': 'Descripcion 8', 'estado': 2, 'url': 'Url 8'},
 {'id': 19, 'nombre': 'Nombre 9', 'descripcion': 'Descripcion 9', 'estado': 3, 'url': 'Url 9'},
 {'id': 22, 'nombre': 'Nombre 2', 'descripcion': 'Descripcion 2', 'estado': 1, 'url': 'Url 2'},
 {'id': 24, 'nombre': 'Nombre 4', 'descripcion': 'Descripcion 4', 'estado': 1, 'url': 'Url 4'},
 {'id': 25, 'nombre': 'Nombre 5', 'descripcion': 'Descripcion 5', 'estado': 8, 'url': 'Url 5'},
 {'id': 26, 'nombre': 'Nombre 6', 'descripcion': 'Descripcion 6', 'estado': 4, 'url': 'Url 6'},
 {'id': 27, 'nombre': 'Nombre 7', 'descripcion': 'Descripcion 7', 'estado': 3, 'url': 'Url 7'},
 {'id': 28, 'nombre': 'Nombre 8', 'descripcion': 'Descripcion 8', 'estado': 6, 'url': 'Url 8'},
 {'id': 29, 'nombre': 'Nombre 9', 'descripcion': 'Descripcion 9', 'estado': 9, 'url': 'Url 9'},
 {'id': 31, 'nombre': 'Nombre 1', 'descripcion': 'Descripcion 1', 'estado': 8, 'url': 'Url 1'},
 {'id': 32, 'nombre': 'Nombre 2', 'descripcion': 'Descripcion 2', 'estado': 5, 'url': 'Url 2'},
 {'id': 33, 'nombre': 'Nombre 3', 'descripcion': 'Descripcion 3', 'estado': 3, 'url': 'Url 3'},
 {'id': 34, 'nombre': 'Nombre 4', 'descripcion': 'Descripcion 4', 'estado': 7, 'url': 'Url 4'},
 {'id': 35, 'nombre': 'Nombre 5', 'descripcion': 'Descripcion 5', 'estado': 2, 'url': 'Url 5'},
 {'id': 36, 'nombre': 'Nombre 6', 'descripcion': 'Descripcion 6', 'estado': 4, 'url': 'Url 6'},
 {'id': 37, 'nombre': 'Nombre 7', 'descripcion': 'Descripcion 7', 'estado': 8, 'url': 'Url 7'},
 {'id': 38, 'nombre': 'Nombre 8', 'descripcion': 'Descripcion 8', 'estado': 6, 'url': 'Url 8'},
 {'id': 39, 'nombre': 'Nombre 9', 'descripcion': 'Descripcion 9', 'estado': 2, 'url': 'Url 9'},
 {'id': 41, 'nombre': 'Nombre 1', 'descripcion': 'Descripcion 1', 'estado': 3, 'url': 'Url 1'},
 {'id': 42, 'nombre': 'Nombre 2', 'descripcion': 'Descripcion 2', 'estado': 5, 'url': 'Url 2'},
 {'id': 43, 'nombre': 'Nombre 3', 'descripcion': 'Descripcion 3', 'estado': 6, 'url': 'Url 3'},
 {'id': 44, 'nombre': 'Nombre 4', 'descripcion': 'Descripcion 4', 'estado': 9, 'url': 'Url 4'},
 {'id': 45, 'nombre': 'Nombre 5', 'descripcion': 'Descripcion 5', 'estado': 1, 'url': 'Url 5'},
 {'id': 46, 'nombre': 'Nombre 6', 'descripcion': 'Descripcion 6', 'estado': 2, 'url': 'Url 6'},
 {'id': 47, 'nombre': 'Nombre 7', 'descripcion': 'Descripcion 7', 'estado': 8, 'url': 'Url 7'},
 {'id': 48, 'nombre': 'Nombre 8', 'descripcion': 'Descripcion 8', 'estado': 3, 'url': 'Url 8'},
 {'id': 49, 'nombre': 'Nombre 9', 'descripcion': 'Descripcion 9', 'estado': 5, 'url': 'Url 9'},
 {'id': 51, 'nombre': 'Nombre 1', 'descripcion': 'Descripcion 1', 'estado': 49, 'url': 'Url 1'},
 {'id': 52, 'nombre': 'Nombre 2', 'descripcion': 'Descripcion 2', 'estado': 26, 'url': 'Url 2'},
 {'id': 53, 'nombre': 'Nombre 3', 'descripcion': 'Descripcion 3', 'estado': 78, 'url': 'Url 3'},
 {'id': 54, 'nombre': 'Nombre 4', 'descripcion': 'Descripcion 4', 'estado': 32, 'url': 'Url 4'},
 {'id': 55, 'nombre': 'Nombre 5', 'descripcion': 'Descripcion 5', 'estado': 47, 'url': 'Url 5'},
 {'id': 56, 'nombre': 'Nombre 6', 'descripcion': 'Descripcion 6', 'estado': 98, 'url': 'Url 6'},
 {'id': 57, 'nombre': 'Nombre 7', 'descripcion': 'Descripcion 7', 'estado': 43, 'url': 'Url 7'},
 {'id': 58, 'nombre': 'Nombre 8', 'descripcion': 'Descripcion 8', 'estado': 55, 'url': 'Url 8'},
 {'id': 59, 'nombre': 'Nombre 9', 'descripcion': 'Descripcion 9', 'estado': 17, 'url': 'Url 9'},
 {'id': 61, 'nombre': 'Nombre 1', 'descripcion': 'Descripcion 1', 'estado': 91, 'url': 'Url 1'},
 {'id': 62, 'nombre': 'Nombre 2', 'descripcion': 'Descripcion 2', 'estado': 12, 'url': 'Url 2'},
 {'id': 63, 'nombre': 'Nombre 3', 'descripcion': 'Descripcion 3', 'estado': 72, 'url': 'Url 3'},
 {'id': 64, 'nombre': 'Nombre 4', 'descripcion': 'Descripcion 4', 'estado': 3, 'url': 'Url 4'},
 {'id': 65, 'nombre': 'Nombre 5', 'descripcion': 'Descripcion 5', 'estado': 103, 'url': 'Url 5'},
 {'id': 66, 'nombre': 'Nombre 6', 'descripcion': 'Descripcion 6', 'estado': 95, 'url': 'Url 6'},
 {'id': 67, 'nombre': 'Nombre 7', 'descripcion': 'Descripcion 7', 'estado': 22, 'url': 'Url 7'},
 {'id': 68, 'nombre': 'Nombre 8', 'descripcion': 'Descripcion 8', 'estado': 89, 'url': 'Url 8'},
 {'id': 69, 'nombre': 'Nombre 9', 'descripcion': 'Descripcion 9', 'estado': 37, 'url': 'Url 9'},
 {'id': 71, 'nombre': 'Nombre 1', 'descripcion': 'Descripcion 1', 'estado': 109, 'url': 'Url 1'},
 {'id': 72, 'nombre': 'Nombre 2', 'descripcion': 'Descripcion 2', 'estado': 111, 'url': 'Url 2'},
 {'id': 73, 'nombre': 'Nombre 3', 'descripcion': 'Descripcion 3', 'estado': 93, 'url': 'Url 3'},
 {'id': 74, 'nombre': 'Nombre 4', 'descripcion': 'Descripcion 4', 'estado': 127, 'url': 'Url 4'},
 {'id': 75, 'nombre': 'Nombre 5', 'descripcion': 'Descripcion 5', 'estado': 27, 'url': 'Url 5'},
 {'id': 76, 'nombre': 'Nombre 6', 'descripcion': 'Descripcion 6', 'estado': 39, 'url': 'Url 6'},
 {'id': 77, 'nombre': 'Nombre 7', 'descripcion': 'Descripcion 7', 'estado': 13, 'url': 'Url 7'},
 {'id': 78, 'nombre': 'Nombre 8', 'descripcion': 'Descripcion 8', 'estado': 19, 'url': 'Url 8'},
 {'id': 79, 'nombre': 'Nombre 9', 'descripcion': 'Descripcion 9', 'estado': 98, 'url': 'Url 9'},
 {'id': 80, 'nombre': 'Nombre 10', 'descripcion': 'Descripcion 10', 'estado': 124, 'url': 'Url 10'}]

last_row _id: 80
read_test: 1



UPDATE TEST
http://localhost:8080/test/api/modulo/80
Response,True,201
Status code: 200


updata original_row: {'id': 80, 'nombre': 'Nombre 10', 'descripcion': 'Descripcion 10', 'estado': 124, 'url': 'Url 10'}
updata last_row: {'id': 80, 'nombre': 'Nombre 0', 'descripcion': 'Descripcion 0', 'estado': 28, 'url': 'Url 0'}
update_test: 1



DELETE TEST
Status code: 200
number_of_rows: 70
Response,True,201
Status code: 200
number_of_rows_after_delete: 69
delete_test: 1
------------------------------



theUrl: http://localhost:8080/test/api/tipo_permiso
Status code: 200
INITIAL NUMBER OF ROWS: 63



CREATE TEST
http://localhost:8080/test/api/tipo_permiso
{"nombre":"Nombre 1"}
Response,True,201
True
http://localhost:8080/test/api/tipo_permiso
{"nombre":"Nombre 2"}
Response,True,201
True
http://localhost:8080/test/api/tipo_permiso
{"nombre":"Nombre 3"}
Response,True,201
True
http://localhost:8080/test/api/tipo_permiso
{"nombre":"Nombre 4"}
Response,True,201
True
http://localhost:8080/test/api/tipo_permiso
{"nombre":"Nombre 5"}
Response,True,201
True
http://localhost:8080/test/api/tipo_permiso
{"nombre":"Nombre 6"}
Response,True,201
True
http://localhost:8080/test/api/tipo_permiso
{"nombre":"Nombre 7"}
Response,True,201
True
http://localhost:8080/test/api/tipo_permiso
{"nombre":"Nombre 8"}
Response,True,201
True
http://localhost:8080/test/api/tipo_permiso
{"nombre":"Nombre 9"}
Response,True,201
True
http://localhost:8080/test/api/tipo_permiso
{"nombre":"Nombre 10"}
Response,True,201
True
Status code: 200


INITIAL NUMBER OF ROWS: 63
CREATE NUMBER OF ROWS AFTER CREATE: 73
create_test: 1



READ TEST
Status code: 200


number_of_rows: 73
[
{'id': 1, 'nombre': 'Nombre 1'},
 {'id': 2, 'nombre': 'Nombre 2'},
 {'id': 3, 'nombre': 'Nombre 3'},
 {'id': 4, 'nombre': 'Nombre 4'},
 {'id': 5, 'nombre': 'Nombre 5'},
 {'id': 6, 'nombre': 'Nombre 6'},
 {'id': 7, 'nombre': 'Nombre 7'},
 {'id': 8, 'nombre': 'Nombre 8'},
 {'id': 9, 'nombre': 'Nombre 9'},
 {'id': 11, 'nombre': 'Nombre 1'},
 {'id': 12, 'nombre': 'Nombre 2'},
 {'id': 13, 'nombre': 'Nombre 3'},
 {'id': 14, 'nombre': 'Nombre 4'},
 {'id': 15, 'nombre': 'Nombre 5'},
 {'id': 16, 'nombre': 'Nombre 6'},
 {'id': 17, 'nombre': 'Nombre 7'},
 {'id': 18, 'nombre': 'Nombre 8'},
 {'id': 19, 'nombre': 'Nombre 9'},
 {'id': 21, 'nombre': 'Nombre 1'},
 {'id': 22, 'nombre': 'Nombre 2'},
 {'id': 23, 'nombre': 'Nombre 3'},
 {'id': 24, 'nombre': 'Nombre 4'},
 {'id': 25, 'nombre': 'Nombre 5'},
 {'id': 26, 'nombre': 'Nombre 6'},
 {'id': 27, 'nombre': 'Nombre 7'},
 {'id': 28, 'nombre': 'Nombre 8'},
 {'id': 29, 'nombre': 'Nombre 9'},
 {'id': 31, 'nombre': 'Nombre 1'},
 {'id': 32, 'nombre': 'Nombre 2'},
 {'id': 33, 'nombre': 'Nombre 3'},
 {'id': 34, 'nombre': 'Nombre 4'},
 {'id': 35, 'nombre': 'Nombre 5'},
 {'id': 36, 'nombre': 'Nombre 6'},
 {'id': 37, 'nombre': 'Nombre 7'},
 {'id': 38, 'nombre': 'Nombre 8'},
 {'id': 39, 'nombre': 'Nombre 9'},
 {'id': 41, 'nombre': 'Nombre 1'},
 {'id': 42, 'nombre': 'Nombre 2'},
 {'id': 43, 'nombre': 'Nombre 3'},
 {'id': 44, 'nombre': 'Nombre 4'},
 {'id': 45, 'nombre': 'Nombre 5'},
 {'id': 46, 'nombre': 'Nombre 6'},
 {'id': 47, 'nombre': 'Nombre 7'},
 {'id': 48, 'nombre': 'Nombre 8'},
 {'id': 49, 'nombre': 'Nombre 9'},
 {'id': 51, 'nombre': 'Nombre 1'},
 {'id': 52, 'nombre': 'Nombre 2'},
 {'id': 53, 'nombre': 'Nombre 3'},
 {'id': 54, 'nombre': 'Nombre 4'},
 {'id': 55, 'nombre': 'Nombre 5'},
 {'id': 56, 'nombre': 'Nombre 6'},
 {'id': 57, 'nombre': 'Nombre 7'},
 {'id': 58, 'nombre': 'Nombre 8'},
 {'id': 59, 'nombre': 'Nombre 9'},
 {'id': 61, 'nombre': 'Nombre 1'},
 {'id': 62, 'nombre': 'Nombre 2'},
 {'id': 63, 'nombre': 'Nombre 3'},
 {'id': 64, 'nombre': 'Nombre 4'},
 {'id': 65, 'nombre': 'Nombre 5'},
 {'id': 66, 'nombre': 'Nombre 6'},
 {'id': 67, 'nombre': 'Nombre 7'},
 {'id': 68, 'nombre': 'Nombre 8'},
 {'id': 69, 'nombre': 'Nombre 9'},
 {'id': 71, 'nombre': 'Nombre 1'},
 {'id': 72, 'nombre': 'Nombre 2'},
 {'id': 73, 'nombre': 'Nombre 3'},
 {'id': 74, 'nombre': 'Nombre 4'},
 {'id': 75, 'nombre': 'Nombre 5'},
 {'id': 76, 'nombre': 'Nombre 6'},
 {'id': 77, 'nombre': 'Nombre 7'},
 {'id': 78, 'nombre': 'Nombre 8'},
 {'id': 79, 'nombre': 'Nombre 9'},
 {'id': 80, 'nombre': 'Nombre 10'}]

last_row _id: 80
read_test: 1



UPDATE TEST
http://localhost:8080/test/api/tipo_permiso/80
Response,True,201
Status code: 200


updata original_row: {'id': 80, 'nombre': 'Nombre 10'}
updata last_row: {'id': 80, 'nombre': 'Nombre 0'}
update_test: 1



DELETE TEST
Status code: 200
number_of_rows: 73
Response,True,201
Status code: 200
number_of_rows_after_delete: 72
delete_test: 1
------------------------------



Status code: 200
Status code: 200
Status code: 200
theUrl: http://localhost:8080/test/api/permisos
Status code: 200
INITIAL NUMBER OF ROWS: 48



CREATE TEST
http://localhost:8080/test/api/permisos
{"perfil":59,"modulo":49,"tipo_permiso":32}
Response,True,201
True
http://localhost:8080/test/api/permisos
{"perfil":116,"modulo":15,"tipo_permiso":66}
Response,True,201
True
http://localhost:8080/test/api/permisos
{"perfil":73,"modulo":25,"tipo_permiso":39}
Response,True,201
True
http://localhost:8080/test/api/permisos
{"perfil":14,"modulo":37,"tipo_permiso":29}
Response,True,201
True
http://localhost:8080/test/api/permisos
{"perfil":116,"modulo":71,"tipo_permiso":34}
Response,True,201
True
http://localhost:8080/test/api/permisos
{"perfil":69,"modulo":1,"tipo_permiso":5}
Response,True,201
True
http://localhost:8080/test/api/permisos
{"perfil":16,"modulo":24,"tipo_permiso":79}
Response,True,201
True
http://localhost:8080/test/api/permisos
{"perfil":88,"modulo":41,"tipo_permiso":25}
Response,True,201
True
http://localhost:8080/test/api/permisos
{"perfil":33,"modulo":39,"tipo_permiso":78}
Response,True,201
True
http://localhost:8080/test/api/permisos
{"perfil":65,"modulo":51,"tipo_permiso":47}
Response,True,201
True
Status code: 200


INITIAL NUMBER OF ROWS: 48
CREATE NUMBER OF ROWS AFTER CREATE: 58
create_test: 1



READ TEST
Status code: 200


number_of_rows: 58
[
{'id': 1, 'perfil': 3, 'modulo': 1, 'tipo_permiso': 4},
 {'id': 2, 'perfil': 1, 'modulo': 5, 'tipo_permiso': 3},
 {'id': 3, 'perfil': 2, 'modulo': 7, 'tipo_permiso': 8},
 {'id': 4, 'perfil': 9, 'modulo': 6, 'tipo_permiso': 6},
 {'id': 5, 'perfil': 4, 'modulo': 2, 'tipo_permiso': 6},
 {'id': 6, 'perfil': 3, 'modulo': 9, 'tipo_permiso': 7},
 {'id': 7, 'perfil': 8, 'modulo': 1, 'tipo_permiso': 2},
 {'id': 11, 'perfil': 6, 'modulo': 3, 'tipo_permiso': 5},
 {'id': 12, 'perfil': 8, 'modulo': 6, 'tipo_permiso': 1},
 {'id': 13, 'perfil': 7, 'modulo': 9, 'tipo_permiso': 7},
 {'id': 15, 'perfil': 1, 'modulo': 4, 'tipo_permiso': 3},
 {'id': 16, 'perfil': 1, 'modulo': 3, 'tipo_permiso': 1},
 {'id': 17, 'perfil': 6, 'modulo': 9, 'tipo_permiso': 6},
 {'id': 18, 'perfil': 4, 'modulo': 1, 'tipo_permiso': 7},
 {'id': 21, 'perfil': 8, 'modulo': 4, 'tipo_permiso': 2},
 {'id': 22, 'perfil': 2, 'modulo': 6, 'tipo_permiso': 7},
 {'id': 23, 'perfil': 7, 'modulo': 1, 'tipo_permiso': 9},
 {'id': 24, 'perfil': 2, 'modulo': 7, 'tipo_permiso': 1},
 {'id': 25, 'perfil': 3, 'modulo': 6, 'tipo_permiso': 4},
 {'id': 26, 'perfil': 5, 'modulo': 9, 'tipo_permiso': 7},
 {'id': 27, 'perfil': 1, 'modulo': 9, 'tipo_permiso': 2},
 {'id': 29, 'perfil': 1, 'modulo': 2, 'tipo_permiso': 1},
 {'id': 31, 'perfil': 6, 'modulo': 1, 'tipo_permiso': 2},
 {'id': 32, 'perfil': 1, 'modulo': 7, 'tipo_permiso': 4},
 {'id': 33, 'perfil': 7, 'modulo': 4, 'tipo_permiso': 1},
 {'id': 34, 'perfil': 1, 'modulo': 1, 'tipo_permiso': 8},
 {'id': 38, 'perfil': 8, 'modulo': 2, 'tipo_permiso': 3},
 {'id': 41, 'perfil': 7, 'modulo': 5, 'tipo_permiso': 8},
 {'id': 42, 'perfil': 1, 'modulo': 1, 'tipo_permiso': 2},
 {'id': 43, 'perfil': 4, 'modulo': 7, 'tipo_permiso': 9},
 {'id': 51, 'perfil': 24, 'modulo': 11, 'tipo_permiso': 21},
 {'id': 52, 'perfil': 48, 'modulo': 56, 'tipo_permiso': 54},
 {'id': 53, 'perfil': 55, 'modulo': 28, 'tipo_permiso': 47},
 {'id': 54, 'perfil': 26, 'modulo': 53, 'tipo_permiso': 9},
 {'id': 55, 'perfil': 106, 'modulo': 53, 'tipo_permiso': 38},
 {'id': 56, 'perfil': 58, 'modulo': 34, 'tipo_permiso': 57},
 {'id': 57, 'perfil': 51, 'modulo': 4, 'tipo_permiso': 55},
 {'id': 58, 'perfil': 73, 'modulo': 13, 'tipo_permiso': 27},
 {'id': 59, 'perfil': 97, 'modulo': 4, 'tipo_permiso': 45},
 {'id': 61, 'perfil': 12, 'modulo': 16, 'tipo_permiso': 29},
 {'id': 62, 'perfil': 44, 'modulo': 2, 'tipo_permiso': 61},
 {'id': 63, 'perfil': 64, 'modulo': 54, 'tipo_permiso': 51},
 {'id': 64, 'perfil': 118, 'modulo': 52, 'tipo_permiso': 41},
 {'id': 65, 'perfil': 101, 'modulo': 11, 'tipo_permiso': 16},
 {'id': 66, 'perfil': 104, 'modulo': 44, 'tipo_permiso': 56},
 {'id': 67, 'perfil': 74, 'modulo': 2, 'tipo_permiso': 55},
 {'id': 68, 'perfil': 102, 'modulo': 14, 'tipo_permiso': 29},
 {'id': 69, 'perfil': 41, 'modulo': 56, 'tipo_permiso': 56},
 {'id': 71, 'perfil': 59, 'modulo': 49, 'tipo_permiso': 32},
 {'id': 72, 'perfil': 116, 'modulo': 15, 'tipo_permiso': 66},
 {'id': 73, 'perfil': 73, 'modulo': 25, 'tipo_permiso': 39},
 {'id': 74, 'perfil': 14, 'modulo': 37, 'tipo_permiso': 29},
 {'id': 75, 'perfil': 116, 'modulo': 71, 'tipo_permiso': 34},
 {'id': 76, 'perfil': 69, 'modulo': 1, 'tipo_permiso': 5},
 {'id': 77, 'perfil': 16, 'modulo': 24, 'tipo_permiso': 79},
 {'id': 78, 'perfil': 88, 'modulo': 41, 'tipo_permiso': 25},
 {'id': 79, 'perfil': 33, 'modulo': 39, 'tipo_permiso': 78},
 {'id': 80, 'perfil': 65, 'modulo': 51, 'tipo_permiso': 47}]

last_row _id: 80
read_test: 1



UPDATE TEST
http://localhost:8080/test/api/permisos/80
Response,True,201
Status code: 200


updata original_row: {'id': 80, 'perfil': 65, 'modulo': 51, 'tipo_permiso': 47}
updata last_row: {'id': 80, 'perfil': 125, 'modulo': 42, 'tipo_permiso': 12}
update_test: 1



DELETE TEST
Status code: 200
number_of_rows: 58
Response,True,201
Status code: 200
number_of_rows_after_delete: 57
delete_test: 1
------------------------------



Status code: 200
theUrl: http://localhost:8080/test/api/panelcontrol
Status code: 200
INITIAL NUMBER OF ROWS: 59



CREATE TEST
http://localhost:8080/test/api/panelcontrol
{"nombre":"Nombre 1","descripcion":"Descripcion 1","estado":19}
Response,True,201
True
http://localhost:8080/test/api/panelcontrol
{"nombre":"Nombre 2","descripcion":"Descripcion 2","estado":67}
Response,True,201
True
http://localhost:8080/test/api/panelcontrol
{"nombre":"Nombre 3","descripcion":"Descripcion 3","estado":59}
Response,True,201
True
http://localhost:8080/test/api/panelcontrol
{"nombre":"Nombre 4","descripcion":"Descripcion 4","estado":21}
Response,True,201
True
http://localhost:8080/test/api/panelcontrol
{"nombre":"Nombre 5","descripcion":"Descripcion 5","estado":42}
Response,True,201
True
http://localhost:8080/test/api/panelcontrol
{"nombre":"Nombre 6","descripcion":"Descripcion 6","estado":13}
Response,True,201
True
http://localhost:8080/test/api/panelcontrol
{"nombre":"Nombre 7","descripcion":"Descripcion 7","estado":102}
Response,True,201
True
http://localhost:8080/test/api/panelcontrol
{"nombre":"Nombre 8","descripcion":"Descripcion 8","estado":3}
Response,True,201
True
http://localhost:8080/test/api/panelcontrol
{"nombre":"Nombre 9","descripcion":"Descripcion 9","estado":21}
Response,True,201
True
http://localhost:8080/test/api/panelcontrol
{"nombre":"Nombre 10","descripcion":"Descripcion 10","estado":105}
Response,True,201
True
Status code: 200


INITIAL NUMBER OF ROWS: 59
CREATE NUMBER OF ROWS AFTER CREATE: 69
create_test: 1



READ TEST
Status code: 200


number_of_rows: 69
[
{'id': 1, 'nombre': 'Nombre 1', 'descripcion': 'Descripcion 1', 'estado': 6},
 {'id': 2, 'nombre': 'Nombre 2', 'descripcion': 'Descripcion 2', 'estado': 6},
 {'id': 3, 'nombre': 'Nombre 3', 'descripcion': 'Descripcion 3', 'estado': 3},
 {'id': 4, 'nombre': 'Nombre 4', 'descripcion': 'Descripcion 4', 'estado': 8},
 {'id': 6, 'nombre': 'Nombre 6', 'descripcion': 'Descripcion 6', 'estado': 9},
 {'id': 7, 'nombre': 'Nombre 7', 'descripcion': 'Descripcion 7', 'estado': 5},
 {'id': 8, 'nombre': 'Nombre 8', 'descripcion': 'Descripcion 8', 'estado': 6},
 {'id': 12, 'nombre': 'Nombre 2', 'descripcion': 'Descripcion 2', 'estado': 6},
 {'id': 13, 'nombre': 'Nombre 3', 'descripcion': 'Descripcion 3', 'estado': 5},
 {'id': 14, 'nombre': 'Nombre 4', 'descripcion': 'Descripcion 4', 'estado': 2},
 {'id': 15, 'nombre': 'Nombre 5', 'descripcion': 'Descripcion 5', 'estado': 6},
 {'id': 16, 'nombre': 'Nombre 6', 'descripcion': 'Descripcion 6', 'estado': 3},
 {'id': 17, 'nombre': 'Nombre 7', 'descripcion': 'Descripcion 7', 'estado': 5},
 {'id': 18, 'nombre': 'Nombre 8', 'descripcion': 'Descripcion 8', 'estado': 2},
 {'id': 19, 'nombre': 'Nombre 9', 'descripcion': 'Descripcion 9', 'estado': 2},
 {'id': 21, 'nombre': 'Nombre 1', 'descripcion': 'Descripcion 1', 'estado': 6},
 {'id': 22, 'nombre': 'Nombre 2', 'descripcion': 'Descripcion 2', 'estado': 5},
 {'id': 23, 'nombre': 'Nombre 3', 'descripcion': 'Descripcion 3', 'estado': 2},
 {'id': 24, 'nombre': 'Nombre 4', 'descripcion': 'Descripcion 4', 'estado': 6},
 {'id': 25, 'nombre': 'Nombre 5', 'descripcion': 'Descripcion 5', 'estado': 2},
 {'id': 26, 'nombre': 'Nombre 6', 'descripcion': 'Descripcion 6', 'estado': 9},
 {'id': 27, 'nombre': 'Nombre 7', 'descripcion': 'Descripcion 7', 'estado': 5},
 {'id': 28, 'nombre': 'Nombre 8', 'descripcion': 'Descripcion 8', 'estado': 9},
 {'id': 29, 'nombre': 'Nombre 9', 'descripcion': 'Descripcion 9', 'estado': 3},
 {'id': 31, 'nombre': 'Nombre 1', 'descripcion': 'Descripcion 1', 'estado': 5},
 {'id': 32, 'nombre': 'Nombre 2', 'descripcion': 'Descripcion 2', 'estado': 6},
 {'id': 33, 'nombre': 'Nombre 3', 'descripcion': 'Descripcion 3', 'estado': 6},
 {'id': 34, 'nombre': 'Nombre 4', 'descripcion': 'Descripcion 4', 'estado': 7},
 {'id': 35, 'nombre': 'Nombre 5', 'descripcion': 'Descripcion 5', 'estado': 6},
 {'id': 36, 'nombre': 'Nombre 6', 'descripcion': 'Descripcion 6', 'estado': 7},
 {'id': 37, 'nombre': 'Nombre 7', 'descripcion': 'Descripcion 7', 'estado': 1},
 {'id': 38, 'nombre': 'Nombre 8', 'descripcion': 'Descripcion 8', 'estado': 2},
 {'id': 41, 'nombre': 'Nombre 1', 'descripcion': 'Descripcion 1', 'estado': 8},
 {'id': 42, 'nombre': 'Nombre 2', 'descripcion': 'Descripcion 2', 'estado': 2},
 {'id': 43, 'nombre': 'Nombre 3', 'descripcion': 'Descripcion 3', 'estado': 6},
 {'id': 44, 'nombre': 'Nombre 4', 'descripcion': 'Descripcion 4', 'estado': 6},
 {'id': 45, 'nombre': 'Nombre 5', 'descripcion': 'Descripcion 5', 'estado': 2},
 {'id': 46, 'nombre': 'Nombre 6', 'descripcion': 'Descripcion 6', 'estado': 6},
 {'id': 47, 'nombre': 'Nombre 7', 'descripcion': 'Descripcion 7', 'estado': 7},
 {'id': 48, 'nombre': 'Nombre 8', 'descripcion': 'Descripcion 8', 'estado': 7},
 {'id': 49, 'nombre': 'Nombre 9', 'descripcion': 'Descripcion 9', 'estado': 7},
 {'id': 51, 'nombre': 'Nombre 1', 'descripcion': 'Descripcion 1', 'estado': 76},
 {'id': 52, 'nombre': 'Nombre 2', 'descripcion': 'Descripcion 2', 'estado': 84},
 {'id': 53, 'nombre': 'Nombre 3', 'descripcion': 'Descripcion 3', 'estado': 11},
 {'id': 54, 'nombre': 'Nombre 4', 'descripcion': 'Descripcion 4', 'estado': 57},
 {'id': 55, 'nombre': 'Nombre 5', 'descripcion': 'Descripcion 5', 'estado': 26},
 {'id': 56, 'nombre': 'Nombre 6', 'descripcion': 'Descripcion 6', 'estado': 12},
 {'id': 57, 'nombre': 'Nombre 7', 'descripcion': 'Descripcion 7', 'estado': 53},
 {'id': 58, 'nombre': 'Nombre 8', 'descripcion': 'Descripcion 8', 'estado': 53},
 {'id': 59, 'nombre': 'Nombre 9', 'descripcion': 'Descripcion 9', 'estado': 107},
 {'id': 61, 'nombre': 'Nombre 1', 'descripcion': 'Descripcion 1', 'estado': 13},
 {'id': 62, 'nombre': 'Nombre 2', 'descripcion': 'Descripcion 2', 'estado': 8},
 {'id': 63, 'nombre': 'Nombre 3', 'descripcion': 'Descripcion 3', 'estado': 29},
 {'id': 64, 'nombre': 'Nombre 4', 'descripcion': 'Descripcion 4', 'estado': 36},
 {'id': 65, 'nombre': 'Nombre 5', 'descripcion': 'Descripcion 5', 'estado': 25},
 {'id': 66, 'nombre': 'Nombre 6', 'descripcion': 'Descripcion 6', 'estado': 109},
 {'id': 67, 'nombre': 'Nombre 7', 'descripcion': 'Descripcion 7', 'estado': 6},
 {'id': 68, 'nombre': 'Nombre 8', 'descripcion': 'Descripcion 8', 'estado': 106},
 {'id': 69, 'nombre': 'Nombre 9', 'descripcion': 'Descripcion 9', 'estado': 85},
 {'id': 71, 'nombre': 'Nombre 1', 'descripcion': 'Descripcion 1', 'estado': 19},
 {'id': 72, 'nombre': 'Nombre 2', 'descripcion': 'Descripcion 2', 'estado': 67},
 {'id': 73, 'nombre': 'Nombre 3', 'descripcion': 'Descripcion 3', 'estado': 59},
 {'id': 74, 'nombre': 'Nombre 4', 'descripcion': 'Descripcion 4', 'estado': 21},
 {'id': 75, 'nombre': 'Nombre 5', 'descripcion': 'Descripcion 5', 'estado': 42},
 {'id': 76, 'nombre': 'Nombre 6', 'descripcion': 'Descripcion 6', 'estado': 13},
 {'id': 77, 'nombre': 'Nombre 7', 'descripcion': 'Descripcion 7', 'estado': 102},
 {'id': 78, 'nombre': 'Nombre 8', 'descripcion': 'Descripcion 8', 'estado': 3},
 {'id': 79, 'nombre': 'Nombre 9', 'descripcion': 'Descripcion 9', 'estado': 21},
 {'id': 80, 'nombre': 'Nombre 10', 'descripcion': 'Descripcion 10', 'estado': 105}]

last_row _id: 80
read_test: 1



UPDATE TEST
http://localhost:8080/test/api/panelcontrol/80
Response,True,201
Status code: 200


updata original_row: {'id': 80, 'nombre': 'Nombre 10', 'descripcion': 'Descripcion 10', 'estado': 105}
updata last_row: {'id': 80, 'nombre': 'Nombre 0', 'descripcion': 'Descripcion 0', 'estado': 31}
update_test: 1



DELETE TEST
Status code: 200
number_of_rows: 69
Response,True,201
Status code: 200
number_of_rows_after_delete: 68
delete_test: 1
------------------------------



theUrl: http://localhost:8080/test/api/panelcontrol_menu
Status code: 200
INITIAL NUMBER OF ROWS: 63



CREATE TEST
http://localhost:8080/test/api/panelcontrol_menu
{"nombre":"Nombre 1"}
Response,True,201
True
http://localhost:8080/test/api/panelcontrol_menu
{"nombre":"Nombre 2"}
Response,True,201
True
http://localhost:8080/test/api/panelcontrol_menu
{"nombre":"Nombre 3"}
Response,True,201
True
http://localhost:8080/test/api/panelcontrol_menu
{"nombre":"Nombre 4"}
Response,True,201
True
http://localhost:8080/test/api/panelcontrol_menu
{"nombre":"Nombre 5"}
Response,True,201
True
http://localhost:8080/test/api/panelcontrol_menu
{"nombre":"Nombre 6"}
Response,True,201
True
http://localhost:8080/test/api/panelcontrol_menu
{"nombre":"Nombre 7"}
Response,True,201
True
http://localhost:8080/test/api/panelcontrol_menu
{"nombre":"Nombre 8"}
Response,True,201
True
http://localhost:8080/test/api/panelcontrol_menu
{"nombre":"Nombre 9"}
Response,True,201
True
http://localhost:8080/test/api/panelcontrol_menu
{"nombre":"Nombre 10"}
Response,True,201
True
Status code: 200


INITIAL NUMBER OF ROWS: 63
CREATE NUMBER OF ROWS AFTER CREATE: 73
create_test: 1



READ TEST
Status code: 200


number_of_rows: 73
[
{'id': 1, 'nombre': 'Nombre 1'},
 {'id': 2, 'nombre': 'Nombre 2'},
 {'id': 3, 'nombre': 'Nombre 3'},
 {'id': 4, 'nombre': 'Nombre 4'},
 {'id': 5, 'nombre': 'Nombre 5'},
 {'id': 6, 'nombre': 'Nombre 6'},
 {'id': 7, 'nombre': 'Nombre 7'},
 {'id': 8, 'nombre': 'Nombre 8'},
 {'id': 9, 'nombre': 'Nombre 9'},
 {'id': 11, 'nombre': 'Nombre 1'},
 {'id': 12, 'nombre': 'Nombre 2'},
 {'id': 13, 'nombre': 'Nombre 3'},
 {'id': 14, 'nombre': 'Nombre 4'},
 {'id': 15, 'nombre': 'Nombre 5'},
 {'id': 16, 'nombre': 'Nombre 6'},
 {'id': 17, 'nombre': 'Nombre 7'},
 {'id': 18, 'nombre': 'Nombre 8'},
 {'id': 19, 'nombre': 'Nombre 9'},
 {'id': 21, 'nombre': 'Nombre 1'},
 {'id': 22, 'nombre': 'Nombre 2'},
 {'id': 23, 'nombre': 'Nombre 3'},
 {'id': 24, 'nombre': 'Nombre 4'},
 {'id': 25, 'nombre': 'Nombre 5'},
 {'id': 26, 'nombre': 'Nombre 6'},
 {'id': 27, 'nombre': 'Nombre 7'},
 {'id': 28, 'nombre': 'Nombre 8'},
 {'id': 29, 'nombre': 'Nombre 9'},
 {'id': 31, 'nombre': 'Nombre 1'},
 {'id': 32, 'nombre': 'Nombre 2'},
 {'id': 33, 'nombre': 'Nombre 3'},
 {'id': 34, 'nombre': 'Nombre 4'},
 {'id': 35, 'nombre': 'Nombre 5'},
 {'id': 36, 'nombre': 'Nombre 6'},
 {'id': 37, 'nombre': 'Nombre 7'},
 {'id': 38, 'nombre': 'Nombre 8'},
 {'id': 39, 'nombre': 'Nombre 9'},
 {'id': 41, 'nombre': 'Nombre 1'},
 {'id': 42, 'nombre': 'Nombre 2'},
 {'id': 43, 'nombre': 'Nombre 3'},
 {'id': 44, 'nombre': 'Nombre 4'},
 {'id': 45, 'nombre': 'Nombre 5'},
 {'id': 46, 'nombre': 'Nombre 6'},
 {'id': 47, 'nombre': 'Nombre 7'},
 {'id': 48, 'nombre': 'Nombre 8'},
 {'id': 49, 'nombre': 'Nombre 9'},
 {'id': 51, 'nombre': 'Nombre 1'},
 {'id': 52, 'nombre': 'Nombre 2'},
 {'id': 53, 'nombre': 'Nombre 3'},
 {'id': 54, 'nombre': 'Nombre 4'},
 {'id': 55, 'nombre': 'Nombre 5'},
 {'id': 56, 'nombre': 'Nombre 6'},
 {'id': 57, 'nombre': 'Nombre 7'},
 {'id': 58, 'nombre': 'Nombre 8'},
 {'id': 59, 'nombre': 'Nombre 9'},
 {'id': 61, 'nombre': 'Nombre 1'},
 {'id': 62, 'nombre': 'Nombre 2'},
 {'id': 63, 'nombre': 'Nombre 3'},
 {'id': 64, 'nombre': 'Nombre 4'},
 {'id': 65, 'nombre': 'Nombre 5'},
 {'id': 66, 'nombre': 'Nombre 6'},
 {'id': 67, 'nombre': 'Nombre 7'},
 {'id': 68, 'nombre': 'Nombre 8'},
 {'id': 69, 'nombre': 'Nombre 9'},
 {'id': 71, 'nombre': 'Nombre 1'},
 {'id': 72, 'nombre': 'Nombre 2'},
 {'id': 73, 'nombre': 'Nombre 3'},
 {'id': 74, 'nombre': 'Nombre 4'},
 {'id': 75, 'nombre': 'Nombre 5'},
 {'id': 76, 'nombre': 'Nombre 6'},
 {'id': 77, 'nombre': 'Nombre 7'},
 {'id': 78, 'nombre': 'Nombre 8'},
 {'id': 79, 'nombre': 'Nombre 9'},
 {'id': 80, 'nombre': 'Nombre 10'}]

last_row _id: 80
read_test: 1



UPDATE TEST
http://localhost:8080/test/api/panelcontrol_menu/80
Response,True,201
Status code: 200


updata original_row: {'id': 80, 'nombre': 'Nombre 10'}
updata last_row: {'id': 80, 'nombre': 'Nombre 0'}
update_test: 1



DELETE TEST
Status code: 200
number_of_rows: 73
Response,True,201
Status code: 200
number_of_rows_after_delete: 72
delete_test: 1
------------------------------



number_of_classes: 17
create_test_pass: 17
read_test_pass: 17
update_test_pass: 17
delete_test_pass: 17
